# HV LOG FORMAT RELEASE 1.0
#
# BEGIN COMMAND LINE ARGUMENTS
#
D:/Cloud/OneDrive - UNIVERSITAS INDONESIA/[DANU]/MyFiles/[SOFTWARE]/geopsypack-win64-3.5.2/geopsypack-win64-3.5.2/bin/geopsy.exe  $*
exit $?
#
# END COMMAND LINE ARGUMENTS
#
#
# BEGIN SOFTWARE VERSION
#
  Qt                  6.5.2
  QGpCoreTools        2.5.0 from 3.5.2
      (commit 8e7f9523665497a6e0787d4f623634cee8957aff)
  QGpCoreMath         1.5.2 from 3.5.2
      (commit 45a832cd27865662e9e0c63081f3a1d32999f668)
  GeopsyCore          4.5.1 from 3.5.2
      (commit e32288e5b456ea5f2c7ed80d7f3238414692b3e4)
  QGpGuiTools         2.5.0 from 3.5.2
      (commit dd46b2456fe37b3e090e1ab3cec07542a51228a5)
  SciFigs             3.4.1 from 3.5.2
      (commit d9059f148fd7373f6e5e08322d3d212c98efa1d7)
  QGpGuiMath          1.4.0 from 3.5.2
      (commit 01d498dc90602f5e30e43ed6a16a660c70a0d2aa)
  GeopsyGui           3.5.0 from 3.5.2
      (commit c81d772d484fd4bc83908f5c25c8681405d99aac)
  GeopsySLink         2.1.0 from 3.5.2
      (commit 25c6c74090bb522f466c221ae5436774b79e06fb)
  GeopsySLinkGui      2.0.3 from 3.5.2
      (commit a41e443c12241597cebcf02d3646eb1409d7df80)
  geopsy              3.4.0 from 3.5.2
      (commit 4653563244c5f99ae287e46a6f755687b1a08a49)
  geopsyfigs          1.0.2 from 3.5.2
      (commit c634e2e145800675c35f99c9f2016dad12dde7a9)
  campbelltob3        1.0.2 from 3.5.2
      (commit 305fa22c3976f73387543b8e4880152ff57d33fb)
  DinverCore          1.4.0 from 3.5.2
      (commit 2c5867d8a3d3afc8b55dab6683c45e857f3f1206)
  QGpCoreWave         2.3.0 from 3.5.2
      (commit 5f8fb775da4b2ffe1d609b5d5eea1540b835f8af)
  QGpCompatibility    1.2.0 from 3.5.2
      (commit a43f1ead0e7e26355ad8661e59feda87db583379)
  DinverDCCore        2.3.0 from 3.5.2
      (commit dd36cd8af8c63c8dba6be1f3ab842ea7535433f4)
  QGpCoreStat         1.3.0 from 3.5.2
      (commit e9187dc7eb30087d0c28114d969e7cc341f348c4)
  ArrayCore           4.2.1 from 3.5.2
      (commit bced9454c16a9fc3eb0bc5b744a49991f6dca7a2)
  QGpGuiWave          1.3.0 from 3.5.2
      (commit 22916617b90f55989ffb59cd21312bc7ba38bcd3)
  ArrayGui            1.4.0 from 3.5.2
      (commit c735d1d26af99196b6becdadd34801e81bc42409)
  geopsyarray         3.3.1 from 3.5.2
      (commit a38e660189576dccf9cd1154f04faf3bdcfa55d5)
  geopsydamping       2.1.4 from 3.5.2
      (commit 78e000f8ef6e721e79a5375710ae8982828e16c8)
  HVCore              1.2.0 from 3.5.2
      (commit 4ca5ee46175a87a9a7fa60bd11d602b9920c875e)
  HVGui               1.2.0 from 3.5.2
      (commit b4d37a83716e9c7b740abc0c6a7d1561074ce986)
  geopsyhv            4.0.4 from 3.5.2
      (commit ec71ec24ab953dfd059e1b5c68d114259a208c4a)
  geopsynr            1.1.2 from 3.5.2
      (commit 2aa2630f17e95f770bd7dc9968b6b885e8aa2d41)
  geopsyptmotion      2.0.4 from 3.5.2
      (commit f9889e458845b182f26c61b6a256e8a1478de26b)
  geopsyrefra         2.0.3 from 3.5.2
      (commit 5a89d12d1a08b0efa50415814c3b456903b542e4)
  geopsytfa           2.1.2 from 3.5.2
      (commit 1ba23d15f70cd66f3fe1851cc1a992e9d542ab3c)
  hvtfa               2.1.4 from 3.5.2
      (commit ca8f1b1cc8da451d92a4c95eb80e75162b6b1d1c)
  matfiles            1.0.4 from 3.5.2
      (commit 53d1ee979a42e4409603f4f4c1a4a42cc1a9e162)
  phaseit             1.0.3 from 3.5.2
      (commit 79a2e81ead59b0de0d7a659fdabfb9541dda77a2)
#
# END SOFTWARE VERSION
#
#
# BEGIN SIGNAL LIST
#
[COMP 0]
 [SIG 0] D:/Kulon Progo 2025/Seismik Pasif/processing/1_merge mseed/Merged data/A3_merge3comps.mseed at index 2
[COMP 1]
 [SIG 0] D:/Kulon Progo 2025/Seismik Pasif/processing/1_merge mseed/Merged data/A3_merge3comps.mseed at index 1
[COMP 2]
 [SIG 0] D:/Kulon Progo 2025/Seismik Pasif/processing/1_merge mseed/Merged data/A3_merge3comps.mseed at index 0
#
# END SIGNAL LIST
#
#
# BEGIN PARAMETERS
#
# Version 0: all files generated with releases before 20170901 (default for input)
PARAMETERS_VERSION=1
# TYPEs:
#   - Signal: from the start or to the end of signal (TEXT are useless)
#   - Delta: a fixed duration counted from the start or the end (e.g. TEXT=1h).
#   - Pick: from or to a time pick (TEXT=time pick name).
#   - Absolute: from or to a fixed time (e.g. TEXT=20170314115338.00)
FROM_TIME_TYPE=Signal
FROM_TIME_TEXT=0s
# TYPEs: Signal, Delta, Absolute
TO_TIME_TYPE=Signal
TO_TIME_TEXT=0s
REFERENCE=
COMMON_TIME_WINDOWS=false
# TYPEs: Exactly, AtLeast, FrequencyDependent
WINDOW_LENGTH_TYPE=Exactly
WINDOW_MIN_LENGTH(s)=10
WINDOW_MAX_LENGTH(s)=10
WINDOW_MAX_COUNT=0
# Length of time windows are adjusted to avoid a prime number of samples which
# slows down the FFT computation. Usually a maximum prime of 11 in the prime factorization
# of the number of samples is a good compromise between the speed and the lenght inaccuracy
# Leave as zero to allow any prime number factorization.
WINDOW_MAXIMUM_PRIME_FACTOR=11
BAD_SAMPLE_TOLERANCE (s)=0
BAD_SAMPLE_GAP (s)=0
WINDOW_OVERLAP (%)=0
# TYPEs: NoSampleThreshold, RelativeSampleThreshold, AbsoluteSampleThreshold
BAD_SAMPLE_THRESHOLD_TYPE=NoSampleThreshold
ANTI-TRIGGERING_ON_RAW_SIGNAL (y/n)=y
USED_RAW_COMPONENTS=y, y, y
RAW_STA (s)=1
RAW_LTA (s)=30
RAW_MIN_SLTA=0.2
RAW_MAX_SLTA=2
ANTI-TRIGGERING_ON_FILTERED_SIGNAL (y/n)=n
# Start a time window for each seismic event available inside the time range.
SEISMIC_EVENT_TRIGGER (y/n)=n
SEISMIC_EVENT_DELAY (s)=-0.1
WINDOW_TYPE=Cosine
WINDOW_REVERSED=n
SMOOTHING_METHOD=Function
SMOOTHING_WIDTH_TYPE=Proportional
SMOOTHING_WIDTH=0.9
# Describes the way values are summed: on a linear, log or inverse scale
SMOOTHING_SCALE_TYPE=Linear
SMOOTHING_WINDOW_TYPE=Cosine
SMOOTHING_WINDOW_REVERSED=n
MINIMUM_FREQUENCY=0.1
MAXIMUM_FREQUENCY=20
# Either 'Linear', 'Log' or 'Inverse'
SCALE_TYPE_FREQUENCY=Log
# Number of samples is either set to a fixed value ('Count') or through a step between samples ('Step')'
STEP_TYPE_FREQUENCY=Step
SAMPLES_NUMBER_FREQUENCY=215
# STEP=difference between two successive samples for 'linear' scales
# STEP=ratio between two successive samples for 'log' scales
# STEP=difference between two successive inverse samples for 'inverse' scales
STEP_FREQUENCY=1.025
# Required when using short time windows when the number of frequency samples
# is higher than the number of points in the spectra.
OVER_SAMPLING_FACTOR=1
HIGH_PASS_FREQUENCY=0
# Possible values for HORIZONTAL_COMPONENTS: Squared, Energy, Azimuth, Geometric
HORIZONTAL_COMPONENTS=Squared
# HORIZONTAL_AZIMUTH is used only when HORIZONTAL_COMPONENTS==Azimuth
HORIZONTAL_AZIMUTH=0
# Used only for rotated output
ROTATION_STEP=10
# Frequency domain window rejection (Cox et al. (2020, GJI)
FREQUENCY_WINDOW_REJECTION_MINIMUM_FREQUENCY=0.1
FREQUENCY_WINDOW_REJECTION_MAXIMUM_FREQUENCY=50
FREQUENCY_WINDOW_REJECTION_STDDEV_FACTOR=2
FREQUENCY_WINDOW_REJECTION_MAXIMUM_ITERATIONS=50
#
# END PARAMETERS
#
#
# BEGIN WINDOWING LOG
#
Automatic windowing
Remove windows in range [2025-04-11 08:17:16.064563, 2025-04-11 08:19:10.750275]
Remove windows in range [2025-04-11 08:22:40.176357, 2025-04-11 08:23:00.121698]
Remove windows in range [2025-04-11 08:28:36.699330, 2025-04-11 08:30:18.919203]
Remove windows in range [2025-04-11 08:41:57.006143, 2025-04-11 08:42:34.403658]
Remove windows in range [2025-04-11 08:36:39.127269, 2025-04-11 08:37:31.483789]
Remove windows in range [2025-04-11 08:34:54.414228, 2025-04-11 08:35:21.839072]
Remove windows in range [2025-04-11 08:30:26.648023, 2025-04-11 08:31:11.525040]
Remove windows in range [2025-04-11 09:14:28.907092, 2025-04-11 09:15:03.811439]
#
# END WINDOWING LOG
#
#
# BEGIN WINDOW LIST
#
# Number= 502
# Start time 	 End Time 	 Window length
20250411075347.682500	20250411075357.682500	10
20250411075357.683000	20250411075407.683000	10
20250411075425.570000	20250411075435.570000	10
20250411075435.570500	20250411075445.570500	10
20250411075445.571000	20250411075455.571000	10
20250411075455.571500	20250411075505.571500	10
20250411075505.572000	20250411075515.572000	10
20250411075515.572500	20250411075525.572500	10
20250411075525.573000	20250411075535.573000	10
20250411075535.573500	20250411075545.573500	10
20250411075545.574000	20250411075555.574000	10
20250411075555.574500	20250411075605.574500	10
20250411075620.649000	20250411075630.649000	10
20250411075630.649500	20250411075640.649500	10
20250411075724.068000	20250411075734.068000	10
20250411075734.068500	20250411075744.068500	10
20250411075807.987500	20250411075817.987500	10
20250411075820.740500	20250411075830.740500	10
20250411075830.741000	20250411075840.741000	10
20250411075857.921500	20250411075907.921500	10
20250411075907.922000	20250411075917.922000	10
20250411075917.922500	20250411075927.922500	10
20250411075927.923000	20250411075937.923000	10
20250411075937.923500	20250411075947.923500	10
20250411075947.924000	20250411075957.924000	10
20250411080049.376500	20250411080059.376500	10
20250411080139.795000	20250411080149.795000	10
20250411080149.795500	20250411080159.795500	10
20250411080238.668000	20250411080248.668000	10
20250411080248.668500	20250411080258.668500	10
20250411080307.938000	20250411080317.938000	10
20250411080317.938500	20250411080327.938500	10
20250411080327.939000	20250411080337.939000	10
20250411080337.939500	20250411080347.939500	10
20250411080347.940000	20250411080357.940000	10
20250411080357.940500	20250411080407.940500	10
20250411080407.941000	20250411080417.941000	10
20250411080417.941500	20250411080427.941500	10
20250411080427.942000	20250411080437.942000	10
20250411080441.691000	20250411080451.691000	10
20250411080451.691500	20250411080501.691500	10
20250411080634.995500	20250411080644.995500	10
20250411080644.996000	20250411080654.996000	10
20250411080654.996500	20250411080704.996500	10
20250411080704.997000	20250411080714.997000	10
20250411080714.997500	20250411080724.997500	10
20250411080724.998000	20250411080734.998000	10
20250411080734.998500	20250411080744.998500	10
20250411080750.842500	20250411080800.842500	10
20250411080800.843000	20250411080810.843000	10
20250411080929.606500	20250411080939.606500	10
20250411080939.607000	20250411080949.607000	10
20250411080949.607500	20250411080959.607500	10
20250411081014.769000	20250411081024.769000	10
20250411081033.704500	20250411081043.704500	10
20250411081128.450500	20250411081138.450500	10
20250411081138.451000	20250411081148.451000	10
20250411081148.451500	20250411081158.451500	10
20250411081158.452000	20250411081208.452000	10
20250411081208.452500	20250411081218.452500	10
20250411081218.453000	20250411081228.453000	10
20250411081234.448500	20250411081244.448500	10
20250411081244.449000	20250411081254.449000	10
20250411081254.449500	20250411081304.449500	10
20250411081304.450000	20250411081314.450000	10
20250411081314.450500	20250411081324.450500	10
20250411081324.451000	20250411081334.451000	10
20250411081334.451500	20250411081344.451500	10
20250411081344.452000	20250411081354.452000	10
20250411081354.452500	20250411081404.452500	10
20250411081408.453000	20250411081418.453000	10
20250411081418.453500	20250411081428.453500	10
20250411081444.518500	20250411081454.518500	10
20250411081454.519000	20250411081504.519000	10
20250411081504.519500	20250411081514.519500	10
20250411081514.520000	20250411081524.520000	10
20250411081524.520500	20250411081534.520500	10
20250411081534.521000	20250411081544.521000	10
20250411081544.521500	20250411081554.521500	10
20250411081554.522000	20250411081604.522000	10
20250411081604.522500	20250411081614.522500	10
20250411081614.523000	20250411081624.523000	10
20250411081624.523500	20250411081634.523500	10
20250411081634.524000	20250411081644.524000	10
20250411081644.524500	20250411081654.524500	10
20250411081923.200000	20250411081933.200000	10
20250411081933.200500	20250411081943.200500	10
20250411081943.201000	20250411081953.201000	10
20250411082001.998000	20250411082011.998000	10
20250411082011.998500	20250411082021.998500	10
20250411082021.999000	20250411082031.999000	10
20250411082031.999500	20250411082041.999500	10
20250411082049.557500	20250411082059.557500	10
20250411082059.558000	20250411082109.558000	10
20250411082116.859500	20250411082126.859500	10
20250411082126.860000	20250411082136.860000	10
20250411082136.860500	20250411082146.860500	10
20250411082146.861000	20250411082156.861000	10
20250411082156.861500	20250411082206.861500	10
20250411082313.137500	20250411082323.137500	10
20250411082326.802500	20250411082336.802500	10
20250411082336.803000	20250411082346.803000	10
20250411082359.962500	20250411082409.962500	10
20250411082418.346000	20250411082428.346000	10
20250411082428.346500	20250411082438.346500	10
20250411082438.347000	20250411082448.347000	10
20250411082448.347500	20250411082458.347500	10
20250411082458.348000	20250411082508.348000	10
20250411082508.348500	20250411082518.348500	10
20250411082518.349000	20250411082528.349000	10
20250411082528.349500	20250411082538.349500	10
20250411082556.547500	20250411082606.547500	10
20250411082606.548000	20250411082616.548000	10
20250411082626.361000	20250411082636.361000	10
20250411082636.361500	20250411082646.361500	10
20250411082654.644000	20250411082704.644000	10
20250411082704.644500	20250411082714.644500	10
20250411082718.972500	20250411082728.972500	10
20250411082728.973000	20250411082738.973000	10
20250411082748.889000	20250411082758.889000	10
20250411082758.889500	20250411082808.889500	10
20250411083113.049000	20250411083123.049000	10
20250411083123.049500	20250411083133.049500	10
20250411083133.050000	20250411083143.050000	10
20250411083143.050500	20250411083153.050500	10
20250411083202.822500	20250411083212.822500	10
20250411083212.823000	20250411083222.823000	10
20250411083222.823500	20250411083232.823500	10
20250411083232.824000	20250411083242.824000	10
20250411083242.824500	20250411083252.824500	10
20250411083252.825000	20250411083302.825000	10
20250411083302.825500	20250411083312.825500	10
20250411083312.826000	20250411083322.826000	10
20250411083322.826500	20250411083332.826500	10
20250411083332.827000	20250411083342.827000	10
20250411083356.202500	20250411083406.202500	10
20250411083406.203000	20250411083416.203000	10
20250411083416.203500	20250411083426.203500	10
20250411083434.750000	20250411083444.750000	10
20250411083526.962500	20250411083536.962500	10
20250411083536.963000	20250411083546.963000	10
20250411083554.391000	20250411083604.391000	10
20250411083604.391500	20250411083614.391500	10
20250411083614.392000	20250411083624.392000	10
20250411083624.392500	20250411083634.392500	10
20250411083744.421000	20250411083754.421000	10
20250411083754.421500	20250411083804.421500	10
20250411083808.460500	20250411083818.460500	10
20250411083818.461000	20250411083828.461000	10
20250411083828.461500	20250411083838.461500	10
20250411083846.073000	20250411083856.073000	10
20250411083856.073500	20250411083906.073500	10
20250411083912.016000	20250411083922.016000	10
20250411083922.016500	20250411083932.016500	10
20250411083939.044000	20250411083949.044000	10
20250411083949.044500	20250411083959.044500	10
20250411083959.045000	20250411084009.045000	10
20250411084009.045500	20250411084019.045500	10
20250411084019.046000	20250411084029.046000	10
20250411084038.597500	20250411084048.597500	10
20250411084055.892500	20250411084105.892500	10
20250411084109.130500	20250411084119.130500	10
20250411084123.932000	20250411084133.932000	10
20250411084133.932500	20250411084143.932500	10
20250411084143.933000	20250411084153.933000	10
20250411084238.694000	20250411084248.694000	10
20250411084248.694500	20250411084258.694500	10
20250411084258.695000	20250411084308.695000	10
20250411084308.695500	20250411084318.695500	10
20250411084318.696000	20250411084328.696000	10
20250411084328.696500	20250411084338.696500	10
20250411084338.697000	20250411084348.697000	10
20250411084348.697500	20250411084358.697500	10
20250411084358.698000	20250411084408.698000	10
20250411084408.698500	20250411084418.698500	10
20250411084418.699000	20250411084428.699000	10
20250411084428.699500	20250411084438.699500	10
20250411084438.700000	20250411084448.700000	10
20250411084509.118500	20250411084519.118500	10
20250411084519.119000	20250411084529.119000	10
20250411084529.119500	20250411084539.119500	10
20250411084539.120000	20250411084549.120000	10
20250411084549.120500	20250411084559.120500	10
20250411084559.121000	20250411084609.121000	10
20250411084609.121500	20250411084619.121500	10
20250411084701.466000	20250411084711.466000	10
20250411084711.466500	20250411084721.466500	10
20250411084721.467000	20250411084731.467000	10
20250411084731.467500	20250411084741.467500	10
20250411084749.095000	20250411084759.095000	10
20250411084759.095500	20250411084809.095500	10
20250411084815.114500	20250411084825.114500	10
20250411084825.115000	20250411084835.115000	10
20250411084835.115500	20250411084845.115500	10
20250411084845.116000	20250411084855.116000	10
20250411084855.116500	20250411084905.116500	10
20250411084905.117000	20250411084915.117000	10
20250411084915.117500	20250411084925.117500	10
20250411084925.118000	20250411084935.118000	10
20250411084935.118500	20250411084945.118500	10
20250411085017.913000	20250411085027.913000	10
20250411085027.913500	20250411085037.913500	10
20250411085037.914000	20250411085047.914000	10
20250411085047.914500	20250411085057.914500	10
20250411085112.024000	20250411085122.024000	10
20250411085122.024500	20250411085132.024500	10
20250411085132.025000	20250411085142.025000	10
20250411085142.025500	20250411085152.025500	10
20250411085153.468000	20250411085203.468000	10
20250411085203.468500	20250411085213.468500	10
20250411085213.469000	20250411085223.469000	10
20250411085223.469500	20250411085233.469500	10
20250411085233.470000	20250411085243.470000	10
20250411085243.470500	20250411085253.470500	10
20250411085253.471000	20250411085303.471000	10
20250411085303.471500	20250411085313.471500	10
20250411085313.472000	20250411085323.472000	10
20250411085323.472500	20250411085333.472500	10
20250411085333.473000	20250411085343.473000	10
20250411085343.473500	20250411085353.473500	10
20250411085408.614000	20250411085418.614000	10
20250411085418.614500	20250411085428.614500	10
20250411085428.615000	20250411085438.615000	10
20250411085438.615500	20250411085448.615500	10
20250411085448.616000	20250411085458.616000	10
20250411085458.616500	20250411085508.616500	10
20250411085508.617000	20250411085518.617000	10
20250411085518.617500	20250411085528.617500	10
20250411085528.618000	20250411085538.618000	10
20250411085538.618500	20250411085548.618500	10
20250411085548.619000	20250411085558.619000	10
20250411085558.619500	20250411085608.619500	10
20250411085608.620000	20250411085618.620000	10
20250411085628.787500	20250411085638.787500	10
20250411085638.788000	20250411085648.788000	10
20250411085648.788500	20250411085658.788500	10
20250411085658.789000	20250411085708.789000	10
20250411085708.789500	20250411085718.789500	10
20250411085718.790000	20250411085728.790000	10
20250411085728.790500	20250411085738.790500	10
20250411085738.791000	20250411085748.791000	10
20250411085756.766500	20250411085806.766500	10
20250411085806.767000	20250411085816.767000	10
20250411085816.767500	20250411085826.767500	10
20250411085826.768000	20250411085836.768000	10
20250411085836.768500	20250411085846.768500	10
20250411085851.258000	20250411085901.258000	10
20250411085913.741000	20250411085923.741000	10
20250411085923.741500	20250411085933.741500	10
20250411085935.878000	20250411085945.878000	10
20250411085945.878500	20250411085955.878500	10
20250411085955.879000	20250411090005.879000	10
20250411090005.879500	20250411090015.879500	10
20250411090015.880000	20250411090025.880000	10
20250411090025.880500	20250411090035.880500	10
20250411090035.881000	20250411090045.881000	10
20250411090057.682000	20250411090107.682000	10
20250411090107.682500	20250411090117.682500	10
20250411090117.683000	20250411090127.683000	10
20250411090127.683500	20250411090137.683500	10
20250411090137.684000	20250411090147.684000	10
20250411090147.684500	20250411090157.684500	10
20250411090157.685000	20250411090207.685000	10
20250411090207.685500	20250411090217.685500	10
20250411090217.686000	20250411090227.686000	10
20250411090227.686500	20250411090237.686500	10
20250411090237.687000	20250411090247.687000	10
20250411090247.687500	20250411090257.687500	10
20250411090257.688000	20250411090307.688000	10
20250411090307.688500	20250411090317.688500	10
20250411090317.689000	20250411090327.689000	10
20250411090327.689500	20250411090337.689500	10
20250411090337.690000	20250411090347.690000	10
20250411090347.690500	20250411090357.690500	10
20250411090421.073500	20250411090431.073500	10
20250411090431.074000	20250411090441.074000	10
20250411090441.074500	20250411090451.074500	10
20250411090451.075000	20250411090501.075000	10
20250411090517.356500	20250411090527.356500	10
20250411090537.840000	20250411090547.840000	10
20250411090547.840500	20250411090557.840500	10
20250411090557.841000	20250411090607.841000	10
20250411090607.841500	20250411090617.841500	10
20250411090617.842000	20250411090627.842000	10
20250411090627.842500	20250411090637.842500	10
20250411090653.908000	20250411090703.908000	10
20250411090706.080500	20250411090716.080500	10
20250411090716.081000	20250411090726.081000	10
20250411090729.170000	20250411090739.170000	10
20250411090739.170500	20250411090749.170500	10
20250411090749.171000	20250411090759.171000	10
20250411090808.186000	20250411090818.186000	10
20250411090818.186500	20250411090828.186500	10
20250411090828.187000	20250411090838.187000	10
20250411090838.187500	20250411090848.187500	10
20250411090859.235500	20250411090909.235500	10
20250411090909.236000	20250411090919.236000	10
20250411090919.236500	20250411090929.236500	10
20250411090929.237000	20250411090939.237000	10
20250411090939.237500	20250411090949.237500	10
20250411090949.238000	20250411090959.238000	10
20250411090959.238500	20250411091009.238500	10
20250411091009.239000	20250411091019.239000	10
20250411091019.239500	20250411091029.239500	10
20250411091128.730500	20250411091138.730500	10
20250411091138.731000	20250411091148.731000	10
20250411091148.731500	20250411091158.731500	10
20250411091202.763000	20250411091212.763000	10
20250411091253.303000	20250411091303.303000	10
20250411091303.303500	20250411091313.303500	10
20250411091313.304000	20250411091323.304000	10
20250411091323.304500	20250411091333.304500	10
20250411091333.305000	20250411091343.305000	10
20250411091343.305500	20250411091353.305500	10
20250411091353.306000	20250411091403.306000	10
20250411091508.925500	20250411091518.925500	10
20250411091518.926000	20250411091528.926000	10
20250411091528.926500	20250411091538.926500	10
20250411091558.987000	20250411091608.987000	10
20250411091608.987500	20250411091618.987500	10
20250411091618.988000	20250411091628.988000	10
20250411091634.015000	20250411091644.015000	10
20250411091644.015500	20250411091654.015500	10
20250411091654.016000	20250411091704.016000	10
20250411091704.016500	20250411091714.016500	10
20250411091714.017000	20250411091724.017000	10
20250411091724.017500	20250411091734.017500	10
20250411091734.018000	20250411091744.018000	10
20250411091744.018500	20250411091754.018500	10
20250411091754.019000	20250411091804.019000	10
20250411091806.291500	20250411091816.291500	10
20250411091816.292000	20250411091826.292000	10
20250411091826.292500	20250411091836.292500	10
20250411091836.293000	20250411091846.293000	10
20250411091846.293500	20250411091856.293500	10
20250411091856.294000	20250411091906.294000	10
20250411091911.808500	20250411091921.808500	10
20250411091921.809000	20250411091931.809000	10
20250411091931.809500	20250411091941.809500	10
20250411091942.860000	20250411091952.860000	10
20250411091952.860500	20250411092002.860500	10
20250411092002.861000	20250411092012.861000	10
20250411092012.861500	20250411092022.861500	10
20250411092022.862000	20250411092032.862000	10
20250411092032.862500	20250411092042.862500	10
20250411092042.863000	20250411092052.863000	10
20250411092052.863500	20250411092102.863500	10
20250411092102.864000	20250411092112.864000	10
20250411092112.864500	20250411092122.864500	10
20250411092122.865000	20250411092132.865000	10
20250411092132.865500	20250411092142.865500	10
20250411092142.866000	20250411092152.866000	10
20250411092152.866500	20250411092202.866500	10
20250411092202.867000	20250411092212.867000	10
20250411092212.867500	20250411092222.867500	10
20250411092227.253500	20250411092237.253500	10
20250411092246.989000	20250411092256.989000	10
20250411092256.989500	20250411092306.989500	10
20250411092306.990000	20250411092316.990000	10
20250411092316.990500	20250411092326.990500	10
20250411092326.991000	20250411092336.991000	10
20250411092336.991500	20250411092346.991500	10
20250411092346.992000	20250411092356.992000	10
20250411092356.992500	20250411092406.992500	10
20250411092406.993000	20250411092416.993000	10
20250411092416.993500	20250411092426.993500	10
20250411092426.994000	20250411092436.994000	10
20250411092436.994500	20250411092446.994500	10
20250411092446.995000	20250411092456.995000	10
20250411092456.995500	20250411092506.995500	10
20250411092506.996000	20250411092516.996000	10
20250411092516.996500	20250411092526.996500	10
20250411092526.997000	20250411092536.997000	10
20250411092536.997500	20250411092546.997500	10
20250411092546.998000	20250411092556.998000	10
20250411092602.101500	20250411092612.101500	10
20250411092612.102000	20250411092622.102000	10
20250411092622.102500	20250411092632.102500	10
20250411092632.103000	20250411092642.103000	10
20250411092642.103500	20250411092652.103500	10
20250411092652.104000	20250411092702.104000	10
20250411092702.104500	20250411092712.104500	10
20250411092713.559000	20250411092723.559000	10
20250411092741.063000	20250411092751.063000	10
20250411092759.117000	20250411092809.117000	10
20250411092809.117500	20250411092819.117500	10
20250411092819.118000	20250411092829.118000	10
20250411092829.118500	20250411092839.118500	10
20250411092839.119000	20250411092849.119000	10
20250411092849.119500	20250411092859.119500	10
20250411092859.120000	20250411092909.120000	10
20250411092917.925500	20250411092927.925500	10
20250411092927.926000	20250411092937.926000	10
20250411092937.926500	20250411092947.926500	10
20250411093034.814000	20250411093044.814000	10
20250411093044.814500	20250411093054.814500	10
20250411093054.815000	20250411093104.815000	10
20250411093104.815500	20250411093114.815500	10
20250411093123.622500	20250411093133.622500	10
20250411093133.623000	20250411093143.623000	10
20250411093154.619500	20250411093204.619500	10
20250411093204.620000	20250411093214.620000	10
20250411093218.249000	20250411093228.249000	10
20250411093244.869500	20250411093254.869500	10
20250411093254.870000	20250411093304.870000	10
20250411093322.000000	20250411093332.000000	10
20250411093343.411000	20250411093353.411000	10
20250411093353.411500	20250411093403.411500	10
20250411093403.412000	20250411093413.412000	10
20250411093413.412500	20250411093423.412500	10
20250411093423.413000	20250411093433.413000	10
20250411093433.413500	20250411093443.413500	10
20250411093443.414000	20250411093453.414000	10
20250411093453.414500	20250411093503.414500	10
20250411093503.415000	20250411093513.415000	10
20250411093519.561000	20250411093529.561000	10
20250411093529.561500	20250411093539.561500	10
20250411093539.562000	20250411093549.562000	10
20250411093549.562500	20250411093559.562500	10
20250411093559.563000	20250411093609.563000	10
20250411093625.420500	20250411093635.420500	10
20250411093635.421000	20250411093645.421000	10
20250411093645.421500	20250411093655.421500	10
20250411093655.422000	20250411093705.422000	10
20250411093705.422500	20250411093715.422500	10
20250411093715.423000	20250411093725.423000	10
20250411093725.423500	20250411093735.423500	10
20250411093735.424000	20250411093745.424000	10
20250411093745.424500	20250411093755.424500	10
20250411093755.425000	20250411093805.425000	10
20250411093805.425500	20250411093815.425500	10
20250411093815.426000	20250411093825.426000	10
20250411093825.426500	20250411093835.426500	10
20250411093841.504500	20250411093851.504500	10
20250411093851.505000	20250411093901.505000	10
20250411093903.652000	20250411093913.652000	10
20250411093915.755000	20250411093925.755000	10
20250411093925.755500	20250411093935.755500	10
20250411093935.756000	20250411093945.756000	10
20250411094031.009500	20250411094041.009500	10
20250411094041.010000	20250411094051.010000	10
20250411094051.010500	20250411094101.010500	10
20250411094110.063500	20250411094120.063500	10
20250411094139.831000	20250411094149.831000	10
20250411094149.831500	20250411094159.831500	10
20250411094159.832000	20250411094209.832000	10
20250411094209.832500	20250411094219.832500	10
20250411094219.833000	20250411094229.833000	10
20250411094229.833500	20250411094239.833500	10
20250411094239.834000	20250411094249.834000	10
20250411094302.967000	20250411094312.967000	10
20250411094312.967500	20250411094322.967500	10
20250411094322.968000	20250411094332.968000	10
20250411094332.968500	20250411094342.968500	10
20250411094342.969000	20250411094352.969000	10
20250411094352.969500	20250411094402.969500	10
20250411094448.845000	20250411094458.845000	10
20250411094507.840500	20250411094517.840500	10
20250411094527.757000	20250411094537.757000	10
20250411094537.757500	20250411094547.757500	10
20250411094547.758000	20250411094557.758000	10
20250411094557.758500	20250411094607.758500	10
20250411094607.759000	20250411094617.759000	10
20250411094617.759500	20250411094627.759500	10
20250411094627.760000	20250411094637.760000	10
20250411094637.760500	20250411094647.760500	10
20250411094647.761000	20250411094657.761000	10
20250411094717.558000	20250411094727.558000	10
20250411094727.558500	20250411094737.558500	10
20250411094737.559000	20250411094747.559000	10
20250411094747.559500	20250411094757.559500	10
20250411094757.560000	20250411094807.560000	10
20250411094807.560500	20250411094817.560500	10
20250411094834.421500	20250411094844.421500	10
20250411094844.422000	20250411094854.422000	10
20250411094854.422500	20250411094904.422500	10
20250411094904.423000	20250411094914.423000	10
20250411094914.423500	20250411094924.423500	10
20250411094938.039500	20250411094948.039500	10
20250411094948.040000	20250411094958.040000	10
20250411094958.040500	20250411095008.040500	10
20250411095008.041000	20250411095018.041000	10
20250411095018.041500	20250411095028.041500	10
20250411095028.042000	20250411095038.042000	10
20250411095038.042500	20250411095048.042500	10
20250411095048.043000	20250411095058.043000	10
20250411095058.043500	20250411095108.043500	10
20250411095121.882000	20250411095131.882000	10
20250411095131.882500	20250411095141.882500	10
20250411095141.883000	20250411095151.883000	10
20250411095151.883500	20250411095201.883500	10
20250411095201.884000	20250411095211.884000	10
20250411095211.884500	20250411095221.884500	10
20250411095221.885000	20250411095231.885000	10
20250411095231.885500	20250411095241.885500	10
20250411095241.886000	20250411095251.886000	10
20250411095251.886500	20250411095301.886500	10
20250411095301.887000	20250411095311.887000	10
20250411095319.234500	20250411095329.234500	10
20250411095341.321500	20250411095351.321500	10
20250411095351.322000	20250411095401.322000	10
20250411095401.322500	20250411095411.322500	10
#
# END WINDOW LIST
#
