# HV LOG FORMAT RELEASE 1.0
#
# BEGIN COMMAND LINE ARGUMENTS
#
D:/Cloud/OneDrive - UNIVERSITAS INDONESIA/[DANU]/MyFiles/[SOFTWARE]/geopsypack-win64-3.5.2/geopsypack-win64-3.5.2/bin/geopsy.exe  $*
exit $?
#
# END COMMAND LINE ARGUMENTS
#
#
# BEGIN SOFTWARE VERSION
#
  Qt                  6.5.2
  QGpCoreTools        2.5.0 from 3.5.2
      (commit 8e7f9523665497a6e0787d4f623634cee8957aff)
  QGpCoreMath         1.5.2 from 3.5.2
      (commit 45a832cd27865662e9e0c63081f3a1d32999f668)
  GeopsyCore          4.5.1 from 3.5.2
      (commit e32288e5b456ea5f2c7ed80d7f3238414692b3e4)
  QGpGuiTools         2.5.0 from 3.5.2
      (commit dd46b2456fe37b3e090e1ab3cec07542a51228a5)
  SciFigs             3.4.1 from 3.5.2
      (commit d9059f148fd7373f6e5e08322d3d212c98efa1d7)
  QGpGuiMath          1.4.0 from 3.5.2
      (commit 01d498dc90602f5e30e43ed6a16a660c70a0d2aa)
  GeopsyGui           3.5.0 from 3.5.2
      (commit c81d772d484fd4bc83908f5c25c8681405d99aac)
  GeopsySLink         2.1.0 from 3.5.2
      (commit 25c6c74090bb522f466c221ae5436774b79e06fb)
  GeopsySLinkGui      2.0.3 from 3.5.2
      (commit a41e443c12241597cebcf02d3646eb1409d7df80)
  geopsy              3.4.0 from 3.5.2
      (commit 4653563244c5f99ae287e46a6f755687b1a08a49)
  geopsyfigs          1.0.2 from 3.5.2
      (commit c634e2e145800675c35f99c9f2016dad12dde7a9)
  campbelltob3        1.0.2 from 3.5.2
      (commit 305fa22c3976f73387543b8e4880152ff57d33fb)
  DinverCore          1.4.0 from 3.5.2
      (commit 2c5867d8a3d3afc8b55dab6683c45e857f3f1206)
  QGpCoreWave         2.3.0 from 3.5.2
      (commit 5f8fb775da4b2ffe1d609b5d5eea1540b835f8af)
  QGpCompatibility    1.2.0 from 3.5.2
      (commit a43f1ead0e7e26355ad8661e59feda87db583379)
  DinverDCCore        2.3.0 from 3.5.2
      (commit dd36cd8af8c63c8dba6be1f3ab842ea7535433f4)
  QGpCoreStat         1.3.0 from 3.5.2
      (commit e9187dc7eb30087d0c28114d969e7cc341f348c4)
  ArrayCore           4.2.1 from 3.5.2
      (commit bced9454c16a9fc3eb0bc5b744a49991f6dca7a2)
  QGpGuiWave          1.3.0 from 3.5.2
      (commit 22916617b90f55989ffb59cd21312bc7ba38bcd3)
  ArrayGui            1.4.0 from 3.5.2
      (commit c735d1d26af99196b6becdadd34801e81bc42409)
  geopsyarray         3.3.1 from 3.5.2
      (commit a38e660189576dccf9cd1154f04faf3bdcfa55d5)
  geopsydamping       2.1.4 from 3.5.2
      (commit 78e000f8ef6e721e79a5375710ae8982828e16c8)
  HVCore              1.2.0 from 3.5.2
      (commit 4ca5ee46175a87a9a7fa60bd11d602b9920c875e)
  HVGui               1.2.0 from 3.5.2
      (commit b4d37a83716e9c7b740abc0c6a7d1561074ce986)
  geopsyhv            4.0.4 from 3.5.2
      (commit ec71ec24ab953dfd059e1b5c68d114259a208c4a)
  geopsynr            1.1.2 from 3.5.2
      (commit 2aa2630f17e95f770bd7dc9968b6b885e8aa2d41)
  geopsyptmotion      2.0.4 from 3.5.2
      (commit f9889e458845b182f26c61b6a256e8a1478de26b)
  geopsyrefra         2.0.3 from 3.5.2
      (commit 5a89d12d1a08b0efa50415814c3b456903b542e4)
  geopsytfa           2.1.2 from 3.5.2
      (commit 1ba23d15f70cd66f3fe1851cc1a992e9d542ab3c)
  hvtfa               2.1.4 from 3.5.2
      (commit ca8f1b1cc8da451d92a4c95eb80e75162b6b1d1c)
  matfiles            1.0.4 from 3.5.2
      (commit 53d1ee979a42e4409603f4f4c1a4a42cc1a9e162)
  phaseit             1.0.3 from 3.5.2
      (commit 79a2e81ead59b0de0d7a659fdabfb9541dda77a2)
#
# END SOFTWARE VERSION
#
#
# BEGIN SIGNAL LIST
#
[COMP 0]
 [SIG 0] D:/Kulon Progo 2025/Seismik Pasif/processing/1_merge mseed/Merged data/A4_merge3comps.mseed at index 2
[COMP 1]
 [SIG 0] D:/Kulon Progo 2025/Seismik Pasif/processing/1_merge mseed/Merged data/A4_merge3comps.mseed at index 1
[COMP 2]
 [SIG 0] D:/Kulon Progo 2025/Seismik Pasif/processing/1_merge mseed/Merged data/A4_merge3comps.mseed at index 0
#
# END SIGNAL LIST
#
#
# BEGIN PARAMETERS
#
# Version 0: all files generated with releases before 20170901 (default for input)
PARAMETERS_VERSION=1
# TYPEs:
#   - Signal: from the start or to the end of signal (TEXT are useless)
#   - Delta: a fixed duration counted from the start or the end (e.g. TEXT=1h).
#   - Pick: from or to a time pick (TEXT=time pick name).
#   - Absolute: from or to a fixed time (e.g. TEXT=20170314115338.00)
FROM_TIME_TYPE=Signal
FROM_TIME_TEXT=0s
# TYPEs: Signal, Delta, Absolute
TO_TIME_TYPE=Signal
TO_TIME_TEXT=0s
REFERENCE=
COMMON_TIME_WINDOWS=false
# TYPEs: Exactly, AtLeast, FrequencyDependent
WINDOW_LENGTH_TYPE=Exactly
WINDOW_MIN_LENGTH(s)=10
WINDOW_MAX_LENGTH(s)=10
WINDOW_MAX_COUNT=0
# Length of time windows are adjusted to avoid a prime number of samples which
# slows down the FFT computation. Usually a maximum prime of 11 in the prime factorization
# of the number of samples is a good compromise between the speed and the lenght inaccuracy
# Leave as zero to allow any prime number factorization.
WINDOW_MAXIMUM_PRIME_FACTOR=11
BAD_SAMPLE_TOLERANCE (s)=0
BAD_SAMPLE_GAP (s)=0
WINDOW_OVERLAP (%)=0
# TYPEs: NoSampleThreshold, RelativeSampleThreshold, AbsoluteSampleThreshold
BAD_SAMPLE_THRESHOLD_TYPE=NoSampleThreshold
ANTI-TRIGGERING_ON_RAW_SIGNAL (y/n)=y
USED_RAW_COMPONENTS=y, y, y
RAW_STA (s)=1
RAW_LTA (s)=30
RAW_MIN_SLTA=0.2
RAW_MAX_SLTA=2
ANTI-TRIGGERING_ON_FILTERED_SIGNAL (y/n)=n
# Start a time window for each seismic event available inside the time range.
SEISMIC_EVENT_TRIGGER (y/n)=n
SEISMIC_EVENT_DELAY (s)=-0.1
WINDOW_TYPE=Cosine
WINDOW_REVERSED=n
SMOOTHING_METHOD=Function
SMOOTHING_WIDTH_TYPE=Proportional
SMOOTHING_WIDTH=0.9
# Describes the way values are summed: on a linear, log or inverse scale
SMOOTHING_SCALE_TYPE=Linear
SMOOTHING_WINDOW_TYPE=Cosine
SMOOTHING_WINDOW_REVERSED=n
MINIMUM_FREQUENCY=0.1
MAXIMUM_FREQUENCY=20
# Either 'Linear', 'Log' or 'Inverse'
SCALE_TYPE_FREQUENCY=Log
# Number of samples is either set to a fixed value ('Count') or through a step between samples ('Step')'
STEP_TYPE_FREQUENCY=Step
SAMPLES_NUMBER_FREQUENCY=215
# STEP=difference between two successive samples for 'linear' scales
# STEP=ratio between two successive samples for 'log' scales
# STEP=difference between two successive inverse samples for 'inverse' scales
STEP_FREQUENCY=1.025
# Required when using short time windows when the number of frequency samples
# is higher than the number of points in the spectra.
OVER_SAMPLING_FACTOR=1
HIGH_PASS_FREQUENCY=0
# Possible values for HORIZONTAL_COMPONENTS: Squared, Energy, Azimuth, Geometric
HORIZONTAL_COMPONENTS=Squared
# HORIZONTAL_AZIMUTH is used only when HORIZONTAL_COMPONENTS==Azimuth
HORIZONTAL_AZIMUTH=0
# Used only for rotated output
ROTATION_STEP=10
# Frequency domain window rejection (Cox et al. (2020, GJI)
FREQUENCY_WINDOW_REJECTION_MINIMUM_FREQUENCY=0.1
FREQUENCY_WINDOW_REJECTION_MAXIMUM_FREQUENCY=50
FREQUENCY_WINDOW_REJECTION_STDDEV_FACTOR=2
FREQUENCY_WINDOW_REJECTION_MAXIMUM_ITERATIONS=50
#
# END PARAMETERS
#
#
# BEGIN WINDOWING LOG
#
Automatic windowing
Remove windows in range [2025-04-11 14:31:47.394911, 2025-04-11 14:33:24.484216]
Remove windows in range [2025-04-11 14:39:25.630882, 2025-04-11 14:39:48.306345]
Remove windows in range [2025-04-11 14:40:07.149335, 2025-04-11 14:40:45.154688]
Remove windows in range [2025-04-11 14:45:53.413232, 2025-04-11 14:46:04.910650]
Remove windows in range [2025-04-11 14:47:03.100359, 2025-04-11 14:47:14.597776]
Remove windows in range [2025-04-11 14:52:25.922299, 2025-04-11 14:53:09.995733]
Remove windows in range [2025-04-11 14:53:09.356988, 2025-04-11 14:53:43.210496]
#
# END WINDOWING LOG
#
#
# BEGIN WINDOW LIST
#
# Number= 123
# Start time 	 End Time 	 Window length
20250411143103.622000	20250411143113.622000	10
20250411143333.201000	20250411143343.201000	10
20250411143343.201500	20250411143353.201500	10
20250411143353.202000	20250411143403.202000	10
20250411143407.011500	20250411143417.011500	10
20250411143417.012000	20250411143427.012000	10
20250411143434.223000	20250411143444.223000	10
20250411143446.009500	20250411143456.009500	10
20250411143456.010000	20250411143506.010000	10
20250411143506.010500	20250411143516.010500	10
20250411143521.964000	20250411143531.964000	10
20250411143531.964500	20250411143541.964500	10
20250411143541.965000	20250411143551.965000	10
20250411143551.965500	20250411143601.965500	10
20250411143621.605000	20250411143631.605000	10
20250411143631.605500	20250411143641.605500	10
20250411143641.606000	20250411143651.606000	10
20250411143651.606500	20250411143701.606500	10
20250411143701.607000	20250411143711.607000	10
20250411143711.607500	20250411143721.607500	10
20250411143727.638000	20250411143737.638000	10
20250411143737.638500	20250411143747.638500	10
20250411143747.639000	20250411143757.639000	10
20250411143758.597500	20250411143808.597500	10
20250411143808.598000	20250411143818.598000	10
20250411143826.148000	20250411143836.148000	10
20250411143836.148500	20250411143846.148500	10
20250411143846.149000	20250411143856.149000	10
20250411143857.777500	20250411143907.777500	10
20250411143907.778000	20250411143917.778000	10
20250411143953.113000	20250411144003.113000	10
20250411144053.959000	20250411144103.959000	10
20250411144103.959500	20250411144113.959500	10
20250411144113.960000	20250411144123.960000	10
20250411144126.661000	20250411144136.661000	10
20250411144136.661500	20250411144146.661500	10
20250411144146.662000	20250411144156.662000	10
20250411144156.662500	20250411144206.662500	10
20250411144216.799000	20250411144226.799000	10
20250411144226.799500	20250411144236.799500	10
20250411144236.800000	20250411144246.800000	10
20250411144246.800500	20250411144256.800500	10
20250411144256.801000	20250411144306.801000	10
20250411144306.801500	20250411144316.801500	10
20250411144316.802000	20250411144326.802000	10
20250411144326.802500	20250411144336.802500	10
20250411144336.803000	20250411144346.803000	10
20250411144357.670000	20250411144407.670000	10
20250411144407.670500	20250411144417.670500	10
20250411144417.671000	20250411144427.671000	10
20250411144427.671500	20250411144437.671500	10
20250411144437.672000	20250411144447.672000	10
20250411144447.672500	20250411144457.672500	10
20250411144457.673000	20250411144507.673000	10
20250411144507.673500	20250411144517.673500	10
20250411144517.674000	20250411144527.674000	10
20250411144527.674500	20250411144537.674500	10
20250411144606.350000	20250411144616.350000	10
20250411144616.350500	20250411144626.350500	10
20250411144626.351000	20250411144636.351000	10
20250411144636.351500	20250411144646.351500	10
20250411144646.352000	20250411144656.352000	10
20250411144717.415000	20250411144727.415000	10
20250411144727.415500	20250411144737.415500	10
20250411144737.416000	20250411144747.416000	10
20250411144747.416500	20250411144757.416500	10
20250411144757.417000	20250411144807.417000	10
20250411144807.417500	20250411144817.417500	10
20250411144817.418000	20250411144827.418000	10
20250411144827.418500	20250411144837.418500	10
20250411144837.419000	20250411144847.419000	10
20250411144847.419500	20250411144857.419500	10
20250411144857.420000	20250411144907.420000	10
20250411144907.420500	20250411144917.420500	10
20250411144926.828000	20250411144936.828000	10
20250411144936.828500	20250411144946.828500	10
20250411144946.829000	20250411144956.829000	10
20250411144956.829500	20250411145006.829500	10
20250411145006.830000	20250411145016.830000	10
20250411145016.830500	20250411145026.830500	10
20250411145026.831000	20250411145036.831000	10
20250411145036.831500	20250411145046.831500	10
20250411145046.832000	20250411145056.832000	10
20250411145056.832500	20250411145106.832500	10
20250411145200.002500	20250411145210.002500	10
20250411145210.003000	20250411145220.003000	10
20250411145352.588000	20250411145402.588000	10
20250411145402.588500	20250411145412.588500	10
20250411145412.589000	20250411145422.589000	10
20250411145422.589500	20250411145432.589500	10
20250411145432.590000	20250411145442.590000	10
20250411145442.590500	20250411145452.590500	10
20250411145452.591000	20250411145502.591000	10
20250411145519.875000	20250411145529.875000	10
20250411145547.804500	20250411145557.804500	10
20250411145557.805000	20250411145607.805000	10
20250411145607.805500	20250411145617.805500	10
20250411145617.806000	20250411145627.806000	10
20250411145627.806500	20250411145637.806500	10
20250411145637.807000	20250411145647.807000	10
20250411145653.318500	20250411145703.318500	10
20250411145703.319000	20250411145713.319000	10
20250411145713.319500	20250411145723.319500	10
20250411145723.320000	20250411145733.320000	10
20250411145733.320500	20250411145743.320500	10
20250411145743.321000	20250411145753.321000	10
20250411145753.321500	20250411145803.321500	10
20250411145803.322000	20250411145813.322000	10
20250411145829.621500	20250411145839.621500	10
20250411145839.622000	20250411145849.622000	10
20250411145849.622500	20250411145859.622500	10
20250411145859.623000	20250411145909.623000	10
20250411145909.623500	20250411145919.623500	10
20250411145919.624000	20250411145929.624000	10
20250411145937.985500	20250411145947.985500	10
20250411145947.986000	20250411145957.986000	10
20250411145957.986500	20250411150007.986500	10
20250411150022.711000	20250411150032.711000	10
20250411150032.711500	20250411150042.711500	10
20250411150042.712000	20250411150052.712000	10
20250411150052.712500	20250411150102.712500	10
20250411150102.713000	20250411150112.713000	10
20250411150112.713500	20250411150122.713500	10
#
# END WINDOW LIST
#
