# HV LOG FORMAT RELEASE 1.0
#
# BEGIN COMMAND LINE ARGUMENTS
#
D:/Cloud/OneDrive - UNIVERSITAS INDONESIA/[DANU]/MyFiles/[SOFTWARE]/geopsypack-win64-3.5.2/geopsypack-win64-3.5.2/bin/geopsy.exe  $*
exit $?
#
# END COMMAND LINE ARGUMENTS
#
#
# BEGIN SOFTWARE VERSION
#
  Qt                  6.5.2
  QGpCoreTools        2.5.0 from 3.5.2
      (commit 8e7f9523665497a6e0787d4f623634cee8957aff)
  QGpCoreMath         1.5.2 from 3.5.2
      (commit 45a832cd27865662e9e0c63081f3a1d32999f668)
  GeopsyCore          4.5.1 from 3.5.2
      (commit e32288e5b456ea5f2c7ed80d7f3238414692b3e4)
  QGpGuiTools         2.5.0 from 3.5.2
      (commit dd46b2456fe37b3e090e1ab3cec07542a51228a5)
  SciFigs             3.4.1 from 3.5.2
      (commit d9059f148fd7373f6e5e08322d3d212c98efa1d7)
  QGpGuiMath          1.4.0 from 3.5.2
      (commit 01d498dc90602f5e30e43ed6a16a660c70a0d2aa)
  GeopsyGui           3.5.0 from 3.5.2
      (commit c81d772d484fd4bc83908f5c25c8681405d99aac)
  GeopsySLink         2.1.0 from 3.5.2
      (commit 25c6c74090bb522f466c221ae5436774b79e06fb)
  GeopsySLinkGui      2.0.3 from 3.5.2
      (commit a41e443c12241597cebcf02d3646eb1409d7df80)
  geopsy              3.4.0 from 3.5.2
      (commit 4653563244c5f99ae287e46a6f755687b1a08a49)
  geopsyfigs          1.0.2 from 3.5.2
      (commit c634e2e145800675c35f99c9f2016dad12dde7a9)
  campbelltob3        1.0.2 from 3.5.2
      (commit 305fa22c3976f73387543b8e4880152ff57d33fb)
  DinverCore          1.4.0 from 3.5.2
      (commit 2c5867d8a3d3afc8b55dab6683c45e857f3f1206)
  QGpCoreWave         2.3.0 from 3.5.2
      (commit 5f8fb775da4b2ffe1d609b5d5eea1540b835f8af)
  QGpCompatibility    1.2.0 from 3.5.2
      (commit a43f1ead0e7e26355ad8661e59feda87db583379)
  DinverDCCore        2.3.0 from 3.5.2
      (commit dd36cd8af8c63c8dba6be1f3ab842ea7535433f4)
  QGpCoreStat         1.3.0 from 3.5.2
      (commit e9187dc7eb30087d0c28114d969e7cc341f348c4)
  ArrayCore           4.2.1 from 3.5.2
      (commit bced9454c16a9fc3eb0bc5b744a49991f6dca7a2)
  QGpGuiWave          1.3.0 from 3.5.2
      (commit 22916617b90f55989ffb59cd21312bc7ba38bcd3)
  ArrayGui            1.4.0 from 3.5.2
      (commit c735d1d26af99196b6becdadd34801e81bc42409)
  geopsyarray         3.3.1 from 3.5.2
      (commit a38e660189576dccf9cd1154f04faf3bdcfa55d5)
  geopsydamping       2.1.4 from 3.5.2
      (commit 78e000f8ef6e721e79a5375710ae8982828e16c8)
  HVCore              1.2.0 from 3.5.2
      (commit 4ca5ee46175a87a9a7fa60bd11d602b9920c875e)
  HVGui               1.2.0 from 3.5.2
      (commit b4d37a83716e9c7b740abc0c6a7d1561074ce986)
  geopsyhv            4.0.4 from 3.5.2
      (commit ec71ec24ab953dfd059e1b5c68d114259a208c4a)
  geopsynr            1.1.2 from 3.5.2
      (commit 2aa2630f17e95f770bd7dc9968b6b885e8aa2d41)
  geopsyptmotion      2.0.4 from 3.5.2
      (commit f9889e458845b182f26c61b6a256e8a1478de26b)
  geopsyrefra         2.0.3 from 3.5.2
      (commit 5a89d12d1a08b0efa50415814c3b456903b542e4)
  geopsytfa           2.1.2 from 3.5.2
      (commit 1ba23d15f70cd66f3fe1851cc1a992e9d542ab3c)
  hvtfa               2.1.4 from 3.5.2
      (commit ca8f1b1cc8da451d92a4c95eb80e75162b6b1d1c)
  matfiles            1.0.4 from 3.5.2
      (commit 53d1ee979a42e4409603f4f4c1a4a42cc1a9e162)
  phaseit             1.0.3 from 3.5.2
      (commit 79a2e81ead59b0de0d7a659fdabfb9541dda77a2)
#
# END SOFTWARE VERSION
#
#
# BEGIN SIGNAL LIST
#
[COMP 0]
 [SIG 0] D:/Kulon Progo 2025/Seismik Pasif/processing/1_merge mseed/Merged data/A5_merge3comps.mseed at index 2
[COMP 1]
 [SIG 0] D:/Kulon Progo 2025/Seismik Pasif/processing/1_merge mseed/Merged data/A5_merge3comps.mseed at index 1
[COMP 2]
 [SIG 0] D:/Kulon Progo 2025/Seismik Pasif/processing/1_merge mseed/Merged data/A5_merge3comps.mseed at index 0
#
# END SIGNAL LIST
#
#
# BEGIN PARAMETERS
#
# Version 0: all files generated with releases before 20170901 (default for input)
PARAMETERS_VERSION=1
# TYPEs:
#   - Signal: from the start or to the end of signal (TEXT are useless)
#   - Delta: a fixed duration counted from the start or the end (e.g. TEXT=1h).
#   - Pick: from or to a time pick (TEXT=time pick name).
#   - Absolute: from or to a fixed time (e.g. TEXT=20170314115338.00)
FROM_TIME_TYPE=Signal
FROM_TIME_TEXT=0s
# TYPEs: Signal, Delta, Absolute
TO_TIME_TYPE=Signal
TO_TIME_TEXT=0s
REFERENCE=
COMMON_TIME_WINDOWS=false
# TYPEs: Exactly, AtLeast, FrequencyDependent
WINDOW_LENGTH_TYPE=Exactly
WINDOW_MIN_LENGTH(s)=10
WINDOW_MAX_LENGTH(s)=10
WINDOW_MAX_COUNT=0
# Length of time windows are adjusted to avoid a prime number of samples which
# slows down the FFT computation. Usually a maximum prime of 11 in the prime factorization
# of the number of samples is a good compromise between the speed and the lenght inaccuracy
# Leave as zero to allow any prime number factorization.
WINDOW_MAXIMUM_PRIME_FACTOR=11
BAD_SAMPLE_TOLERANCE (s)=0
BAD_SAMPLE_GAP (s)=0
WINDOW_OVERLAP (%)=0
# TYPEs: NoSampleThreshold, RelativeSampleThreshold, AbsoluteSampleThreshold
BAD_SAMPLE_THRESHOLD_TYPE=NoSampleThreshold
ANTI-TRIGGERING_ON_RAW_SIGNAL (y/n)=y
USED_RAW_COMPONENTS=y, y, y
RAW_STA (s)=1
RAW_LTA (s)=30
RAW_MIN_SLTA=0.2
RAW_MAX_SLTA=2
ANTI-TRIGGERING_ON_FILTERED_SIGNAL (y/n)=n
# Start a time window for each seismic event available inside the time range.
SEISMIC_EVENT_TRIGGER (y/n)=n
SEISMIC_EVENT_DELAY (s)=-0.1
WINDOW_TYPE=Cosine
WINDOW_REVERSED=n
SMOOTHING_METHOD=Function
SMOOTHING_WIDTH_TYPE=Proportional
SMOOTHING_WIDTH=0.9
# Describes the way values are summed: on a linear, log or inverse scale
SMOOTHING_SCALE_TYPE=Linear
SMOOTHING_WINDOW_TYPE=Cosine
SMOOTHING_WINDOW_REVERSED=n
MINIMUM_FREQUENCY=0.1
MAXIMUM_FREQUENCY=20
# Either 'Linear', 'Log' or 'Inverse'
SCALE_TYPE_FREQUENCY=Log
# Number of samples is either set to a fixed value ('Count') or through a step between samples ('Step')'
STEP_TYPE_FREQUENCY=Step
SAMPLES_NUMBER_FREQUENCY=215
# STEP=difference between two successive samples for 'linear' scales
# STEP=ratio between two successive samples for 'log' scales
# STEP=difference between two successive inverse samples for 'inverse' scales
STEP_FREQUENCY=1.025
# Required when using short time windows when the number of frequency samples
# is higher than the number of points in the spectra.
OVER_SAMPLING_FACTOR=1
HIGH_PASS_FREQUENCY=0
# Possible values for HORIZONTAL_COMPONENTS: Squared, Energy, Azimuth, Geometric
HORIZONTAL_COMPONENTS=Squared
# HORIZONTAL_AZIMUTH is used only when HORIZONTAL_COMPONENTS==Azimuth
HORIZONTAL_AZIMUTH=0
# Used only for rotated output
ROTATION_STEP=10
# Frequency domain window rejection (Cox et al. (2020, GJI)
FREQUENCY_WINDOW_REJECTION_MINIMUM_FREQUENCY=0.1
FREQUENCY_WINDOW_REJECTION_MAXIMUM_FREQUENCY=50
FREQUENCY_WINDOW_REJECTION_STDDEV_FACTOR=2
FREQUENCY_WINDOW_REJECTION_MAXIMUM_ITERATIONS=50
#
# END PARAMETERS
#
#
# BEGIN WINDOWING LOG
#
Automatic windowing
#
# END WINDOWING LOG
#
#
# BEGIN WINDOW LIST
#
# Number= 447
# Start time 	 End Time 	 Window length
20250410091640.684500	20250410091650.684500	10
20250410091650.685000	20250410091700.685000	10
20250410091700.685500	20250410091710.685500	10
20250410091710.686000	20250410091720.686000	10
20250410091728.913500	20250410091738.913500	10
20250410091738.914000	20250410091748.914000	10
20250410091748.914500	20250410091758.914500	10
20250410091813.634000	20250410091823.634000	10
20250410091830.775000	20250410091840.775000	10
20250410091853.975000	20250410091903.975000	10
20250410091903.975500	20250410091913.975500	10
20250410091913.976000	20250410091923.976000	10
20250410091930.530500	20250410091940.530500	10
20250410091940.531000	20250410091950.531000	10
20250410092011.148500	20250410092021.148500	10
20250410092021.149000	20250410092031.149000	10
20250410092031.149500	20250410092041.149500	10
20250410092041.150000	20250410092051.150000	10
20250410092051.150500	20250410092101.150500	10
20250410092101.151000	20250410092111.151000	10
20250410092111.151500	20250410092121.151500	10
20250410092127.564500	20250410092137.564500	10
20250410092151.501500	20250410092201.501500	10
20250410092201.502000	20250410092211.502000	10
20250410092211.502500	20250410092221.502500	10
20250410092221.503000	20250410092231.503000	10
20250410092231.503500	20250410092241.503500	10
20250410092241.504000	20250410092251.504000	10
20250410092253.126500	20250410092303.126500	10
20250410092303.127000	20250410092313.127000	10
20250410092313.127500	20250410092323.127500	10
20250410092325.670000	20250410092335.670000	10
20250410092348.018500	20250410092358.018500	10
20250410092407.111000	20250410092417.111000	10
20250410092417.111500	20250410092427.111500	10
20250410092427.112000	20250410092437.112000	10
20250410092437.112500	20250410092447.112500	10
20250410092449.878000	20250410092459.878000	10
20250410092459.878500	20250410092509.878500	10
20250410092518.995000	20250410092528.995000	10
20250410092543.863000	20250410092553.863000	10
20250410092553.863500	20250410092603.863500	10
20250410092603.864000	20250410092613.864000	10
20250410092617.961000	20250410092627.961000	10
20250410092627.961500	20250410092637.961500	10
20250410092646.273000	20250410092656.273000	10
20250410092656.273500	20250410092706.273500	10
20250410092712.911500	20250410092722.911500	10
20250410092737.642000	20250410092747.642000	10
20250410092747.642500	20250410092757.642500	10
20250410092757.643000	20250410092807.643000	10
20250410092810.600000	20250410092820.600000	10
20250410092820.600500	20250410092830.600500	10
20250410092840.715000	20250410092850.715000	10
20250410092900.410000	20250410092910.410000	10
20250410092929.840500	20250410092939.840500	10
20250410092942.090500	20250410092952.090500	10
20250410092952.091000	20250410093002.091000	10
20250410093002.091500	20250410093012.091500	10
20250410093012.092000	20250410093022.092000	10
20250410093031.925500	20250410093041.925500	10
20250410093041.926000	20250410093051.926000	10
20250410093058.348000	20250410093108.348000	10
20250410093122.508000	20250410093132.508000	10
20250410093132.508500	20250410093142.508500	10
20250410093142.509000	20250410093152.509000	10
20250410093200.076500	20250410093210.076500	10
20250410093210.407500	20250410093220.407500	10
20250410093220.408000	20250410093230.408000	10
20250410093232.037000	20250410093242.037000	10
20250410093242.037500	20250410093252.037500	10
20250410093255.828000	20250410093305.828000	10
20250410093320.340500	20250410093330.340500	10
20250410093346.706000	20250410093356.706000	10
20250410093358.616500	20250410093408.616500	10
20250410093408.617000	20250410093418.617000	10
20250410093429.876000	20250410093439.876000	10
20250410093439.876500	20250410093449.876500	10
20250410093449.877000	20250410093459.877000	10
20250410093459.877500	20250410093509.877500	10
20250410093509.878000	20250410093519.878000	10
20250410093519.878500	20250410093529.878500	10
20250410093535.230000	20250410093545.230000	10
20250410093545.230500	20250410093555.230500	10
20250410093603.635500	20250410093613.635500	10
20250410093613.636000	20250410093623.636000	10
20250410093624.549000	20250410093634.549000	10
20250410093634.549500	20250410093644.549500	10
20250410093717.707000	20250410093727.707000	10
20250410093727.707500	20250410093737.707500	10
20250410093752.582500	20250410093802.582500	10
20250410093815.830500	20250410093825.830500	10
20250410093840.953500	20250410093850.953500	10
20250410093857.820000	20250410093907.820000	10
20250410093907.820500	20250410093917.820500	10
20250410093922.326000	20250410093932.326000	10
20250410093935.151500	20250410093945.151500	10
20250410093945.152000	20250410093955.152000	10
20250410093955.152500	20250410094005.152500	10
20250410094017.393500	20250410094027.393500	10
20250410094027.394000	20250410094037.394000	10
20250410094037.394500	20250410094047.394500	10
20250410094055.090500	20250410094105.090500	10
20250410094111.451000	20250410094121.451000	10
20250410094121.451500	20250410094131.451500	10
20250410094138.520500	20250410094148.520500	10
20250410094148.832000	20250410094158.832000	10
20250410094205.633000	20250410094215.633000	10
20250410094235.829500	20250410094245.829500	10
20250410094247.316000	20250410094257.316000	10
20250410094257.316500	20250410094307.316500	10
20250410094315.810000	20250410094325.810000	10
20250410094325.810500	20250410094335.810500	10
20250410094344.716000	20250410094354.716000	10
20250410094354.716500	20250410094404.716500	10
20250410094406.957000	20250410094416.957000	10
20250410094417.504000	20250410094427.504000	10
20250410094427.504500	20250410094437.504500	10
20250410094437.505000	20250410094447.505000	10
20250410094447.505500	20250410094457.505500	10
20250410094503.020000	20250410094513.020000	10
20250410094516.183500	20250410094526.183500	10
20250410094526.184000	20250410094536.184000	10
20250410094544.157000	20250410094554.157000	10
20250410094554.157500	20250410094604.157500	10
20250410094604.158000	20250410094614.158000	10
20250410094615.306000	20250410094625.306000	10
20250410094628.083000	20250410094638.083000	10
20250410094638.083500	20250410094648.083500	10
20250410094649.986000	20250410094659.986000	10
20250410094711.570500	20250410094721.570500	10
20250410094729.347500	20250410094739.347500	10
20250410094739.348000	20250410094749.348000	10
20250410094749.348500	20250410094759.348500	10
20250410094759.349000	20250410094809.349000	10
20250410094809.349500	20250410094819.349500	10
20250410094819.350000	20250410094829.350000	10
20250410094829.350500	20250410094839.350500	10
20250410094839.351000	20250410094849.351000	10
20250410094856.335000	20250410094906.335000	10
20250410094906.335500	20250410094916.335500	10
20250410094916.336000	20250410094926.336000	10
20250410094926.336500	20250410094936.336500	10
20250410094936.337000	20250410094946.337000	10
20250410094950.471500	20250410095000.471500	10
20250410095000.472000	20250410095010.472000	10
20250410095018.456000	20250410095028.456000	10
20250410095028.456500	20250410095038.456500	10
20250410095038.457000	20250410095048.457000	10
20250410095105.438000	20250410095115.438000	10
20250410095124.874000	20250410095134.874000	10
20250410095134.874500	20250410095144.874500	10
20250410095144.875000	20250410095154.875000	10
20250410095154.875500	20250410095204.875500	10
20250410095204.876000	20250410095214.876000	10
20250410095214.876500	20250410095224.876500	10
20250410095227.513500	20250410095237.513500	10
20250410095237.514000	20250410095247.514000	10
20250410095251.003000	20250410095301.003000	10
20250410095302.866000	20250410095312.866000	10
20250410095312.866500	20250410095322.866500	10
20250410095322.867000	20250410095332.867000	10
20250410095332.867500	20250410095342.867500	10
20250410095348.931500	20250410095358.931500	10
20250410095358.932000	20250410095408.932000	10
20250410095417.094000	20250410095427.094000	10
20250410095427.094500	20250410095437.094500	10
20250410095440.246500	20250410095450.246500	10
20250410095450.247000	20250410095500.247000	10
20250410095500.247500	20250410095510.247500	10
20250410095518.511000	20250410095528.511000	10
20250410095528.511500	20250410095538.511500	10
20250410095548.809000	20250410095558.809000	10
20250410095558.809500	20250410095608.809500	10
20250410095617.774000	20250410095627.774000	10
20250410095629.002000	20250410095639.002000	10
20250410095639.002500	20250410095649.002500	10
20250410095704.555000	20250410095714.555000	10
20250410095715.603000	20250410095725.603000	10
20250410095734.903000	20250410095744.903000	10
20250410095744.903500	20250410095754.903500	10
20250410095811.581000	20250410095821.581000	10
20250410095821.581500	20250410095831.581500	10
20250410095831.582000	20250410095841.582000	10
20250410095841.582500	20250410095851.582500	10
20250410095854.406500	20250410095904.406500	10
20250410095904.407000	20250410095914.407000	10
20250410095915.831000	20250410095925.831000	10
20250410095925.831500	20250410095935.831500	10
20250410095935.832000	20250410095945.832000	10
20250410095945.832500	20250410095955.832500	10
20250410095955.833000	20250410100005.833000	10
20250410100005.833500	20250410100015.833500	10
20250410100019.014000	20250410100029.014000	10
20250410100029.014500	20250410100039.014500	10
20250410100039.015000	20250410100049.015000	10
20250410100049.015500	20250410100059.015500	10
20250410100059.016000	20250410100109.016000	10
20250410100117.810000	20250410100127.810000	10
20250410100127.810500	20250410100137.810500	10
20250410100137.811000	20250410100147.811000	10
20250410100147.811500	20250410100157.811500	10
20250410100203.305500	20250410100213.305500	10
20250410100213.306000	20250410100223.306000	10
20250410100223.306500	20250410100233.306500	10
20250410100233.307000	20250410100243.307000	10
20250410100243.307500	20250410100253.307500	10
20250410100258.762500	20250410100308.762500	10
20250410100313.643000	20250410100323.643000	10
20250410100323.643500	20250410100333.643500	10
20250410100333.644000	20250410100343.644000	10
20250410100349.894000	20250410100359.894000	10
20250410100405.393500	20250410100415.393500	10
20250410100420.887000	20250410100430.887000	10
20250410100436.448500	20250410100446.448500	10
20250410100448.391500	20250410100458.391500	10
20250410100458.392000	20250410100508.392000	10
20250410100508.392500	20250410100518.392500	10
20250410100528.075000	20250410100538.075000	10
20250410100538.075500	20250410100548.075500	10
20250410100548.076000	20250410100558.076000	10
20250410100601.702000	20250410100611.702000	10
20250410100611.702500	20250410100621.702500	10
20250410100621.703000	20250410100631.703000	10
20250410100631.703500	20250410100641.703500	10
20250410100641.704000	20250410100651.704000	10
20250410100700.566000	20250410100710.566000	10
20250410100710.566500	20250410100720.566500	10
20250410100720.567000	20250410100730.567000	10
20250410100730.567500	20250410100740.567500	10
20250410100740.568000	20250410100750.568000	10
20250410100750.568500	20250410100800.568500	10
20250410100800.569000	20250410100810.569000	10
20250410100810.569500	20250410100820.569500	10
20250410100820.570000	20250410100830.570000	10
20250410100846.772000	20250410100856.772000	10
20250410100856.772500	20250410100906.772500	10
20250410100906.773000	20250410100916.773000	10
20250410100918.061000	20250410100928.061000	10
20250410100928.061500	20250410100938.061500	10
20250410100948.407500	20250410100958.407500	10
20250410100958.408000	20250410101008.408000	10
20250410101008.408500	20250410101018.408500	10
20250410101025.123500	20250410101035.123500	10
20250410101035.124000	20250410101045.124000	10
20250410101045.124500	20250410101055.124500	10
20250410101055.125000	20250410101105.125000	10
20250410101108.692500	20250410101118.692500	10
20250410101127.320000	20250410101137.320000	10
20250410101137.320500	20250410101147.320500	10
20250410101147.321000	20250410101157.321000	10
20250410101204.335500	20250410101214.335500	10
20250410101214.336000	20250410101224.336000	10
20250410101224.336500	20250410101234.336500	10
20250410101234.337000	20250410101244.337000	10
20250410101248.976000	20250410101258.976000	10
20250410101303.137000	20250410101313.137000	10
20250410101317.557000	20250410101327.557000	10
20250410101327.557500	20250410101337.557500	10
20250410101337.558000	20250410101347.558000	10
20250410101347.558500	20250410101357.558500	10
20250410101357.559000	20250410101407.559000	10
20250410101407.559500	20250410101417.559500	10
20250410101417.560000	20250410101427.560000	10
20250410101427.560500	20250410101437.560500	10
20250410101442.535500	20250410101452.535500	10
20250410101501.873500	20250410101511.873500	10
20250410101511.874000	20250410101521.874000	10
20250410101521.874500	20250410101531.874500	10
20250410101538.433000	20250410101548.433000	10
20250410101548.433500	20250410101558.433500	10
20250410101607.387000	20250410101617.387000	10
20250410101617.387500	20250410101627.387500	10
20250410101627.388000	20250410101637.388000	10
20250410101637.388500	20250410101647.388500	10
20250410101647.389000	20250410101657.389000	10
20250410101701.303000	20250410101711.303000	10
20250410101711.303500	20250410101721.303500	10
20250410101721.304000	20250410101731.304000	10
20250410101731.304500	20250410101741.304500	10
20250410101741.305000	20250410101751.305000	10
20250410101754.189000	20250410101804.189000	10
20250410101804.189500	20250410101814.189500	10
20250410101820.111000	20250410101830.111000	10
20250410101830.111500	20250410101840.111500	10
20250410101844.934000	20250410101854.934000	10
20250410101856.020000	20250410101906.020000	10
20250410101914.603500	20250410101924.603500	10
20250410101936.563000	20250410101946.563000	10
20250410101946.563500	20250410101956.563500	10
20250410101956.564000	20250410102006.564000	10
20250410102006.564500	20250410102016.564500	10
20250410102016.565000	20250410102026.565000	10
20250410102036.480000	20250410102046.480000	10
20250410102046.480500	20250410102056.480500	10
20250410102100.198500	20250410102110.198500	10
20250410102115.770500	20250410102125.770500	10
20250410102125.771000	20250410102135.771000	10
20250410102135.771500	20250410102145.771500	10
20250410102148.065500	20250410102158.065500	10
20250410102158.066000	20250410102208.066000	10
20250410102208.066500	20250410102218.066500	10
20250410102222.244000	20250410102232.244000	10
20250410102232.244500	20250410102242.244500	10
20250410102242.245000	20250410102252.245000	10
20250410102258.731000	20250410102308.731000	10
20250410102313.509500	20250410102323.509500	10
20250410102325.077000	20250410102335.077000	10
20250410102338.792500	20250410102348.792500	10
20250410102348.793000	20250410102358.793000	10
20250410102404.797500	20250410102414.797500	10
20250410102415.545000	20250410102425.545000	10
20250410102425.545500	20250410102435.545500	10
20250410102435.546000	20250410102445.546000	10
20250410102445.546500	20250410102455.546500	10
20250410102455.547000	20250410102505.547000	10
20250410102505.547500	20250410102515.547500	10
20250410102515.548000	20250410102525.548000	10
20250410102525.548500	20250410102535.548500	10
20250410102535.549000	20250410102545.549000	10
20250410102545.549500	20250410102555.549500	10
20250410102600.027000	20250410102610.027000	10
20250410102614.829000	20250410102624.829000	10
20250410102624.829500	20250410102634.829500	10
20250410102634.830000	20250410102644.830000	10
20250410102645.617000	20250410102655.617000	10
20250410102659.784500	20250410102709.784500	10
20250410102716.678500	20250410102726.678500	10
20250410102735.121000	20250410102745.121000	10
20250410102745.121500	20250410102755.121500	10
20250410102755.122000	20250410102805.122000	10
20250410102805.122500	20250410102815.122500	10
20250410102815.123000	20250410102825.123000	10
20250410102825.123500	20250410102835.123500	10
20250410102835.124000	20250410102845.124000	10
20250410102845.124500	20250410102855.124500	10
20250410102855.125000	20250410102905.125000	10
20250410102905.125500	20250410102915.125500	10
20250410102923.495500	20250410102933.495500	10
20250410102940.430500	20250410102950.430500	10
20250410102956.728000	20250410103006.728000	10
20250410103006.728500	20250410103016.728500	10
20250410103028.829000	20250410103038.829000	10
20250410103038.829500	20250410103048.829500	10
20250410103048.830000	20250410103058.830000	10
20250410103058.830500	20250410103108.830500	10
20250410103108.831000	20250410103118.831000	10
20250410103124.415000	20250410103134.415000	10
20250410103134.415500	20250410103144.415500	10
20250410103144.416000	20250410103154.416000	10
20250410103154.416500	20250410103204.416500	10
20250410103209.069000	20250410103219.069000	10
20250410103219.069500	20250410103229.069500	10
20250410103229.070000	20250410103239.070000	10
20250410103239.070500	20250410103249.070500	10
20250410103256.853000	20250410103306.853000	10
20250410103306.853500	20250410103316.853500	10
20250410103316.854000	20250410103326.854000	10
20250410103348.065000	20250410103358.065000	10
20250410103358.065500	20250410103408.065500	10
20250410103418.631500	20250410103428.631500	10
20250410103428.632000	20250410103438.632000	10
20250410103445.372500	20250410103455.372500	10
20250410103506.262000	20250410103516.262000	10
20250410103516.262500	20250410103526.262500	10
20250410103542.491000	20250410103552.491000	10
20250410103552.491500	20250410103602.491500	10
20250410103602.492000	20250410103612.492000	10
20250410103612.492500	20250410103622.492500	10
20250410103626.490500	20250410103636.490500	10
20250410103636.491000	20250410103646.491000	10
20250410103646.491500	20250410103656.491500	10
20250410103656.492000	20250410103706.492000	10
20250410103706.492500	20250410103716.492500	10
20250410103716.493000	20250410103726.493000	10
20250410103726.493500	20250410103736.493500	10
20250410103736.494000	20250410103746.494000	10
20250410103746.494500	20250410103756.494500	10
20250410103756.495000	20250410103806.495000	10
20250410103838.872500	20250410103848.872500	10
20250410103848.873000	20250410103858.873000	10
20250410103908.542000	20250410103918.542000	10
20250410103918.542500	20250410103928.542500	10
20250410103928.543000	20250410103938.543000	10
20250410103943.156500	20250410103953.156500	10
20250410103953.157000	20250410104003.157000	10
20250410104003.157500	20250410104013.157500	10
20250410104013.158000	20250410104023.158000	10
20250410104023.158500	20250410104033.158500	10
20250410104033.159000	20250410104043.159000	10
20250410104043.159500	20250410104053.159500	10
20250410104102.209000	20250410104112.209000	10
20250410104112.209500	20250410104122.209500	10
20250410104122.210000	20250410104132.210000	10
20250410104132.210500	20250410104142.210500	10
20250410104142.211000	20250410104152.211000	10
20250410104152.211500	20250410104202.211500	10
20250410104202.212000	20250410104212.212000	10
20250410104212.212500	20250410104222.212500	10
20250410104222.213000	20250410104232.213000	10
20250410104232.213500	20250410104242.213500	10
20250410104242.214000	20250410104252.214000	10
20250410104252.214500	20250410104302.214500	10
20250410104302.215000	20250410104312.215000	10
20250410104312.215500	20250410104322.215500	10
20250410104322.216000	20250410104332.216000	10
20250410104332.216500	20250410104342.216500	10
20250410104345.510000	20250410104355.510000	10
20250410104355.510500	20250410104405.510500	10
20250410104412.184500	20250410104422.184500	10
20250410104422.185000	20250410104432.185000	10
20250410104432.185500	20250410104442.185500	10
20250410104442.186000	20250410104452.186000	10
20250410104508.222500	20250410104518.222500	10
20250410104518.223000	20250410104528.223000	10
20250410104538.050000	20250410104548.050000	10
20250410104548.050500	20250410104558.050500	10
20250410104558.051000	20250410104608.051000	10
20250410104608.051500	20250410104618.051500	10
20250410104618.052000	20250410104628.052000	10
20250410104628.052500	20250410104638.052500	10
20250410104638.053000	20250410104648.053000	10
20250410104650.027500	20250410104700.027500	10
20250410104700.028000	20250410104710.028000	10
20250410104714.906000	20250410104724.906000	10
20250410104724.906500	20250410104734.906500	10
20250410104734.907000	20250410104744.907000	10
20250410104744.907500	20250410104754.907500	10
20250410104754.908000	20250410104804.908000	10
20250410104804.908500	20250410104814.908500	10
20250410104814.909000	20250410104824.909000	10
20250410104846.698500	20250410104856.698500	10
20250410104900.455500	20250410104910.455500	10
20250410104910.456000	20250410104920.456000	10
20250410104920.456500	20250410104930.456500	10
20250410104930.457000	20250410104940.457000	10
20250410104940.457500	20250410104950.457500	10
20250410104950.458000	20250410105000.458000	10
20250410105000.458500	20250410105010.458500	10
20250410105010.459000	20250410105020.459000	10
20250410105034.355500	20250410105044.355500	10
20250410105044.356000	20250410105054.356000	10
20250410105058.329500	20250410105108.329500	10
20250410105114.661000	20250410105124.661000	10
20250410105124.661500	20250410105134.661500	10
20250410105134.662000	20250410105144.662000	10
20250410105144.662500	20250410105154.662500	10
#
# END WINDOW LIST
#
