# HV LOG FORMAT RELEASE 1.0
#
# BEGIN COMMAND LINE ARGUMENTS
#
D:/Cloud/OneDrive - UNIVERSITAS INDONESIA/[DANU]/MyFiles/[SOFTWARE]/geopsypack-win64-3.5.2/geopsypack-win64-3.5.2/bin/geopsy.exe  $*
exit $?
#
# END COMMAND LINE ARGUMENTS
#
#
# BEGIN SOFTWARE VERSION
#
  Qt                  6.5.2
  QGpCoreTools        2.5.0 from 3.5.2
      (commit 8e7f9523665497a6e0787d4f623634cee8957aff)
  QGpCoreMath         1.5.2 from 3.5.2
      (commit 45a832cd27865662e9e0c63081f3a1d32999f668)
  GeopsyCore          4.5.1 from 3.5.2
      (commit e32288e5b456ea5f2c7ed80d7f3238414692b3e4)
  QGpGuiTools         2.5.0 from 3.5.2
      (commit dd46b2456fe37b3e090e1ab3cec07542a51228a5)
  SciFigs             3.4.1 from 3.5.2
      (commit d9059f148fd7373f6e5e08322d3d212c98efa1d7)
  QGpGuiMath          1.4.0 from 3.5.2
      (commit 01d498dc90602f5e30e43ed6a16a660c70a0d2aa)
  GeopsyGui           3.5.0 from 3.5.2
      (commit c81d772d484fd4bc83908f5c25c8681405d99aac)
  GeopsySLink         2.1.0 from 3.5.2
      (commit 25c6c74090bb522f466c221ae5436774b79e06fb)
  GeopsySLinkGui      2.0.3 from 3.5.2
      (commit a41e443c12241597cebcf02d3646eb1409d7df80)
  geopsy              3.4.0 from 3.5.2
      (commit 4653563244c5f99ae287e46a6f755687b1a08a49)
  geopsyfigs          1.0.2 from 3.5.2
      (commit c634e2e145800675c35f99c9f2016dad12dde7a9)
  campbelltob3        1.0.2 from 3.5.2
      (commit 305fa22c3976f73387543b8e4880152ff57d33fb)
  DinverCore          1.4.0 from 3.5.2
      (commit 2c5867d8a3d3afc8b55dab6683c45e857f3f1206)
  QGpCoreWave         2.3.0 from 3.5.2
      (commit 5f8fb775da4b2ffe1d609b5d5eea1540b835f8af)
  QGpCompatibility    1.2.0 from 3.5.2
      (commit a43f1ead0e7e26355ad8661e59feda87db583379)
  DinverDCCore        2.3.0 from 3.5.2
      (commit dd36cd8af8c63c8dba6be1f3ab842ea7535433f4)
  QGpCoreStat         1.3.0 from 3.5.2
      (commit e9187dc7eb30087d0c28114d969e7cc341f348c4)
  ArrayCore           4.2.1 from 3.5.2
      (commit bced9454c16a9fc3eb0bc5b744a49991f6dca7a2)
  QGpGuiWave          1.3.0 from 3.5.2
      (commit 22916617b90f55989ffb59cd21312bc7ba38bcd3)
  ArrayGui            1.4.0 from 3.5.2
      (commit c735d1d26af99196b6becdadd34801e81bc42409)
  geopsyarray         3.3.1 from 3.5.2
      (commit a38e660189576dccf9cd1154f04faf3bdcfa55d5)
  geopsydamping       2.1.4 from 3.5.2
      (commit 78e000f8ef6e721e79a5375710ae8982828e16c8)
  HVCore              1.2.0 from 3.5.2
      (commit 4ca5ee46175a87a9a7fa60bd11d602b9920c875e)
  HVGui               1.2.0 from 3.5.2
      (commit b4d37a83716e9c7b740abc0c6a7d1561074ce986)
  geopsyhv            4.0.4 from 3.5.2
      (commit ec71ec24ab953dfd059e1b5c68d114259a208c4a)
  geopsynr            1.1.2 from 3.5.2
      (commit 2aa2630f17e95f770bd7dc9968b6b885e8aa2d41)
  geopsyptmotion      2.0.4 from 3.5.2
      (commit f9889e458845b182f26c61b6a256e8a1478de26b)
  geopsyrefra         2.0.3 from 3.5.2
      (commit 5a89d12d1a08b0efa50415814c3b456903b542e4)
  geopsytfa           2.1.2 from 3.5.2
      (commit 1ba23d15f70cd66f3fe1851cc1a992e9d542ab3c)
  hvtfa               2.1.4 from 3.5.2
      (commit ca8f1b1cc8da451d92a4c95eb80e75162b6b1d1c)
  matfiles            1.0.4 from 3.5.2
      (commit 53d1ee979a42e4409603f4f4c1a4a42cc1a9e162)
  phaseit             1.0.3 from 3.5.2
      (commit 79a2e81ead59b0de0d7a659fdabfb9541dda77a2)
#
# END SOFTWARE VERSION
#
#
# BEGIN SIGNAL LIST
#
[COMP 0]
 [SIG 0] D:/Kulon Progo 2025/Seismik Pasif/processing/1_merge mseed/Merged data/A6_merge3comps.mseed at index 2
[COMP 1]
 [SIG 0] D:/Kulon Progo 2025/Seismik Pasif/processing/1_merge mseed/Merged data/A6_merge3comps.mseed at index 1
[COMP 2]
 [SIG 0] D:/Kulon Progo 2025/Seismik Pasif/processing/1_merge mseed/Merged data/A6_merge3comps.mseed at index 0
#
# END SIGNAL LIST
#
#
# BEGIN PARAMETERS
#
# Version 0: all files generated with releases before 20170901 (default for input)
PARAMETERS_VERSION=1
# TYPEs:
#   - Signal: from the start or to the end of signal (TEXT are useless)
#   - Delta: a fixed duration counted from the start or the end (e.g. TEXT=1h).
#   - Pick: from or to a time pick (TEXT=time pick name).
#   - Absolute: from or to a fixed time (e.g. TEXT=20170314115338.00)
FROM_TIME_TYPE=Signal
FROM_TIME_TEXT=0s
# TYPEs: Signal, Delta, Absolute
TO_TIME_TYPE=Signal
TO_TIME_TEXT=0s
REFERENCE=
COMMON_TIME_WINDOWS=false
# TYPEs: Exactly, AtLeast, FrequencyDependent
WINDOW_LENGTH_TYPE=Exactly
WINDOW_MIN_LENGTH(s)=5
WINDOW_MAX_LENGTH(s)=5
WINDOW_MAX_COUNT=0
# Length of time windows are adjusted to avoid a prime number of samples which
# slows down the FFT computation. Usually a maximum prime of 11 in the prime factorization
# of the number of samples is a good compromise between the speed and the lenght inaccuracy
# Leave as zero to allow any prime number factorization.
WINDOW_MAXIMUM_PRIME_FACTOR=11
BAD_SAMPLE_TOLERANCE (s)=0
BAD_SAMPLE_GAP (s)=0
WINDOW_OVERLAP (%)=0
# TYPEs: NoSampleThreshold, RelativeSampleThreshold, AbsoluteSampleThreshold
BAD_SAMPLE_THRESHOLD_TYPE=NoSampleThreshold
ANTI-TRIGGERING_ON_RAW_SIGNAL (y/n)=y
USED_RAW_COMPONENTS=y, y, y
RAW_STA (s)=1
RAW_LTA (s)=30
RAW_MIN_SLTA=0.2
RAW_MAX_SLTA=2
ANTI-TRIGGERING_ON_FILTERED_SIGNAL (y/n)=n
# Start a time window for each seismic event available inside the time range.
SEISMIC_EVENT_TRIGGER (y/n)=n
SEISMIC_EVENT_DELAY (s)=-0.1
WINDOW_TYPE=Cosine
WINDOW_REVERSED=n
SMOOTHING_METHOD=Function
SMOOTHING_WIDTH_TYPE=Proportional
SMOOTHING_WIDTH=0.9
# Describes the way values are summed: on a linear, log or inverse scale
SMOOTHING_SCALE_TYPE=Linear
SMOOTHING_WINDOW_TYPE=Cosine
SMOOTHING_WINDOW_REVERSED=n
MINIMUM_FREQUENCY=0.1
MAXIMUM_FREQUENCY=20
# Either 'Linear', 'Log' or 'Inverse'
SCALE_TYPE_FREQUENCY=Log
# Number of samples is either set to a fixed value ('Count') or through a step between samples ('Step')'
STEP_TYPE_FREQUENCY=Step
SAMPLES_NUMBER_FREQUENCY=215
# STEP=difference between two successive samples for 'linear' scales
# STEP=ratio between two successive samples for 'log' scales
# STEP=difference between two successive inverse samples for 'inverse' scales
STEP_FREQUENCY=1.025
# Required when using short time windows when the number of frequency samples
# is higher than the number of points in the spectra.
OVER_SAMPLING_FACTOR=1
HIGH_PASS_FREQUENCY=0
# Possible values for HORIZONTAL_COMPONENTS: Squared, Energy, Azimuth, Geometric
HORIZONTAL_COMPONENTS=Squared
# HORIZONTAL_AZIMUTH is used only when HORIZONTAL_COMPONENTS==Azimuth
HORIZONTAL_AZIMUTH=0
# Used only for rotated output
ROTATION_STEP=10
# Frequency domain window rejection (Cox et al. (2020, GJI)
FREQUENCY_WINDOW_REJECTION_MINIMUM_FREQUENCY=0.1
FREQUENCY_WINDOW_REJECTION_MAXIMUM_FREQUENCY=50
FREQUENCY_WINDOW_REJECTION_STDDEV_FACTOR=2
FREQUENCY_WINDOW_REJECTION_MAXIMUM_ITERATIONS=50
#
# END PARAMETERS
#
#
# BEGIN WINDOWING LOG
#
Automatic windowing
Remove windows in range [2025-04-10 13:08:48.000000, 2025-04-10 13:09:18.921788]
#
# END WINDOWING LOG
#
#
# BEGIN WINDOW LIST
#
# Number= 89
# Start time 	 End Time 	 Window length
20250410130729.976000	20250410130734.976000	5
20250410130737.226500	20250410130742.226500	5
20250410130742.227000	20250410130747.227000	5
20250410130747.227500	20250410130752.227500	5
20250410130754.318000	20250410130759.318000	5
20250410130813.806000	20250410130818.806000	5
20250410130818.806500	20250410130823.806500	5
20250410130930.037500	20250410130935.037500	5
20250410130940.504000	20250410130945.504000	5
20250410130945.504500	20250410130950.504500	5
20250410130951.818500	20250410130956.818500	5
20250410130956.819000	20250410131001.819000	5
20250410131001.819500	20250410131006.819500	5
20250410131006.820000	20250410131011.820000	5
20250410131011.820500	20250410131016.820500	5
20250410131032.152000	20250410131037.152000	5
20250410131037.152500	20250410131042.152500	5
20250410131042.153000	20250410131047.153000	5
20250410131047.153500	20250410131052.153500	5
20250410131053.148000	20250410131058.148000	5
20250410131058.148500	20250410131103.148500	5
20250410131103.149000	20250410131108.149000	5
20250410131108.149500	20250410131113.149500	5
20250410131113.150000	20250410131118.150000	5
20250410131121.421000	20250410131126.421000	5
20250410131126.421500	20250410131131.421500	5
20250410131131.422000	20250410131136.422000	5
20250410131136.422500	20250410131141.422500	5
20250410131141.423000	20250410131146.423000	5
20250410131205.498000	20250410131210.498000	5
20250410131210.498500	20250410131215.498500	5
20250410131215.499000	20250410131220.499000	5
20250410131226.775500	20250410131231.775500	5
20250410131245.656500	20250410131250.656500	5
20250410131250.657000	20250410131255.657000	5
20250410131302.362000	20250410131307.362000	5
20250410131307.362500	20250410131312.362500	5
20250410131312.363000	20250410131317.363000	5
20250410131322.277500	20250410131327.277500	5
20250410131327.278000	20250410131332.278000	5
20250410131336.976000	20250410131341.976000	5
20250410131341.976500	20250410131346.976500	5
20250410131346.977000	20250410131351.977000	5
20250410131351.977500	20250410131356.977500	5
20250410131356.978000	20250410131401.978000	5
20250410131411.080500	20250410131416.080500	5
20250410131416.081000	20250410131421.081000	5
20250410131421.081500	20250410131426.081500	5
20250410131426.082000	20250410131431.082000	5
20250410131431.082500	20250410131436.082500	5
20250410131436.083000	20250410131441.083000	5
20250410131441.083500	20250410131446.083500	5
20250410131450.190000	20250410131455.190000	5
20250410131455.190500	20250410131500.190500	5
20250410131500.191000	20250410131505.191000	5
20250410131505.191500	20250410131510.191500	5
20250410131515.647500	20250410131520.647500	5
20250410131524.158000	20250410131529.158000	5
20250410131535.816500	20250410131540.816500	5
20250410131540.817000	20250410131545.817000	5
20250410131545.817500	20250410131550.817500	5
20250410131550.818000	20250410131555.818000	5
20250410131555.818500	20250410131600.818500	5
20250410131600.819000	20250410131605.819000	5
20250410131612.503500	20250410131617.503500	5
20250410131617.504000	20250410131622.504000	5
20250410131622.504500	20250410131627.504500	5
20250410131627.505000	20250410131632.505000	5
20250410131632.505500	20250410131637.505500	5
20250410131637.506000	20250410131642.506000	5
20250410131647.401500	20250410131652.401500	5
20250410131656.796000	20250410131701.796000	5
20250410131701.796500	20250410131706.796500	5
20250410131706.797000	20250410131711.797000	5
20250410131711.797500	20250410131716.797500	5
20250410131716.798000	20250410131721.798000	5
20250410131721.798500	20250410131726.798500	5
20250410131726.799000	20250410131731.799000	5
20250410131737.675500	20250410131742.675500	5
20250410131742.676000	20250410131747.676000	5
20250410131747.676500	20250410131752.676500	5
20250410131752.677000	20250410131757.677000	5
20250410131804.223000	20250410131809.223000	5
20250410131813.253500	20250410131818.253500	5
20250410131818.254000	20250410131823.254000	5
20250410131823.254500	20250410131828.254500	5
20250410131828.255000	20250410131833.255000	5
20250410131833.255500	20250410131838.255500	5
20250410131843.952000	20250410131848.952000	5
#
# END WINDOW LIST
#
