# HV LOG FORMAT RELEASE 1.0
#
# BEGIN COMMAND LINE ARGUMENTS
#
D:/Cloud/OneDrive - UNIVERSITAS INDONESIA/[DANU]/MyFiles/[SOFTWARE]/geopsypack-win64-3.5.2/geopsypack-win64-3.5.2/bin/geopsy.exe  $*
exit $?
#
# END COMMAND LINE ARGUMENTS
#
#
# BEGIN SOFTWARE VERSION
#
  Qt                  6.5.2
  QGpCoreTools        2.5.0 from 3.5.2
      (commit 8e7f9523665497a6e0787d4f623634cee8957aff)
  QGpCoreMath         1.5.2 from 3.5.2
      (commit 45a832cd27865662e9e0c63081f3a1d32999f668)
  GeopsyCore          4.5.1 from 3.5.2
      (commit e32288e5b456ea5f2c7ed80d7f3238414692b3e4)
  QGpGuiTools         2.5.0 from 3.5.2
      (commit dd46b2456fe37b3e090e1ab3cec07542a51228a5)
  SciFigs             3.4.1 from 3.5.2
      (commit d9059f148fd7373f6e5e08322d3d212c98efa1d7)
  QGpGuiMath          1.4.0 from 3.5.2
      (commit 01d498dc90602f5e30e43ed6a16a660c70a0d2aa)
  GeopsyGui           3.5.0 from 3.5.2
      (commit c81d772d484fd4bc83908f5c25c8681405d99aac)
  GeopsySLink         2.1.0 from 3.5.2
      (commit 25c6c74090bb522f466c221ae5436774b79e06fb)
  GeopsySLinkGui      2.0.3 from 3.5.2
      (commit a41e443c12241597cebcf02d3646eb1409d7df80)
  geopsy              3.4.0 from 3.5.2
      (commit 4653563244c5f99ae287e46a6f755687b1a08a49)
  geopsyfigs          1.0.2 from 3.5.2
      (commit c634e2e145800675c35f99c9f2016dad12dde7a9)
  campbelltob3        1.0.2 from 3.5.2
      (commit 305fa22c3976f73387543b8e4880152ff57d33fb)
  DinverCore          1.4.0 from 3.5.2
      (commit 2c5867d8a3d3afc8b55dab6683c45e857f3f1206)
  QGpCoreWave         2.3.0 from 3.5.2
      (commit 5f8fb775da4b2ffe1d609b5d5eea1540b835f8af)
  QGpCompatibility    1.2.0 from 3.5.2
      (commit a43f1ead0e7e26355ad8661e59feda87db583379)
  DinverDCCore        2.3.0 from 3.5.2
      (commit dd36cd8af8c63c8dba6be1f3ab842ea7535433f4)
  QGpCoreStat         1.3.0 from 3.5.2
      (commit e9187dc7eb30087d0c28114d969e7cc341f348c4)
  ArrayCore           4.2.1 from 3.5.2
      (commit bced9454c16a9fc3eb0bc5b744a49991f6dca7a2)
  QGpGuiWave          1.3.0 from 3.5.2
      (commit 22916617b90f55989ffb59cd21312bc7ba38bcd3)
  ArrayGui            1.4.0 from 3.5.2
      (commit c735d1d26af99196b6becdadd34801e81bc42409)
  geopsyarray         3.3.1 from 3.5.2
      (commit a38e660189576dccf9cd1154f04faf3bdcfa55d5)
  geopsydamping       2.1.4 from 3.5.2
      (commit 78e000f8ef6e721e79a5375710ae8982828e16c8)
  HVCore              1.2.0 from 3.5.2
      (commit 4ca5ee46175a87a9a7fa60bd11d602b9920c875e)
  HVGui               1.2.0 from 3.5.2
      (commit b4d37a83716e9c7b740abc0c6a7d1561074ce986)
  geopsyhv            4.0.4 from 3.5.2
      (commit ec71ec24ab953dfd059e1b5c68d114259a208c4a)
  geopsynr            1.1.2 from 3.5.2
      (commit 2aa2630f17e95f770bd7dc9968b6b885e8aa2d41)
  geopsyptmotion      2.0.4 from 3.5.2
      (commit f9889e458845b182f26c61b6a256e8a1478de26b)
  geopsyrefra         2.0.3 from 3.5.2
      (commit 5a89d12d1a08b0efa50415814c3b456903b542e4)
  geopsytfa           2.1.2 from 3.5.2
      (commit 1ba23d15f70cd66f3fe1851cc1a992e9d542ab3c)
  hvtfa               2.1.4 from 3.5.2
      (commit ca8f1b1cc8da451d92a4c95eb80e75162b6b1d1c)
  matfiles            1.0.4 from 3.5.2
      (commit 53d1ee979a42e4409603f4f4c1a4a42cc1a9e162)
  phaseit             1.0.3 from 3.5.2
      (commit 79a2e81ead59b0de0d7a659fdabfb9541dda77a2)
#
# END SOFTWARE VERSION
#
#
# BEGIN SIGNAL LIST
#
[COMP 0]
 [SIG 0] D:/Kulon Progo 2025/Seismik Pasif/processing/1_merge mseed/Merged data/B2_merge3comps.mseed at index 2
[COMP 1]
 [SIG 0] D:/Kulon Progo 2025/Seismik Pasif/processing/1_merge mseed/Merged data/B2_merge3comps.mseed at index 1
[COMP 2]
 [SIG 0] D:/Kulon Progo 2025/Seismik Pasif/processing/1_merge mseed/Merged data/B2_merge3comps.mseed at index 0
#
# END SIGNAL LIST
#
#
# BEGIN PARAMETERS
#
# Version 0: all files generated with releases before 20170901 (default for input)
PARAMETERS_VERSION=1
# TYPEs:
#   - Signal: from the start or to the end of signal (TEXT are useless)
#   - Delta: a fixed duration counted from the start or the end (e.g. TEXT=1h).
#   - Pick: from or to a time pick (TEXT=time pick name).
#   - Absolute: from or to a fixed time (e.g. TEXT=20170314115338.00)
FROM_TIME_TYPE=Signal
FROM_TIME_TEXT=0s
# TYPEs: Signal, Delta, Absolute
TO_TIME_TYPE=Signal
TO_TIME_TEXT=0s
REFERENCE=
COMMON_TIME_WINDOWS=false
# TYPEs: Exactly, AtLeast, FrequencyDependent
WINDOW_LENGTH_TYPE=Exactly
WINDOW_MIN_LENGTH(s)=10
WINDOW_MAX_LENGTH(s)=10
WINDOW_MAX_COUNT=0
# Length of time windows are adjusted to avoid a prime number of samples which
# slows down the FFT computation. Usually a maximum prime of 11 in the prime factorization
# of the number of samples is a good compromise between the speed and the lenght inaccuracy
# Leave as zero to allow any prime number factorization.
WINDOW_MAXIMUM_PRIME_FACTOR=11
BAD_SAMPLE_TOLERANCE (s)=0
BAD_SAMPLE_GAP (s)=0
WINDOW_OVERLAP (%)=0
# TYPEs: NoSampleThreshold, RelativeSampleThreshold, AbsoluteSampleThreshold
BAD_SAMPLE_THRESHOLD_TYPE=NoSampleThreshold
ANTI-TRIGGERING_ON_RAW_SIGNAL (y/n)=y
USED_RAW_COMPONENTS=y, y, y
RAW_STA (s)=1
RAW_LTA (s)=30
RAW_MIN_SLTA=0.2
RAW_MAX_SLTA=2
ANTI-TRIGGERING_ON_FILTERED_SIGNAL (y/n)=n
# Start a time window for each seismic event available inside the time range.
SEISMIC_EVENT_TRIGGER (y/n)=n
SEISMIC_EVENT_DELAY (s)=-0.1
WINDOW_TYPE=Cosine
WINDOW_REVERSED=n
SMOOTHING_METHOD=Function
SMOOTHING_WIDTH_TYPE=Proportional
SMOOTHING_WIDTH=0.9
# Describes the way values are summed: on a linear, log or inverse scale
SMOOTHING_SCALE_TYPE=Linear
SMOOTHING_WINDOW_TYPE=Cosine
SMOOTHING_WINDOW_REVERSED=n
MINIMUM_FREQUENCY=0.1
MAXIMUM_FREQUENCY=20
# Either 'Linear', 'Log' or 'Inverse'
SCALE_TYPE_FREQUENCY=Log
# Number of samples is either set to a fixed value ('Count') or through a step between samples ('Step')'
STEP_TYPE_FREQUENCY=Step
SAMPLES_NUMBER_FREQUENCY=215
# STEP=difference between two successive samples for 'linear' scales
# STEP=ratio between two successive samples for 'log' scales
# STEP=difference between two successive inverse samples for 'inverse' scales
STEP_FREQUENCY=1.025
# Required when using short time windows when the number of frequency samples
# is higher than the number of points in the spectra.
OVER_SAMPLING_FACTOR=1
HIGH_PASS_FREQUENCY=0
# Possible values for HORIZONTAL_COMPONENTS: Squared, Energy, Azimuth, Geometric
HORIZONTAL_COMPONENTS=Squared
# HORIZONTAL_AZIMUTH is used only when HORIZONTAL_COMPONENTS==Azimuth
HORIZONTAL_AZIMUTH=0
# Used only for rotated output
ROTATION_STEP=10
# Frequency domain window rejection (Cox et al. (2020, GJI)
FREQUENCY_WINDOW_REJECTION_MINIMUM_FREQUENCY=0.1
FREQUENCY_WINDOW_REJECTION_MAXIMUM_FREQUENCY=50
FREQUENCY_WINDOW_REJECTION_STDDEV_FACTOR=2
FREQUENCY_WINDOW_REJECTION_MAXIMUM_ITERATIONS=50
#
# END PARAMETERS
#
#
# BEGIN WINDOWING LOG
#
Automatic windowing
#
# END WINDOWING LOG
#
#
# BEGIN WINDOW LIST
#
# Number= 225
# Start time 	 End Time 	 Window length
20250412134330.025000	20250412134340.025000	10
20250412134340.025500	20250412134350.025500	10
20250412134350.026000	20250412134400.026000	10
20250412134414.795000	20250412134424.795000	10
20250412134424.795500	20250412134434.795500	10
20250412134434.796000	20250412134444.796000	10
20250412134506.620000	20250412134516.620000	10
20250412134522.705500	20250412134532.705500	10
20250412134532.706000	20250412134542.706000	10
20250412134602.083000	20250412134612.083000	10
20250412134612.083500	20250412134622.083500	10
20250412134622.084000	20250412134632.084000	10
20250412134632.084500	20250412134642.084500	10
20250412134642.085000	20250412134652.085000	10
20250412134715.750500	20250412134725.750500	10
20250412134725.751000	20250412134735.751000	10
20250412134735.751500	20250412134745.751500	10
20250412134755.785500	20250412134805.785500	10
20250412134805.786000	20250412134815.786000	10
20250412134815.786500	20250412134825.786500	10
20250412134832.089500	20250412134842.089500	10
20250412134842.090000	20250412134852.090000	10
20250412134852.090500	20250412134902.090500	10
20250412134911.905000	20250412134921.905000	10
20250412134943.106500	20250412134953.106500	10
20250412134953.107000	20250412135003.107000	10
20250412135003.107500	20250412135013.107500	10
20250412135020.854000	20250412135030.854000	10
20250412135030.854500	20250412135040.854500	10
20250412135040.855000	20250412135050.855000	10
20250412135050.855500	20250412135100.855500	10
20250412135117.051500	20250412135127.051500	10
20250412135127.052000	20250412135137.052000	10
20250412135137.052500	20250412135147.052500	10
20250412135147.053000	20250412135157.053000	10
20250412135157.053500	20250412135207.053500	10
20250412135207.054000	20250412135217.054000	10
20250412135231.969000	20250412135241.969000	10
20250412135241.969500	20250412135251.969500	10
20250412135304.217000	20250412135314.217000	10
20250412135314.217500	20250412135324.217500	10
20250412135324.218000	20250412135334.218000	10
20250412135404.235500	20250412135414.235500	10
20250412135414.236000	20250412135424.236000	10
20250412135424.236500	20250412135434.236500	10
20250412135434.237000	20250412135444.237000	10
20250412135444.237500	20250412135454.237500	10
20250412135501.916000	20250412135511.916000	10
20250412135511.916500	20250412135521.916500	10
20250412135521.917000	20250412135531.917000	10
20250412135531.917500	20250412135541.917500	10
20250412135541.918000	20250412135551.918000	10
20250412135616.275000	20250412135626.275000	10
20250412135634.929500	20250412135644.929500	10
20250412135644.930000	20250412135654.930000	10
20250412135700.313000	20250412135710.313000	10
20250412135710.313500	20250412135720.313500	10
20250412135720.314000	20250412135730.314000	10
20250412135730.314500	20250412135740.314500	10
20250412135740.315000	20250412135750.315000	10
20250412135818.329500	20250412135828.329500	10
20250412135840.099500	20250412135850.099500	10
20250412135850.100000	20250412135900.100000	10
20250412135900.100500	20250412135910.100500	10
20250412135923.562500	20250412135933.562500	10
20250412135933.563000	20250412135943.563000	10
20250412135943.563500	20250412135953.563500	10
20250412140005.717000	20250412140015.717000	10
20250412140015.717500	20250412140025.717500	10
20250412140038.756500	20250412140048.756500	10
20250412140048.757000	20250412140058.757000	10
20250412140058.757500	20250412140108.757500	10
20250412140117.569000	20250412140127.569000	10
20250412140127.569500	20250412140137.569500	10
20250412140137.570000	20250412140147.570000	10
20250412140151.849000	20250412140201.849000	10
20250412140208.802000	20250412140218.802000	10
20250412140218.802500	20250412140228.802500	10
20250412140228.803000	20250412140238.803000	10
20250412140239.917000	20250412140249.917000	10
20250412140249.917500	20250412140259.917500	10
20250412140259.918000	20250412140309.918000	10
20250412140309.918500	20250412140319.918500	10
20250412140319.919000	20250412140329.919000	10
20250412140329.919500	20250412140339.919500	10
20250412140351.152000	20250412140401.152000	10
20250412140401.152500	20250412140411.152500	10
20250412140411.153000	20250412140421.153000	10
20250412140421.153500	20250412140431.153500	10
20250412140431.154000	20250412140441.154000	10
20250412140441.154500	20250412140451.154500	10
20250412140459.098000	20250412140509.098000	10
20250412140522.551000	20250412140532.551000	10
20250412140532.551500	20250412140542.551500	10
20250412140542.552000	20250412140552.552000	10
20250412140552.552500	20250412140602.552500	10
20250412140602.553000	20250412140612.553000	10
20250412140612.553500	20250412140622.553500	10
20250412140622.554000	20250412140632.554000	10
20250412140632.554500	20250412140642.554500	10
20250412140642.555000	20250412140652.555000	10
20250412140718.156000	20250412140728.156000	10
20250412140729.888000	20250412140739.888000	10
20250412140739.888500	20250412140749.888500	10
20250412140755.269500	20250412140805.269500	10
20250412140805.270000	20250412140815.270000	10
20250412140815.270500	20250412140825.270500	10
20250412140825.271000	20250412140835.271000	10
20250412140835.271500	20250412140845.271500	10
20250412140845.272000	20250412140855.272000	10
20250412140855.272500	20250412140905.272500	10
20250412140905.273000	20250412140915.273000	10
20250412140915.273500	20250412140925.273500	10
20250412140925.274000	20250412140935.274000	10
20250412140935.274500	20250412140945.274500	10
20250412140945.275000	20250412140955.275000	10
20250412140955.275500	20250412141005.275500	10
20250412141007.184000	20250412141017.184000	10
20250412141017.184500	20250412141027.184500	10
20250412141043.376000	20250412141053.376000	10
20250412141053.376500	20250412141103.376500	10
20250412141103.377000	20250412141113.377000	10
20250412141113.377500	20250412141123.377500	10
20250412141123.378000	20250412141133.378000	10
20250412141133.378500	20250412141143.378500	10
20250412141143.379000	20250412141153.379000	10
20250412141153.379500	20250412141203.379500	10
20250412141203.380000	20250412141213.380000	10
20250412141213.380500	20250412141223.380500	10
20250412141223.381000	20250412141233.381000	10
20250412141256.834500	20250412141306.834500	10
20250412141309.447500	20250412141319.447500	10
20250412141319.448000	20250412141329.448000	10
20250412141339.648000	20250412141349.648000	10
20250412141349.648500	20250412141359.648500	10
20250412141359.649000	20250412141409.649000	10
20250412141409.649500	20250412141419.649500	10
20250412141419.650000	20250412141429.650000	10
20250412141429.650500	20250412141439.650500	10
20250412141439.651000	20250412141449.651000	10
20250412141508.648500	20250412141518.648500	10
20250412141518.649000	20250412141528.649000	10
20250412141528.649500	20250412141538.649500	10
20250412141538.650000	20250412141548.650000	10
20250412141616.676000	20250412141626.676000	10
20250412141626.676500	20250412141636.676500	10
20250412141636.677000	20250412141646.677000	10
20250412141704.924000	20250412141714.924000	10
20250412141714.924500	20250412141724.924500	10
20250412141724.925000	20250412141734.925000	10
20250412141739.856500	20250412141749.856500	10
20250412141749.857000	20250412141759.857000	10
20250412141759.857500	20250412141809.857500	10
20250412141809.858000	20250412141819.858000	10
20250412141844.293500	20250412141854.293500	10
20250412141854.294000	20250412141904.294000	10
20250412141904.294500	20250412141914.294500	10
20250412141914.295000	20250412141924.295000	10
20250412141934.131000	20250412141944.131000	10
20250412142004.570500	20250412142014.570500	10
20250412142014.571000	20250412142024.571000	10
20250412142024.571500	20250412142034.571500	10
20250412142049.180000	20250412142059.180000	10
20250412142059.180500	20250412142109.180500	10
20250412142124.028000	20250412142134.028000	10
20250412142134.028500	20250412142144.028500	10
20250412142144.029000	20250412142154.029000	10
20250412142203.963500	20250412142213.963500	10
20250412142213.964000	20250412142223.964000	10
20250412142223.964500	20250412142233.964500	10
20250412142233.965000	20250412142243.965000	10
20250412142243.965500	20250412142253.965500	10
20250412142253.966000	20250412142303.966000	10
20250412142303.966500	20250412142313.966500	10
20250412142313.967000	20250412142323.967000	10
20250412142332.720500	20250412142342.720500	10
20250412142342.721000	20250412142352.721000	10
20250412142352.721500	20250412142402.721500	10
20250412142402.722000	20250412142412.722000	10
20250412142412.722500	20250412142422.722500	10
20250412142422.723000	20250412142432.723000	10
20250412142432.723500	20250412142442.723500	10
20250412142442.724000	20250412142452.724000	10
20250412142452.724500	20250412142502.724500	10
20250412142502.725000	20250412142512.725000	10
20250412142512.725500	20250412142522.725500	10
20250412142522.726000	20250412142532.726000	10
20250412142532.726500	20250412142542.726500	10
20250412142542.727000	20250412142552.727000	10
20250412142552.727500	20250412142602.727500	10
20250412142610.826500	20250412142620.826500	10
20250412142627.028000	20250412142637.028000	10
20250412142641.048000	20250412142651.048000	10
20250412142651.048500	20250412142701.048500	10
20250412142701.049000	20250412142711.049000	10
20250412142711.049500	20250412142721.049500	10
20250412142723.187000	20250412142733.187000	10
20250412142733.187500	20250412142743.187500	10
20250412142751.249000	20250412142801.249000	10
20250412142801.249500	20250412142811.249500	10
20250412142811.250000	20250412142821.250000	10
20250412142821.250500	20250412142831.250500	10
20250412142831.251000	20250412142841.251000	10
20250412142841.251500	20250412142851.251500	10
20250412142853.188500	20250412142903.188500	10
20250412142904.891500	20250412142914.891500	10
20250412142923.646000	20250412142933.646000	10
20250412142933.646500	20250412142943.646500	10
20250412142951.437000	20250412143001.437000	10
20250412143001.437500	20250412143011.437500	10
20250412143011.438000	20250412143021.438000	10
20250412143033.194500	20250412143043.194500	10
20250412143043.195000	20250412143053.195000	10
20250412143053.195500	20250412143103.195500	10
20250412143103.196000	20250412143113.196000	10
20250412143126.465500	20250412143136.465500	10
20250412143136.466000	20250412143146.466000	10
20250412143146.466500	20250412143156.466500	10
20250412143207.379000	20250412143217.379000	10
20250412143234.102000	20250412143244.102000	10
20250412143244.102500	20250412143254.102500	10
20250412143254.103000	20250412143304.103000	10
20250412143304.103500	20250412143314.103500	10
20250412143324.690500	20250412143334.690500	10
20250412143334.691000	20250412143344.691000	10
#
# END WINDOW LIST
#
