# HV LOG FORMAT RELEASE 1.0
#
# BEGIN COMMAND LINE ARGUMENTS
#
D:/Cloud/OneDrive - UNIVERSITAS INDONESIA/[DANU]/MyFiles/[SOFTWARE]/geopsypack-win64-3.5.2/geopsypack-win64-3.5.2/bin/geopsy.exe  $*
exit $?
#
# END COMMAND LINE ARGUMENTS
#
#
# BEGIN SOFTWARE VERSION
#
  Qt                  6.5.2
  QGpCoreTools        2.5.0 from 3.5.2
      (commit 8e7f9523665497a6e0787d4f623634cee8957aff)
  QGpCoreMath         1.5.2 from 3.5.2
      (commit 45a832cd27865662e9e0c63081f3a1d32999f668)
  GeopsyCore          4.5.1 from 3.5.2
      (commit e32288e5b456ea5f2c7ed80d7f3238414692b3e4)
  QGpGuiTools         2.5.0 from 3.5.2
      (commit dd46b2456fe37b3e090e1ab3cec07542a51228a5)
  SciFigs             3.4.1 from 3.5.2
      (commit d9059f148fd7373f6e5e08322d3d212c98efa1d7)
  QGpGuiMath          1.4.0 from 3.5.2
      (commit 01d498dc90602f5e30e43ed6a16a660c70a0d2aa)
  GeopsyGui           3.5.0 from 3.5.2
      (commit c81d772d484fd4bc83908f5c25c8681405d99aac)
  GeopsySLink         2.1.0 from 3.5.2
      (commit 25c6c74090bb522f466c221ae5436774b79e06fb)
  GeopsySLinkGui      2.0.3 from 3.5.2
      (commit a41e443c12241597cebcf02d3646eb1409d7df80)
  geopsy              3.4.0 from 3.5.2
      (commit 4653563244c5f99ae287e46a6f755687b1a08a49)
  geopsyfigs          1.0.2 from 3.5.2
      (commit c634e2e145800675c35f99c9f2016dad12dde7a9)
  campbelltob3        1.0.2 from 3.5.2
      (commit 305fa22c3976f73387543b8e4880152ff57d33fb)
  DinverCore          1.4.0 from 3.5.2
      (commit 2c5867d8a3d3afc8b55dab6683c45e857f3f1206)
  QGpCoreWave         2.3.0 from 3.5.2
      (commit 5f8fb775da4b2ffe1d609b5d5eea1540b835f8af)
  QGpCompatibility    1.2.0 from 3.5.2
      (commit a43f1ead0e7e26355ad8661e59feda87db583379)
  DinverDCCore        2.3.0 from 3.5.2
      (commit dd36cd8af8c63c8dba6be1f3ab842ea7535433f4)
  QGpCoreStat         1.3.0 from 3.5.2
      (commit e9187dc7eb30087d0c28114d969e7cc341f348c4)
  ArrayCore           4.2.1 from 3.5.2
      (commit bced9454c16a9fc3eb0bc5b744a49991f6dca7a2)
  QGpGuiWave          1.3.0 from 3.5.2
      (commit 22916617b90f55989ffb59cd21312bc7ba38bcd3)
  ArrayGui            1.4.0 from 3.5.2
      (commit c735d1d26af99196b6becdadd34801e81bc42409)
  geopsyarray         3.3.1 from 3.5.2
      (commit a38e660189576dccf9cd1154f04faf3bdcfa55d5)
  geopsydamping       2.1.4 from 3.5.2
      (commit 78e000f8ef6e721e79a5375710ae8982828e16c8)
  HVCore              1.2.0 from 3.5.2
      (commit 4ca5ee46175a87a9a7fa60bd11d602b9920c875e)
  HVGui               1.2.0 from 3.5.2
      (commit b4d37a83716e9c7b740abc0c6a7d1561074ce986)
  geopsyhv            4.0.4 from 3.5.2
      (commit ec71ec24ab953dfd059e1b5c68d114259a208c4a)
  geopsynr            1.1.2 from 3.5.2
      (commit 2aa2630f17e95f770bd7dc9968b6b885e8aa2d41)
  geopsyptmotion      2.0.4 from 3.5.2
      (commit f9889e458845b182f26c61b6a256e8a1478de26b)
  geopsyrefra         2.0.3 from 3.5.2
      (commit 5a89d12d1a08b0efa50415814c3b456903b542e4)
  geopsytfa           2.1.2 from 3.5.2
      (commit 1ba23d15f70cd66f3fe1851cc1a992e9d542ab3c)
  hvtfa               2.1.4 from 3.5.2
      (commit ca8f1b1cc8da451d92a4c95eb80e75162b6b1d1c)
  matfiles            1.0.4 from 3.5.2
      (commit 53d1ee979a42e4409603f4f4c1a4a42cc1a9e162)
  phaseit             1.0.3 from 3.5.2
      (commit 79a2e81ead59b0de0d7a659fdabfb9541dda77a2)
#
# END SOFTWARE VERSION
#
#
# BEGIN SIGNAL LIST
#
[COMP 0]
 [SIG 0] D:/Kulon Progo 2025/Seismik Pasif/processing/1_merge mseed/Merged data/B4_merge3comps.mseed at index 2
[COMP 1]
 [SIG 0] D:/Kulon Progo 2025/Seismik Pasif/processing/1_merge mseed/Merged data/B4_merge3comps.mseed at index 1
[COMP 2]
 [SIG 0] D:/Kulon Progo 2025/Seismik Pasif/processing/1_merge mseed/Merged data/B4_merge3comps.mseed at index 0
#
# END SIGNAL LIST
#
#
# BEGIN PARAMETERS
#
# Version 0: all files generated with releases before 20170901 (default for input)
PARAMETERS_VERSION=1
# TYPEs:
#   - Signal: from the start or to the end of signal (TEXT are useless)
#   - Delta: a fixed duration counted from the start or the end (e.g. TEXT=1h).
#   - Pick: from or to a time pick (TEXT=time pick name).
#   - Absolute: from or to a fixed time (e.g. TEXT=20170314115338.00)
FROM_TIME_TYPE=Signal
FROM_TIME_TEXT=0s
# TYPEs: Signal, Delta, Absolute
TO_TIME_TYPE=Signal
TO_TIME_TEXT=0s
REFERENCE=
COMMON_TIME_WINDOWS=false
# TYPEs: Exactly, AtLeast, FrequencyDependent
WINDOW_LENGTH_TYPE=Exactly
WINDOW_MIN_LENGTH(s)=10
WINDOW_MAX_LENGTH(s)=10
WINDOW_MAX_COUNT=0
# Length of time windows are adjusted to avoid a prime number of samples which
# slows down the FFT computation. Usually a maximum prime of 11 in the prime factorization
# of the number of samples is a good compromise between the speed and the lenght inaccuracy
# Leave as zero to allow any prime number factorization.
WINDOW_MAXIMUM_PRIME_FACTOR=11
BAD_SAMPLE_TOLERANCE (s)=0
BAD_SAMPLE_GAP (s)=0
WINDOW_OVERLAP (%)=0
# TYPEs: NoSampleThreshold, RelativeSampleThreshold, AbsoluteSampleThreshold
BAD_SAMPLE_THRESHOLD_TYPE=NoSampleThreshold
ANTI-TRIGGERING_ON_RAW_SIGNAL (y/n)=y
USED_RAW_COMPONENTS=y, y, y
RAW_STA (s)=1
RAW_LTA (s)=30
RAW_MIN_SLTA=0.2
RAW_MAX_SLTA=2
ANTI-TRIGGERING_ON_FILTERED_SIGNAL (y/n)=n
# Start a time window for each seismic event available inside the time range.
SEISMIC_EVENT_TRIGGER (y/n)=n
SEISMIC_EVENT_DELAY (s)=-0.1
WINDOW_TYPE=Cosine
WINDOW_REVERSED=n
SMOOTHING_METHOD=Function
SMOOTHING_WIDTH_TYPE=Proportional
SMOOTHING_WIDTH=0.9
# Describes the way values are summed: on a linear, log or inverse scale
SMOOTHING_SCALE_TYPE=Linear
SMOOTHING_WINDOW_TYPE=Cosine
SMOOTHING_WINDOW_REVERSED=n
MINIMUM_FREQUENCY=0.1
MAXIMUM_FREQUENCY=20
# Either 'Linear', 'Log' or 'Inverse'
SCALE_TYPE_FREQUENCY=Log
# Number of samples is either set to a fixed value ('Count') or through a step between samples ('Step')'
STEP_TYPE_FREQUENCY=Step
SAMPLES_NUMBER_FREQUENCY=215
# STEP=difference between two successive samples for 'linear' scales
# STEP=ratio between two successive samples for 'log' scales
# STEP=difference between two successive inverse samples for 'inverse' scales
STEP_FREQUENCY=1.025
# Required when using short time windows when the number of frequency samples
# is higher than the number of points in the spectra.
OVER_SAMPLING_FACTOR=1
HIGH_PASS_FREQUENCY=0
# Possible values for HORIZONTAL_COMPONENTS: Squared, Energy, Azimuth, Geometric
HORIZONTAL_COMPONENTS=Squared
# HORIZONTAL_AZIMUTH is used only when HORIZONTAL_COMPONENTS==Azimuth
HORIZONTAL_AZIMUTH=0
# Used only for rotated output
ROTATION_STEP=10
# Frequency domain window rejection (Cox et al. (2020, GJI)
FREQUENCY_WINDOW_REJECTION_MINIMUM_FREQUENCY=0.1
FREQUENCY_WINDOW_REJECTION_MAXIMUM_FREQUENCY=50
FREQUENCY_WINDOW_REJECTION_STDDEV_FACTOR=2
FREQUENCY_WINDOW_REJECTION_MAXIMUM_ITERATIONS=50
#
# END PARAMETERS
#
#
# BEGIN WINDOWING LOG
#
Automatic windowing
#
# END WINDOWING LOG
#
#
# BEGIN WINDOW LIST
#
# Number= 601
# Start time 	 End Time 	 Window length
20250411113253.606500	20250411113303.606500	10
20250411113303.607000	20250411113313.607000	10
20250411113327.314500	20250411113337.314500	10
20250411113337.315000	20250411113347.315000	10
20250411113353.246000	20250411113403.246000	10
20250411113405.706500	20250411113415.706500	10
20250411113427.406500	20250411113437.406500	10
20250411113437.407000	20250411113447.407000	10
20250411113447.407500	20250411113457.407500	10
20250411113457.408000	20250411113507.408000	10
20250411113507.408500	20250411113517.408500	10
20250411113517.409000	20250411113527.409000	10
20250411113533.562000	20250411113543.562000	10
20250411113543.562500	20250411113553.562500	10
20250411113553.563000	20250411113603.563000	10
20250411113603.563500	20250411113613.563500	10
20250411113613.564000	20250411113623.564000	10
20250411113623.564500	20250411113633.564500	10
20250411113633.565000	20250411113643.565000	10
20250411113643.565500	20250411113653.565500	10
20250411113653.566000	20250411113703.566000	10
20250411113704.085000	20250411113714.085000	10
20250411113714.085500	20250411113724.085500	10
20250411113724.086000	20250411113734.086000	10
20250411113743.837000	20250411113753.837000	10
20250411113753.837500	20250411113803.837500	10
20250411113803.838000	20250411113813.838000	10
20250411113824.314500	20250411113834.314500	10
20250411113834.315000	20250411113844.315000	10
20250411113844.315500	20250411113854.315500	10
20250411113854.316000	20250411113904.316000	10
20250411113909.981000	20250411113919.981000	10
20250411113928.406500	20250411113938.406500	10
20250411113938.407000	20250411113948.407000	10
20250411113957.114000	20250411114007.114000	10
20250411114007.114500	20250411114017.114500	10
20250411114017.115000	20250411114027.115000	10
20250411114027.115500	20250411114037.115500	10
20250411114037.116000	20250411114047.116000	10
20250411114047.116500	20250411114057.116500	10
20250411114057.117000	20250411114107.117000	10
20250411114108.892500	20250411114118.892500	10
20250411114118.893000	20250411114128.893000	10
20250411114128.893500	20250411114138.893500	10
20250411114138.894000	20250411114148.894000	10
20250411114148.894500	20250411114158.894500	10
20250411114158.895000	20250411114208.895000	10
20250411114208.895500	20250411114218.895500	10
20250411114218.896000	20250411114228.896000	10
20250411114228.896500	20250411114238.896500	10
20250411114238.897000	20250411114248.897000	10
20250411114248.897500	20250411114258.897500	10
20250411114258.898000	20250411114308.898000	10
20250411114308.898500	20250411114318.898500	10
20250411114318.899000	20250411114328.899000	10
20250411114336.352000	20250411114346.352000	10
20250411114357.740000	20250411114407.740000	10
20250411114407.740500	20250411114417.740500	10
20250411114425.180500	20250411114435.180500	10
20250411114435.181000	20250411114445.181000	10
20250411114445.181500	20250411114455.181500	10
20250411114455.182000	20250411114505.182000	10
20250411114505.182500	20250411114515.182500	10
20250411114515.183000	20250411114525.183000	10
20250411114525.183500	20250411114535.183500	10
20250411114535.184000	20250411114545.184000	10
20250411114545.184500	20250411114555.184500	10
20250411114555.185000	20250411114605.185000	10
20250411114605.185500	20250411114615.185500	10
20250411114615.186000	20250411114625.186000	10
20250411114627.225000	20250411114637.225000	10
20250411114637.225500	20250411114647.225500	10
20250411114647.226000	20250411114657.226000	10
20250411114657.226500	20250411114707.226500	10
20250411114707.227000	20250411114717.227000	10
20250411114731.775000	20250411114741.775000	10
20250411114741.775500	20250411114751.775500	10
20250411114751.776000	20250411114801.776000	10
20250411114804.862500	20250411114814.862500	10
20250411114814.863000	20250411114824.863000	10
20250411114824.863500	20250411114834.863500	10
20250411114834.864000	20250411114844.864000	10
20250411114906.597000	20250411114916.597000	10
20250411114929.999500	20250411114939.999500	10
20250411114940.000000	20250411114950.000000	10
20250411114950.000500	20250411115000.000500	10
20250411115008.501500	20250411115018.501500	10
20250411115018.502000	20250411115028.502000	10
20250411115028.502500	20250411115038.502500	10
20250411115038.503000	20250411115048.503000	10
20250411115054.957500	20250411115104.957500	10
20250411115114.717500	20250411115124.717500	10
20250411115124.718000	20250411115134.718000	10
20250411115134.718500	20250411115144.718500	10
20250411115152.183000	20250411115202.183000	10
20250411115202.183500	20250411115212.183500	10
20250411115212.184000	20250411115222.184000	10
20250411115222.184500	20250411115232.184500	10
20250411115232.185000	20250411115242.185000	10
20250411115242.185500	20250411115252.185500	10
20250411115259.792500	20250411115309.792500	10
20250411115309.793000	20250411115319.793000	10
20250411115319.793500	20250411115329.793500	10
20250411115329.794000	20250411115339.794000	10
20250411115339.794500	20250411115349.794500	10
20250411115349.795000	20250411115359.795000	10
20250411115359.795500	20250411115409.795500	10
20250411115409.796000	20250411115419.796000	10
20250411115419.796500	20250411115429.796500	10
20250411115429.797000	20250411115439.797000	10
20250411115439.797500	20250411115449.797500	10
20250411115449.798000	20250411115459.798000	10
20250411115504.322000	20250411115514.322000	10
20250411115514.322500	20250411115524.322500	10
20250411115524.323000	20250411115534.323000	10
20250411115534.323500	20250411115544.323500	10
20250411115544.324000	20250411115554.324000	10
20250411115554.324500	20250411115604.324500	10
20250411115623.082500	20250411115633.082500	10
20250411115633.083000	20250411115643.083000	10
20250411115643.083500	20250411115653.083500	10
20250411115653.084000	20250411115703.084000	10
20250411115703.084500	20250411115713.084500	10
20250411115713.085000	20250411115723.085000	10
20250411115723.085500	20250411115733.085500	10
20250411115733.086000	20250411115743.086000	10
20250411115743.086500	20250411115753.086500	10
20250411115804.602000	20250411115814.602000	10
20250411115814.602500	20250411115824.602500	10
20250411115824.603000	20250411115834.603000	10
20250411115834.603500	20250411115844.603500	10
20250411115844.604000	20250411115854.604000	10
20250411115854.604500	20250411115904.604500	10
20250411115912.267500	20250411115922.267500	10
20250411115922.268000	20250411115932.268000	10
20250411115932.268500	20250411115942.268500	10
20250411115942.269000	20250411115952.269000	10
20250411115952.269500	20250411120002.269500	10
20250411120007.283000	20250411120017.283000	10
20250411120017.283500	20250411120027.283500	10
20250411120027.284000	20250411120037.284000	10
20250411120037.284500	20250411120047.284500	10
20250411120047.285000	20250411120057.285000	10
20250411120101.165000	20250411120111.165000	10
20250411120114.439500	20250411120124.439500	10
20250411120124.440000	20250411120134.440000	10
20250411120134.440500	20250411120144.440500	10
20250411120151.179000	20250411120201.179000	10
20250411120236.764500	20250411120246.764500	10
20250411120246.765000	20250411120256.765000	10
20250411120256.765500	20250411120306.765500	10
20250411120306.766000	20250411120316.766000	10
20250411120316.766500	20250411120326.766500	10
20250411120326.767000	20250411120336.767000	10
20250411120344.049500	20250411120354.049500	10
20250411120354.050000	20250411120404.050000	10
20250411120404.050500	20250411120414.050500	10
20250411120414.051000	20250411120424.051000	10
20250411120425.780000	20250411120435.780000	10
20250411120442.855500	20250411120452.855500	10
20250411120457.806000	20250411120507.806000	10
20250411120507.806500	20250411120517.806500	10
20250411120521.846000	20250411120531.846000	10
20250411120531.846500	20250411120541.846500	10
20250411120541.847000	20250411120551.847000	10
20250411120559.577000	20250411120609.577000	10
20250411120609.577500	20250411120619.577500	10
20250411120619.578000	20250411120629.578000	10
20250411120638.493500	20250411120648.493500	10
20250411120648.494000	20250411120658.494000	10
20250411120658.494500	20250411120708.494500	10
20250411120715.874500	20250411120725.874500	10
20250411120725.875000	20250411120735.875000	10
20250411120735.875500	20250411120745.875500	10
20250411120745.876000	20250411120755.876000	10
20250411120755.876500	20250411120805.876500	10
20250411120805.877000	20250411120815.877000	10
20250411120815.877500	20250411120825.877500	10
20250411120825.878000	20250411120835.878000	10
20250411120840.192000	20250411120850.192000	10
20250411120850.192500	20250411120900.192500	10
20250411120910.932500	20250411120920.932500	10
20250411120920.933000	20250411120930.933000	10
20250411120930.933500	20250411120940.933500	10
20250411120940.934000	20250411120950.934000	10
20250411120950.934500	20250411121000.934500	10
20250411121000.935000	20250411121010.935000	10
20250411121010.935500	20250411121020.935500	10
20250411121026.236000	20250411121036.236000	10
20250411121036.236500	20250411121046.236500	10
20250411121046.237000	20250411121056.237000	10
20250411121056.237500	20250411121106.237500	10
20250411121106.238000	20250411121116.238000	10
20250411121116.238500	20250411121126.238500	10
20250411121126.239000	20250411121136.239000	10
20250411121136.239500	20250411121146.239500	10
20250411121146.240000	20250411121156.240000	10
20250411121156.240500	20250411121206.240500	10
20250411121211.177000	20250411121221.177000	10
20250411121221.177500	20250411121231.177500	10
20250411121240.325500	20250411121250.325500	10
20250411121257.339500	20250411121307.339500	10
20250411121307.340000	20250411121317.340000	10
20250411121318.869500	20250411121328.869500	10
20250411121328.870000	20250411121338.870000	10
20250411121338.870500	20250411121348.870500	10
20250411121348.871000	20250411121358.871000	10
20250411121358.871500	20250411121408.871500	10
20250411121416.843000	20250411121426.843000	10
20250411121426.843500	20250411121436.843500	10
20250411121436.844000	20250411121446.844000	10
20250411121446.844500	20250411121456.844500	10
20250411121515.292000	20250411121525.292000	10
20250411121535.229500	20250411121545.229500	10
20250411121545.230000	20250411121555.230000	10
20250411121555.230500	20250411121605.230500	10
20250411121605.231000	20250411121615.231000	10
20250411121615.231500	20250411121625.231500	10
20250411121706.465000	20250411121716.465000	10
20250411121716.465500	20250411121726.465500	10
20250411121726.466000	20250411121736.466000	10
20250411121736.466500	20250411121746.466500	10
20250411121746.467000	20250411121756.467000	10
20250411121804.011000	20250411121814.011000	10
20250411121814.011500	20250411121824.011500	10
20250411121824.012000	20250411121834.012000	10
20250411121834.012500	20250411121844.012500	10
20250411121844.013000	20250411121854.013000	10
20250411121854.013500	20250411121904.013500	10
20250411121904.014000	20250411121914.014000	10
20250411121914.014500	20250411121924.014500	10
20250411121932.968000	20250411121942.968000	10
20250411121942.968500	20250411121952.968500	10
20250411121957.525500	20250411122007.525500	10
20250411122007.526000	20250411122017.526000	10
20250411122017.526500	20250411122027.526500	10
20250411122027.527000	20250411122037.527000	10
20250411122037.527500	20250411122047.527500	10
20250411122047.528000	20250411122057.528000	10
20250411122057.528500	20250411122107.528500	10
20250411122107.529000	20250411122117.529000	10
20250411122117.529500	20250411122127.529500	10
20250411122131.833000	20250411122141.833000	10
20250411122141.833500	20250411122151.833500	10
20250411122151.834000	20250411122201.834000	10
20250411122201.834500	20250411122211.834500	10
20250411122211.835000	20250411122221.835000	10
20250411122221.835500	20250411122231.835500	10
20250411122234.124500	20250411122244.124500	10
20250411122244.125000	20250411122254.125000	10
20250411122254.125500	20250411122304.125500	10
20250411122319.105500	20250411122329.105500	10
20250411122329.106000	20250411122339.106000	10
20250411122339.106500	20250411122349.106500	10
20250411122357.607000	20250411122407.607000	10
20250411122408.917000	20250411122418.917000	10
20250411122420.503500	20250411122430.503500	10
20250411122430.504000	20250411122440.504000	10
20250411122440.504500	20250411122450.504500	10
20250411122450.505000	20250411122500.505000	10
20250411122500.505500	20250411122510.505500	10
20250411122534.455000	20250411122544.455000	10
20250411122544.455500	20250411122554.455500	10
20250411122554.456000	20250411122604.456000	10
20250411122604.456500	20250411122614.456500	10
20250411122614.457000	20250411122624.457000	10
20250411122624.457500	20250411122634.457500	10
20250411122634.458000	20250411122644.458000	10
20250411122644.458500	20250411122654.458500	10
20250411122654.459000	20250411122704.459000	10
20250411122704.459500	20250411122714.459500	10
20250411122714.460000	20250411122724.460000	10
20250411122724.460500	20250411122734.460500	10
20250411122734.461000	20250411122744.461000	10
20250411122744.461500	20250411122754.461500	10
20250411122812.977000	20250411122822.977000	10
20250411122822.977500	20250411122832.977500	10
20250411122832.978000	20250411122842.978000	10
20250411122842.978500	20250411122852.978500	10
20250411122852.979000	20250411122902.979000	10
20250411122910.866500	20250411122920.866500	10
20250411122920.867000	20250411122930.867000	10
20250411122930.867500	20250411122940.867500	10
20250411122940.868000	20250411122950.868000	10
20250411122950.868500	20250411123000.868500	10
20250411123000.869000	20250411123010.869000	10
20250411123010.869500	20250411123020.869500	10
20250411123020.870000	20250411123030.870000	10
20250411123030.870500	20250411123040.870500	10
20250411123040.871000	20250411123050.871000	10
20250411123050.871500	20250411123100.871500	10
20250411123100.872000	20250411123110.872000	10
20250411123110.872500	20250411123120.872500	10
20250411123120.873000	20250411123130.873000	10
20250411123137.313500	20250411123147.313500	10
20250411123147.314000	20250411123157.314000	10
20250411123157.314500	20250411123207.314500	10
20250411123207.315000	20250411123217.315000	10
20250411123217.315500	20250411123227.315500	10
20250411123227.316000	20250411123237.316000	10
20250411123241.692000	20250411123251.692000	10
20250411123251.692500	20250411123301.692500	10
20250411123301.693000	20250411123311.693000	10
20250411123311.693500	20250411123321.693500	10
20250411123321.694000	20250411123331.694000	10
20250411123336.549500	20250411123346.549500	10
20250411123346.550000	20250411123356.550000	10
20250411123356.550500	20250411123406.550500	10
20250411123406.551000	20250411123416.551000	10
20250411123425.078000	20250411123435.078000	10
20250411123438.845000	20250411123448.845000	10
20250411123448.845500	20250411123458.845500	10
20250411123458.846000	20250411123508.846000	10
20250411123508.846500	20250411123518.846500	10
20250411123521.105000	20250411123531.105000	10
20250411123531.105500	20250411123541.105500	10
20250411123541.106000	20250411123551.106000	10
20250411123551.106500	20250411123601.106500	10
20250411123607.435500	20250411123617.435500	10
20250411123617.436000	20250411123627.436000	10
20250411123632.415500	20250411123642.415500	10
20250411123642.416000	20250411123652.416000	10
20250411123652.416500	20250411123702.416500	10
20250411123702.417000	20250411123712.417000	10
20250411123718.730000	20250411123728.730000	10
20250411123728.730500	20250411123738.730500	10
20250411123738.731000	20250411123748.731000	10
20250411123748.731500	20250411123758.731500	10
20250411123758.732000	20250411123808.732000	10
20250411123808.732500	20250411123818.732500	10
20250411123818.733000	20250411123828.733000	10
20250411123828.733500	20250411123838.733500	10
20250411123838.734000	20250411123848.734000	10
20250411123848.734500	20250411123858.734500	10
20250411123858.735000	20250411123908.735000	10
20250411123908.735500	20250411123918.735500	10
20250411123918.736000	20250411123928.736000	10
20250411123938.906500	20250411123948.906500	10
20250411123957.830000	20250411124007.830000	10
20250411124007.830500	20250411124017.830500	10
20250411124024.105000	20250411124034.105000	10
20250411124043.697500	20250411124053.697500	10
20250411124053.698000	20250411124103.698000	10
20250411124103.698500	20250411124113.698500	10
20250411124113.699000	20250411124123.699000	10
20250411124142.089000	20250411124152.089000	10
20250411124152.089500	20250411124202.089500	10
20250411124202.090000	20250411124212.090000	10
20250411124212.090500	20250411124222.090500	10
20250411124222.091000	20250411124232.091000	10
20250411124232.091500	20250411124242.091500	10
20250411124242.092000	20250411124252.092000	10
20250411124252.092500	20250411124302.092500	10
20250411124303.917500	20250411124313.917500	10
20250411124313.918000	20250411124323.918000	10
20250411124323.918500	20250411124333.918500	10
20250411124352.468500	20250411124402.468500	10
20250411124402.469000	20250411124412.469000	10
20250411124412.469500	20250411124422.469500	10
20250411124425.577500	20250411124435.577500	10
20250411124435.578000	20250411124445.578000	10
20250411124450.361500	20250411124500.361500	10
20250411124500.362000	20250411124510.362000	10
20250411124515.901000	20250411124525.901000	10
20250411124528.423500	20250411124538.423500	10
20250411124538.424000	20250411124548.424000	10
20250411124555.158500	20250411124605.158500	10
20250411124605.159000	20250411124615.159000	10
20250411124615.159500	20250411124625.159500	10
20250411124636.968500	20250411124646.968500	10
20250411124646.969000	20250411124656.969000	10
20250411124715.136000	20250411124725.136000	10
20250411124725.136500	20250411124735.136500	10
20250411124735.811000	20250411124745.811000	10
20250411124745.811500	20250411124755.811500	10
20250411124803.418500	20250411124813.418500	10
20250411124813.419000	20250411124823.419000	10
20250411124823.419500	20250411124833.419500	10
20250411124833.420000	20250411124843.420000	10
20250411124843.420500	20250411124853.420500	10
20250411124853.421000	20250411124903.421000	10
20250411124903.421500	20250411124913.421500	10
20250411124913.422000	20250411124923.422000	10
20250411124923.422500	20250411124933.422500	10
20250411124938.938000	20250411124948.938000	10
20250411124948.938500	20250411124958.938500	10
20250411124958.939000	20250411125008.939000	10
20250411125008.939500	20250411125018.939500	10
20250411125025.950500	20250411125035.950500	10
20250411125037.884500	20250411125047.884500	10
20250411125047.885000	20250411125057.885000	10
20250411125057.885500	20250411125107.885500	10
20250411125107.886000	20250411125117.886000	10
20250411125117.886500	20250411125127.886500	10
20250411125127.887000	20250411125137.887000	10
20250411125149.733500	20250411125159.733500	10
20250411125159.734000	20250411125209.734000	10
20250411125209.734500	20250411125219.734500	10
20250411125225.793000	20250411125235.793000	10
20250411125240.885000	20250411125250.885000	10
20250411125250.885500	20250411125300.885500	10
20250411125300.886000	20250411125310.886000	10
20250411125310.886500	20250411125320.886500	10
20250411125320.887000	20250411125330.887000	10
20250411125330.887500	20250411125340.887500	10
20250411125340.888000	20250411125350.888000	10
20250411125400.807000	20250411125410.807000	10
20250411125415.069500	20250411125425.069500	10
20250411125425.070000	20250411125435.070000	10
20250411125435.070500	20250411125445.070500	10
20250411125445.071000	20250411125455.071000	10
20250411125455.071500	20250411125505.071500	10
20250411125515.863500	20250411125525.863500	10
20250411125525.864000	20250411125535.864000	10
20250411125545.633000	20250411125555.633000	10
20250411125555.633500	20250411125605.633500	10
20250411125605.634000	20250411125615.634000	10
20250411125619.656000	20250411125629.656000	10
20250411125636.387000	20250411125646.387000	10
20250411125646.387500	20250411125656.387500	10
20250411125656.388000	20250411125706.388000	10
20250411125706.388500	20250411125716.388500	10
20250411125716.389000	20250411125726.389000	10
20250411125728.248500	20250411125738.248500	10
20250411125738.249000	20250411125748.249000	10
20250411125748.249500	20250411125758.249500	10
20250411125804.224500	20250411125814.224500	10
20250411125814.225000	20250411125824.225000	10
20250411125824.225500	20250411125834.225500	10
20250411125834.226000	20250411125844.226000	10
20250411125847.712000	20250411125857.712000	10
20250411125900.848000	20250411125910.848000	10
20250411125910.848500	20250411125920.848500	10
20250411125920.849000	20250411125930.849000	10
20250411125930.849500	20250411125940.849500	10
20250411125940.850000	20250411125950.850000	10
20250411130006.108000	20250411130016.108000	10
20250411130016.108500	20250411130026.108500	10
20250411130026.109000	20250411130036.109000	10
20250411130036.109500	20250411130046.109500	10
20250411130046.110000	20250411130056.110000	10
20250411130103.075000	20250411130113.075000	10
20250411130113.075500	20250411130123.075500	10
20250411130123.076000	20250411130133.076000	10
20250411130139.360500	20250411130149.360500	10
20250411130149.361000	20250411130159.361000	10
20250411130159.361500	20250411130209.361500	10
20250411130209.362000	20250411130219.362000	10
20250411130235.466500	20250411130245.466500	10
20250411130245.467000	20250411130255.467000	10
20250411130303.741000	20250411130313.741000	10
20250411130313.741500	20250411130323.741500	10
20250411130323.742000	20250411130333.742000	10
20250411130333.742500	20250411130343.742500	10
20250411130348.395000	20250411130358.395000	10
20250411130358.395500	20250411130408.395500	10
20250411130408.396000	20250411130418.396000	10
20250411130418.396500	20250411130428.396500	10
20250411130428.397000	20250411130438.397000	10
20250411130443.026000	20250411130453.026000	10
20250411130453.026500	20250411130503.026500	10
20250411130503.027000	20250411130513.027000	10
20250411130513.027500	20250411130523.027500	10
20250411130523.028000	20250411130533.028000	10
20250411130533.028500	20250411130543.028500	10
20250411130545.887000	20250411130555.887000	10
20250411130555.887500	20250411130605.887500	10
20250411130605.888000	20250411130615.888000	10
20250411130615.888500	20250411130625.888500	10
20250411130625.889000	20250411130635.889000	10
20250411130635.889500	20250411130645.889500	10
20250411130645.890000	20250411130655.890000	10
20250411130655.890500	20250411130705.890500	10
20250411130705.891000	20250411130715.891000	10
20250411130715.891500	20250411130725.891500	10
20250411130725.892000	20250411130735.892000	10
20250411130743.828500	20250411130753.828500	10
20250411130753.829000	20250411130803.829000	10
20250411130803.829500	20250411130813.829500	10
20250411130813.830000	20250411130823.830000	10
20250411130823.830500	20250411130833.830500	10
20250411130833.831000	20250411130843.831000	10
20250411130843.831500	20250411130853.831500	10
20250411130853.832000	20250411130903.832000	10
20250411130912.281500	20250411130922.281500	10
20250411130922.282000	20250411130932.282000	10
20250411130940.910000	20250411130950.910000	10
20250411130950.910500	20250411131000.910500	10
20250411131000.911000	20250411131010.911000	10
20250411131010.911500	20250411131020.911500	10
20250411131020.912000	20250411131030.912000	10
20250411131030.912500	20250411131040.912500	10
20250411131040.913000	20250411131050.913000	10
20250411131050.913500	20250411131100.913500	10
20250411131100.914000	20250411131110.914000	10
20250411131110.914500	20250411131120.914500	10
20250411131120.915000	20250411131130.915000	10
20250411131138.520500	20250411131148.520500	10
20250411131148.521000	20250411131158.521000	10
20250411131158.521500	20250411131208.521500	10
20250411131213.642000	20250411131223.642000	10
20250411131225.332500	20250411131235.332500	10
20250411131235.333000	20250411131245.333000	10
20250411131245.333500	20250411131255.333500	10
20250411131255.334000	20250411131305.334000	10
20250411131305.334500	20250411131315.334500	10
20250411131315.335000	20250411131325.335000	10
20250411131325.335500	20250411131335.335500	10
20250411131335.336000	20250411131345.336000	10
20250411131345.336500	20250411131355.336500	10
20250411131359.853500	20250411131409.853500	10
20250411131409.854000	20250411131419.854000	10
20250411131419.854500	20250411131429.854500	10
20250411131433.709000	20250411131443.709000	10
20250411131451.976500	20250411131501.976500	10
20250411131501.977000	20250411131511.977000	10
20250411131511.977500	20250411131521.977500	10
20250411131521.978000	20250411131531.978000	10
20250411131531.978500	20250411131541.978500	10
20250411131541.979000	20250411131551.979000	10
20250411131551.979500	20250411131601.979500	10
20250411131604.941000	20250411131614.941000	10
20250411131616.335000	20250411131626.335000	10
20250411131626.335500	20250411131636.335500	10
20250411131636.336000	20250411131646.336000	10
20250411131646.336500	20250411131656.336500	10
20250411131656.337000	20250411131706.337000	10
20250411131706.337500	20250411131716.337500	10
20250411131716.338000	20250411131726.338000	10
20250411131726.338500	20250411131736.338500	10
20250411131736.339000	20250411131746.339000	10
20250411131746.339500	20250411131756.339500	10
20250411131759.740500	20250411131809.740500	10
20250411131818.236000	20250411131828.236000	10
20250411131828.236500	20250411131838.236500	10
20250411131838.237000	20250411131848.237000	10
20250411131848.237500	20250411131858.237500	10
20250411131858.238000	20250411131908.238000	10
20250411131908.238500	20250411131918.238500	10
20250411131918.239000	20250411131928.239000	10
20250411131928.239500	20250411131938.239500	10
20250411131938.240000	20250411131948.240000	10
20250411131948.240500	20250411131958.240500	10
20250411131958.241000	20250411132008.241000	10
20250411132008.241500	20250411132018.241500	10
20250411132018.242000	20250411132028.242000	10
20250411132028.242500	20250411132038.242500	10
20250411132038.243000	20250411132048.243000	10
20250411132048.243500	20250411132058.243500	10
20250411132058.244000	20250411132108.244000	10
20250411132108.244500	20250411132118.244500	10
20250411132123.797000	20250411132133.797000	10
20250411132133.797500	20250411132143.797500	10
20250411132143.798000	20250411132153.798000	10
20250411132153.798500	20250411132203.798500	10
20250411132203.799000	20250411132213.799000	10
20250411132213.799500	20250411132223.799500	10
20250411132223.800000	20250411132233.800000	10
20250411132233.800500	20250411132243.800500	10
20250411132243.801000	20250411132253.801000	10
20250411132253.801500	20250411132303.801500	10
20250411132303.802000	20250411132313.802000	10
20250411132313.802500	20250411132323.802500	10
20250411132331.540500	20250411132341.540500	10
20250411132341.541000	20250411132351.541000	10
20250411132351.541500	20250411132401.541500	10
20250411132401.542000	20250411132411.542000	10
20250411132411.542500	20250411132421.542500	10
20250411132421.543000	20250411132431.543000	10
20250411132431.543500	20250411132441.543500	10
20250411132448.041500	20250411132458.041500	10
20250411132458.042000	20250411132508.042000	10
20250411132514.777500	20250411132524.777500	10
20250411132532.990500	20250411132542.990500	10
20250411132542.991000	20250411132552.991000	10
20250411132552.991500	20250411132602.991500	10
20250411132611.692500	20250411132621.692500	10
20250411132621.693000	20250411132631.693000	10
20250411132631.693500	20250411132641.693500	10
20250411132642.899500	20250411132652.899500	10
20250411132652.900000	20250411132702.900000	10
20250411132702.900500	20250411132712.900500	10
20250411132712.901000	20250411132722.901000	10
20250411132722.901500	20250411132732.901500	10
20250411132732.902000	20250411132742.902000	10
20250411132742.902500	20250411132752.902500	10
20250411132752.903000	20250411132802.903000	10
20250411132802.903500	20250411132812.903500	10
20250411132812.904000	20250411132822.904000	10
20250411132822.904500	20250411132832.904500	10
20250411132832.905000	20250411132842.905000	10
20250411132842.905500	20250411132852.905500	10
20250411132852.906000	20250411132902.906000	10
20250411132917.038000	20250411132927.038000	10
20250411132927.038500	20250411132937.038500	10
20250411132937.039000	20250411132947.039000	10
20250411132947.039500	20250411132957.039500	10
20250411132957.040000	20250411133007.040000	10
20250411133007.040500	20250411133017.040500	10
20250411133017.041000	20250411133027.041000	10
20250411133027.041500	20250411133037.041500	10
#
# END WINDOW LIST
#
