# HV LOG FORMAT RELEASE 1.0
#
# BEGIN COMMAND LINE ARGUMENTS
#
D:/Cloud/OneDrive - UNIVERSITAS INDONESIA/[DANU]/MyFiles/[SOFTWARE]/geopsypack-win64-3.5.2/geopsypack-win64-3.5.2/bin/geopsy.exe  $*
exit $?
#
# END COMMAND LINE ARGUMENTS
#
#
# BEGIN SOFTWARE VERSION
#
  Qt                  6.5.2
  QGpCoreTools        2.5.0 from 3.5.2
      (commit 8e7f9523665497a6e0787d4f623634cee8957aff)
  QGpCoreMath         1.5.2 from 3.5.2
      (commit 45a832cd27865662e9e0c63081f3a1d32999f668)
  GeopsyCore          4.5.1 from 3.5.2
      (commit e32288e5b456ea5f2c7ed80d7f3238414692b3e4)
  QGpGuiTools         2.5.0 from 3.5.2
      (commit dd46b2456fe37b3e090e1ab3cec07542a51228a5)
  SciFigs             3.4.1 from 3.5.2
      (commit d9059f148fd7373f6e5e08322d3d212c98efa1d7)
  QGpGuiMath          1.4.0 from 3.5.2
      (commit 01d498dc90602f5e30e43ed6a16a660c70a0d2aa)
  GeopsyGui           3.5.0 from 3.5.2
      (commit c81d772d484fd4bc83908f5c25c8681405d99aac)
  GeopsySLink         2.1.0 from 3.5.2
      (commit 25c6c74090bb522f466c221ae5436774b79e06fb)
  GeopsySLinkGui      2.0.3 from 3.5.2
      (commit a41e443c12241597cebcf02d3646eb1409d7df80)
  geopsy              3.4.0 from 3.5.2
      (commit 4653563244c5f99ae287e46a6f755687b1a08a49)
  geopsyfigs          1.0.2 from 3.5.2
      (commit c634e2e145800675c35f99c9f2016dad12dde7a9)
  campbelltob3        1.0.2 from 3.5.2
      (commit 305fa22c3976f73387543b8e4880152ff57d33fb)
  DinverCore          1.4.0 from 3.5.2
      (commit 2c5867d8a3d3afc8b55dab6683c45e857f3f1206)
  QGpCoreWave         2.3.0 from 3.5.2
      (commit 5f8fb775da4b2ffe1d609b5d5eea1540b835f8af)
  QGpCompatibility    1.2.0 from 3.5.2
      (commit a43f1ead0e7e26355ad8661e59feda87db583379)
  DinverDCCore        2.3.0 from 3.5.2
      (commit dd36cd8af8c63c8dba6be1f3ab842ea7535433f4)
  QGpCoreStat         1.3.0 from 3.5.2
      (commit e9187dc7eb30087d0c28114d969e7cc341f348c4)
  ArrayCore           4.2.1 from 3.5.2
      (commit bced9454c16a9fc3eb0bc5b744a49991f6dca7a2)
  QGpGuiWave          1.3.0 from 3.5.2
      (commit 22916617b90f55989ffb59cd21312bc7ba38bcd3)
  ArrayGui            1.4.0 from 3.5.2
      (commit c735d1d26af99196b6becdadd34801e81bc42409)
  geopsyarray         3.3.1 from 3.5.2
      (commit a38e660189576dccf9cd1154f04faf3bdcfa55d5)
  geopsydamping       2.1.4 from 3.5.2
      (commit 78e000f8ef6e721e79a5375710ae8982828e16c8)
  HVCore              1.2.0 from 3.5.2
      (commit 4ca5ee46175a87a9a7fa60bd11d602b9920c875e)
  HVGui               1.2.0 from 3.5.2
      (commit b4d37a83716e9c7b740abc0c6a7d1561074ce986)
  geopsyhv            4.0.4 from 3.5.2
      (commit ec71ec24ab953dfd059e1b5c68d114259a208c4a)
  geopsynr            1.1.2 from 3.5.2
      (commit 2aa2630f17e95f770bd7dc9968b6b885e8aa2d41)
  geopsyptmotion      2.0.4 from 3.5.2
      (commit f9889e458845b182f26c61b6a256e8a1478de26b)
  geopsyrefra         2.0.3 from 3.5.2
      (commit 5a89d12d1a08b0efa50415814c3b456903b542e4)
  geopsytfa           2.1.2 from 3.5.2
      (commit 1ba23d15f70cd66f3fe1851cc1a992e9d542ab3c)
  hvtfa               2.1.4 from 3.5.2
      (commit ca8f1b1cc8da451d92a4c95eb80e75162b6b1d1c)
  matfiles            1.0.4 from 3.5.2
      (commit 53d1ee979a42e4409603f4f4c1a4a42cc1a9e162)
  phaseit             1.0.3 from 3.5.2
      (commit 79a2e81ead59b0de0d7a659fdabfb9541dda77a2)
#
# END SOFTWARE VERSION
#
#
# BEGIN SIGNAL LIST
#
[COMP 0]
 [SIG 0] D:/Kulon Progo 2025/Seismik Pasif/processing/1_merge mseed/Merged data/B6_merge3comps.mseed at index 2
[COMP 1]
 [SIG 0] D:/Kulon Progo 2025/Seismik Pasif/processing/1_merge mseed/Merged data/B6_merge3comps.mseed at index 1
[COMP 2]
 [SIG 0] D:/Kulon Progo 2025/Seismik Pasif/processing/1_merge mseed/Merged data/B6_merge3comps.mseed at index 0
#
# END SIGNAL LIST
#
#
# BEGIN PARAMETERS
#
# Version 0: all files generated with releases before 20170901 (default for input)
PARAMETERS_VERSION=1
# TYPEs:
#   - Signal: from the start or to the end of signal (TEXT are useless)
#   - Delta: a fixed duration counted from the start or the end (e.g. TEXT=1h).
#   - Pick: from or to a time pick (TEXT=time pick name).
#   - Absolute: from or to a fixed time (e.g. TEXT=20170314115338.00)
FROM_TIME_TYPE=Signal
FROM_TIME_TEXT=0s
# TYPEs: Signal, Delta, Absolute
TO_TIME_TYPE=Signal
TO_TIME_TEXT=0s
REFERENCE=
COMMON_TIME_WINDOWS=false
# TYPEs: Exactly, AtLeast, FrequencyDependent
WINDOW_LENGTH_TYPE=Exactly
WINDOW_MIN_LENGTH(s)=10
WINDOW_MAX_LENGTH(s)=10
WINDOW_MAX_COUNT=0
# Length of time windows are adjusted to avoid a prime number of samples which
# slows down the FFT computation. Usually a maximum prime of 11 in the prime factorization
# of the number of samples is a good compromise between the speed and the lenght inaccuracy
# Leave as zero to allow any prime number factorization.
WINDOW_MAXIMUM_PRIME_FACTOR=11
BAD_SAMPLE_TOLERANCE (s)=0
BAD_SAMPLE_GAP (s)=0
WINDOW_OVERLAP (%)=0
# TYPEs: NoSampleThreshold, RelativeSampleThreshold, AbsoluteSampleThreshold
BAD_SAMPLE_THRESHOLD_TYPE=NoSampleThreshold
ANTI-TRIGGERING_ON_RAW_SIGNAL (y/n)=y
USED_RAW_COMPONENTS=y, y, y
RAW_STA (s)=1
RAW_LTA (s)=30
RAW_MIN_SLTA=0.2
RAW_MAX_SLTA=2
ANTI-TRIGGERING_ON_FILTERED_SIGNAL (y/n)=n
# Start a time window for each seismic event available inside the time range.
SEISMIC_EVENT_TRIGGER (y/n)=n
SEISMIC_EVENT_DELAY (s)=-0.1
WINDOW_TYPE=Cosine
WINDOW_REVERSED=n
SMOOTHING_METHOD=Function
SMOOTHING_WIDTH_TYPE=Proportional
SMOOTHING_WIDTH=0.9
# Describes the way values are summed: on a linear, log or inverse scale
SMOOTHING_SCALE_TYPE=Linear
SMOOTHING_WINDOW_TYPE=Cosine
SMOOTHING_WINDOW_REVERSED=n
MINIMUM_FREQUENCY=0.1
MAXIMUM_FREQUENCY=20
# Either 'Linear', 'Log' or 'Inverse'
SCALE_TYPE_FREQUENCY=Log
# Number of samples is either set to a fixed value ('Count') or through a step between samples ('Step')'
STEP_TYPE_FREQUENCY=Step
SAMPLES_NUMBER_FREQUENCY=215
# STEP=difference between two successive samples for 'linear' scales
# STEP=ratio between two successive samples for 'log' scales
# STEP=difference between two successive inverse samples for 'inverse' scales
STEP_FREQUENCY=1.025
# Required when using short time windows when the number of frequency samples
# is higher than the number of points in the spectra.
OVER_SAMPLING_FACTOR=1
HIGH_PASS_FREQUENCY=0
# Possible values for HORIZONTAL_COMPONENTS: Squared, Energy, Azimuth, Geometric
HORIZONTAL_COMPONENTS=Squared
# HORIZONTAL_AZIMUTH is used only when HORIZONTAL_COMPONENTS==Azimuth
HORIZONTAL_AZIMUTH=0
# Used only for rotated output
ROTATION_STEP=10
# Frequency domain window rejection (Cox et al. (2020, GJI)
FREQUENCY_WINDOW_REJECTION_MINIMUM_FREQUENCY=0.1
FREQUENCY_WINDOW_REJECTION_MAXIMUM_FREQUENCY=50
FREQUENCY_WINDOW_REJECTION_STDDEV_FACTOR=2
FREQUENCY_WINDOW_REJECTION_MAXIMUM_ITERATIONS=50
#
# END PARAMETERS
#
#
# BEGIN WINDOWING LOG
#
Automatic windowing
#
# END WINDOWING LOG
#
#
# BEGIN WINDOW LIST
#
# Number= 187
# Start time 	 End Time 	 Window length
20250412085252.923500	20250412085302.923500	10
20250412085306.812000	20250412085316.812000	10
20250412085316.812500	20250412085326.812500	10
20250412085326.813000	20250412085336.813000	10
20250412085350.959000	20250412085400.959000	10
20250412085410.547000	20250412085420.547000	10
20250412085420.547500	20250412085430.547500	10
20250412085430.548000	20250412085440.548000	10
20250412085440.548500	20250412085450.548500	10
20250412085450.549000	20250412085500.549000	10
20250412085504.686000	20250412085514.686000	10
20250412085514.686500	20250412085524.686500	10
20250412085524.687000	20250412085534.687000	10
20250412085534.687500	20250412085544.687500	10
20250412085602.999000	20250412085612.999000	10
20250412085612.999500	20250412085622.999500	10
20250412085651.266500	20250412085701.266500	10
20250412085707.759000	20250412085717.759000	10
20250412085719.285500	20250412085729.285500	10
20250412085729.286000	20250412085739.286000	10
20250412085739.286500	20250412085749.286500	10
20250412085802.257000	20250412085812.257000	10
20250412085812.257500	20250412085822.257500	10
20250412085844.334500	20250412085854.334500	10
20250412085854.335000	20250412085904.335000	10
20250412085910.049500	20250412085920.049500	10
20250412085925.167000	20250412085935.167000	10
20250412085935.167500	20250412085945.167500	10
20250412090002.410500	20250412090012.410500	10
20250412090012.411000	20250412090022.411000	10
20250412090031.969000	20250412090041.969000	10
20250412090041.969500	20250412090051.969500	10
20250412090051.970000	20250412090101.970000	10
20250412090123.686000	20250412090133.686000	10
20250412090133.686500	20250412090143.686500	10
20250412090149.322500	20250412090159.322500	10
20250412090159.323000	20250412090209.323000	10
20250412090209.323500	20250412090219.323500	10
20250412090247.924000	20250412090257.924000	10
20250412090257.924500	20250412090307.924500	10
20250412090307.925000	20250412090317.925000	10
20250412090317.925500	20250412090327.925500	10
20250412090327.926000	20250412090337.926000	10
20250412090337.926500	20250412090347.926500	10
20250412090405.654000	20250412090415.654000	10
20250412090415.654500	20250412090425.654500	10
20250412090432.550000	20250412090442.550000	10
20250412090442.550500	20250412090452.550500	10
20250412090452.551000	20250412090502.551000	10
20250412090509.490000	20250412090519.490000	10
20250412090519.490500	20250412090529.490500	10
20250412090535.042000	20250412090545.042000	10
20250412090545.042500	20250412090555.042500	10
20250412090611.995500	20250412090621.995500	10
20250412090643.779500	20250412090653.779500	10
20250412090653.780000	20250412090703.780000	10
20250412090724.243000	20250412090734.243000	10
20250412090734.243500	20250412090744.243500	10
20250412090744.244000	20250412090754.244000	10
20250412090801.922500	20250412090811.922500	10
20250412090817.054000	20250412090827.054000	10
20250412090827.054500	20250412090837.054500	10
20250412090837.055000	20250412090847.055000	10
20250412090847.055500	20250412090857.055500	10
20250412090857.056000	20250412090907.056000	10
20250412090907.056500	20250412090917.056500	10
20250412090935.210500	20250412090945.210500	10
20250412090950.968500	20250412091000.968500	10
20250412091000.969000	20250412091010.969000	10
20250412091019.645500	20250412091029.645500	10
20250412091029.646000	20250412091039.646000	10
20250412091039.646500	20250412091049.646500	10
20250412091059.762000	20250412091109.762000	10
20250412091119.151500	20250412091129.151500	10
20250412091130.703000	20250412091140.703000	10
20250412091140.703500	20250412091150.703500	10
20250412091150.704000	20250412091200.704000	10
20250412091210.532000	20250412091220.532000	10
20250412091220.532500	20250412091230.532500	10
20250412091239.552000	20250412091249.552000	10
20250412091257.625500	20250412091307.625500	10
20250412091315.675000	20250412091325.675000	10
20250412091334.618000	20250412091344.618000	10
20250412091344.618500	20250412091354.618500	10
20250412091415.122000	20250412091425.122000	10
20250412091427.405000	20250412091437.405000	10
20250412091437.405500	20250412091447.405500	10
20250412091447.406000	20250412091457.406000	10
20250412091518.257000	20250412091528.257000	10
20250412091529.426000	20250412091539.426000	10
20250412091551.086500	20250412091601.086500	10
20250412091601.087000	20250412091611.087000	10
20250412091634.194000	20250412091644.194000	10
20250412091644.194500	20250412091654.194500	10
20250412091654.195000	20250412091704.195000	10
20250412091704.195500	20250412091714.195500	10
20250412091717.048000	20250412091727.048000	10
20250412091752.366500	20250412091802.366500	10
20250412091802.367000	20250412091812.367000	10
20250412091812.367500	20250412091822.367500	10
20250412091822.368000	20250412091832.368000	10
20250412091835.716000	20250412091845.716000	10
20250412091845.716500	20250412091855.716500	10
20250412091903.525500	20250412091913.525500	10
20250412091932.636000	20250412091942.636000	10
20250412091951.106500	20250412092001.106500	10
20250412092001.107000	20250412092011.107000	10
20250412092012.308500	20250412092022.308500	10
20250412092022.309000	20250412092032.309000	10
20250412092032.309500	20250412092042.309500	10
20250412092042.310000	20250412092052.310000	10
20250412092102.268500	20250412092112.268500	10
20250412092112.269000	20250412092122.269000	10
20250412092130.108500	20250412092140.108500	10
20250412092140.109000	20250412092150.109000	10
20250412092226.088500	20250412092236.088500	10
20250412092304.413000	20250412092314.413000	10
20250412092314.413500	20250412092324.413500	10
20250412092329.335500	20250412092339.335500	10
20250412092339.336000	20250412092349.336000	10
20250412092358.151500	20250412092408.151500	10
20250412092408.152000	20250412092418.152000	10
20250412092424.398500	20250412092434.398500	10
20250412092437.588500	20250412092447.588500	10
20250412092501.864000	20250412092511.864000	10
20250412092511.864500	20250412092521.864500	10
20250412092521.865000	20250412092531.865000	10
20250412092538.774000	20250412092548.774000	10
20250412092559.904500	20250412092609.904500	10
20250412092613.396500	20250412092623.396500	10
20250412092623.397000	20250412092633.397000	10
20250412092633.397500	20250412092643.397500	10
20250412092647.248000	20250412092657.248000	10
20250412092704.665000	20250412092714.665000	10
20250412092714.665500	20250412092724.665500	10
20250412092724.666000	20250412092734.666000	10
20250412092753.070500	20250412092803.070500	10
20250412092803.071000	20250412092813.071000	10
20250412092813.071500	20250412092823.071500	10
20250412092835.905500	20250412092845.905500	10
20250412092845.906000	20250412092855.906000	10
20250412092904.831500	20250412092914.831500	10
20250412092921.758500	20250412092931.758500	10
20250412092931.759000	20250412092941.759000	10
20250412092950.423500	20250412093000.423500	10
20250412093000.424000	20250412093010.424000	10
20250412093021.122000	20250412093031.122000	10
20250412093037.167500	20250412093047.167500	10
20250412093047.168000	20250412093057.168000	10
20250412093058.534000	20250412093108.534000	10
20250412093108.534500	20250412093118.534500	10
20250412093118.535000	20250412093128.535000	10
20250412093141.339500	20250412093151.339500	10
20250412093157.272500	20250412093207.272500	10
20250412093207.273000	20250412093217.273000	10
20250412093222.007500	20250412093232.007500	10
20250412093254.244500	20250412093304.244500	10
20250412093306.056000	20250412093316.056000	10
20250412093316.056500	20250412093326.056500	10
20250412093326.057000	20250412093336.057000	10
20250412093336.057500	20250412093346.057500	10
20250412093351.297000	20250412093401.297000	10
20250412093407.955000	20250412093417.955000	10
20250412093417.955500	20250412093427.955500	10
20250412093437.851000	20250412093447.851000	10
20250412093447.851500	20250412093457.851500	10
20250412093457.852000	20250412093507.852000	10
20250412093507.852500	20250412093517.852500	10
20250412093517.853000	20250412093527.853000	10
20250412093527.853500	20250412093537.853500	10
20250412093545.016500	20250412093555.016500	10
20250412093555.919000	20250412093605.919000	10
20250412093605.919500	20250412093615.919500	10
20250412093615.920000	20250412093625.920000	10
20250412093625.920500	20250412093635.920500	10
20250412093635.921000	20250412093645.921000	10
20250412093645.921500	20250412093655.921500	10
20250412093655.922000	20250412093705.922000	10
20250412093705.922500	20250412093715.922500	10
20250412093715.923000	20250412093725.923000	10
20250412093735.480500	20250412093745.480500	10
20250412093820.037500	20250412093830.037500	10
20250412093830.038000	20250412093840.038000	10
20250412093840.038500	20250412093850.038500	10
20250412093855.378500	20250412093905.378500	10
20250412093905.379000	20250412093915.379000	10
20250412093915.379500	20250412093925.379500	10
#
# END WINDOW LIST
#
