# HV LOG FORMAT RELEASE 1.0
#
# BEGIN COMMAND LINE ARGUMENTS
#
D:/Cloud/OneDrive - UNIVERSITAS INDONESIA/[DANU]/MyFiles/[SOFTWARE]/geopsypack-win64-3.5.2/geopsypack-win64-3.5.2/bin/geopsy.exe  $*
exit $?
#
# END COMMAND LINE ARGUMENTS
#
#
# BEGIN SOFTWARE VERSION
#
  Qt                  6.5.2
  QGpCoreTools        2.5.0 from 3.5.2
      (commit 8e7f9523665497a6e0787d4f623634cee8957aff)
  QGpCoreMath         1.5.2 from 3.5.2
      (commit 45a832cd27865662e9e0c63081f3a1d32999f668)
  GeopsyCore          4.5.1 from 3.5.2
      (commit e32288e5b456ea5f2c7ed80d7f3238414692b3e4)
  QGpGuiTools         2.5.0 from 3.5.2
      (commit dd46b2456fe37b3e090e1ab3cec07542a51228a5)
  SciFigs             3.4.1 from 3.5.2
      (commit d9059f148fd7373f6e5e08322d3d212c98efa1d7)
  QGpGuiMath          1.4.0 from 3.5.2
      (commit 01d498dc90602f5e30e43ed6a16a660c70a0d2aa)
  GeopsyGui           3.5.0 from 3.5.2
      (commit c81d772d484fd4bc83908f5c25c8681405d99aac)
  GeopsySLink         2.1.0 from 3.5.2
      (commit 25c6c74090bb522f466c221ae5436774b79e06fb)
  GeopsySLinkGui      2.0.3 from 3.5.2
      (commit a41e443c12241597cebcf02d3646eb1409d7df80)
  geopsy              3.4.0 from 3.5.2
      (commit 4653563244c5f99ae287e46a6f755687b1a08a49)
  geopsyfigs          1.0.2 from 3.5.2
      (commit c634e2e145800675c35f99c9f2016dad12dde7a9)
  campbelltob3        1.0.2 from 3.5.2
      (commit 305fa22c3976f73387543b8e4880152ff57d33fb)
  DinverCore          1.4.0 from 3.5.2
      (commit 2c5867d8a3d3afc8b55dab6683c45e857f3f1206)
  QGpCoreWave         2.3.0 from 3.5.2
      (commit 5f8fb775da4b2ffe1d609b5d5eea1540b835f8af)
  QGpCompatibility    1.2.0 from 3.5.2
      (commit a43f1ead0e7e26355ad8661e59feda87db583379)
  DinverDCCore        2.3.0 from 3.5.2
      (commit dd36cd8af8c63c8dba6be1f3ab842ea7535433f4)
  QGpCoreStat         1.3.0 from 3.5.2
      (commit e9187dc7eb30087d0c28114d969e7cc341f348c4)
  ArrayCore           4.2.1 from 3.5.2
      (commit bced9454c16a9fc3eb0bc5b744a49991f6dca7a2)
  QGpGuiWave          1.3.0 from 3.5.2
      (commit 22916617b90f55989ffb59cd21312bc7ba38bcd3)
  ArrayGui            1.4.0 from 3.5.2
      (commit c735d1d26af99196b6becdadd34801e81bc42409)
  geopsyarray         3.3.1 from 3.5.2
      (commit a38e660189576dccf9cd1154f04faf3bdcfa55d5)
  geopsydamping       2.1.4 from 3.5.2
      (commit 78e000f8ef6e721e79a5375710ae8982828e16c8)
  HVCore              1.2.0 from 3.5.2
      (commit 4ca5ee46175a87a9a7fa60bd11d602b9920c875e)
  HVGui               1.2.0 from 3.5.2
      (commit b4d37a83716e9c7b740abc0c6a7d1561074ce986)
  geopsyhv            4.0.4 from 3.5.2
      (commit ec71ec24ab953dfd059e1b5c68d114259a208c4a)
  geopsynr            1.1.2 from 3.5.2
      (commit 2aa2630f17e95f770bd7dc9968b6b885e8aa2d41)
  geopsyptmotion      2.0.4 from 3.5.2
      (commit f9889e458845b182f26c61b6a256e8a1478de26b)
  geopsyrefra         2.0.3 from 3.5.2
      (commit 5a89d12d1a08b0efa50415814c3b456903b542e4)
  geopsytfa           2.1.2 from 3.5.2
      (commit 1ba23d15f70cd66f3fe1851cc1a992e9d542ab3c)
  hvtfa               2.1.4 from 3.5.2
      (commit ca8f1b1cc8da451d92a4c95eb80e75162b6b1d1c)
  matfiles            1.0.4 from 3.5.2
      (commit 53d1ee979a42e4409603f4f4c1a4a42cc1a9e162)
  phaseit             1.0.3 from 3.5.2
      (commit 79a2e81ead59b0de0d7a659fdabfb9541dda77a2)
#
# END SOFTWARE VERSION
#
#
# BEGIN SIGNAL LIST
#
[COMP 0]
 [SIG 0] D:/Kulon Progo 2025/Seismik Pasif/processing/1_merge mseed/Merged data/B7_merge3comps.mseed at index 2
[COMP 1]
 [SIG 0] D:/Kulon Progo 2025/Seismik Pasif/processing/1_merge mseed/Merged data/B7_merge3comps.mseed at index 1
[COMP 2]
 [SIG 0] D:/Kulon Progo 2025/Seismik Pasif/processing/1_merge mseed/Merged data/B7_merge3comps.mseed at index 0
#
# END SIGNAL LIST
#
#
# BEGIN PARAMETERS
#
# Version 0: all files generated with releases before 20170901 (default for input)
PARAMETERS_VERSION=1
# TYPEs:
#   - Signal: from the start or to the end of signal (TEXT are useless)
#   - Delta: a fixed duration counted from the start or the end (e.g. TEXT=1h).
#   - Pick: from or to a time pick (TEXT=time pick name).
#   - Absolute: from or to a fixed time (e.g. TEXT=20170314115338.00)
FROM_TIME_TYPE=Signal
FROM_TIME_TEXT=0s
# TYPEs: Signal, Delta, Absolute
TO_TIME_TYPE=Signal
TO_TIME_TEXT=0s
REFERENCE=
COMMON_TIME_WINDOWS=false
# TYPEs: Exactly, AtLeast, FrequencyDependent
WINDOW_LENGTH_TYPE=Exactly
WINDOW_MIN_LENGTH(s)=10
WINDOW_MAX_LENGTH(s)=10
WINDOW_MAX_COUNT=0
# Length of time windows are adjusted to avoid a prime number of samples which
# slows down the FFT computation. Usually a maximum prime of 11 in the prime factorization
# of the number of samples is a good compromise between the speed and the lenght inaccuracy
# Leave as zero to allow any prime number factorization.
WINDOW_MAXIMUM_PRIME_FACTOR=11
BAD_SAMPLE_TOLERANCE (s)=0
BAD_SAMPLE_GAP (s)=0
WINDOW_OVERLAP (%)=0
# TYPEs: NoSampleThreshold, RelativeSampleThreshold, AbsoluteSampleThreshold
BAD_SAMPLE_THRESHOLD_TYPE=NoSampleThreshold
ANTI-TRIGGERING_ON_RAW_SIGNAL (y/n)=y
USED_RAW_COMPONENTS=y, y, y
RAW_STA (s)=1
RAW_LTA (s)=30
RAW_MIN_SLTA=0.2
RAW_MAX_SLTA=2
ANTI-TRIGGERING_ON_FILTERED_SIGNAL (y/n)=n
# Start a time window for each seismic event available inside the time range.
SEISMIC_EVENT_TRIGGER (y/n)=n
SEISMIC_EVENT_DELAY (s)=-0.1
WINDOW_TYPE=Cosine
WINDOW_REVERSED=n
SMOOTHING_METHOD=Function
SMOOTHING_WIDTH_TYPE=Proportional
SMOOTHING_WIDTH=0.9
# Describes the way values are summed: on a linear, log or inverse scale
SMOOTHING_SCALE_TYPE=Linear
SMOOTHING_WINDOW_TYPE=Cosine
SMOOTHING_WINDOW_REVERSED=n
MINIMUM_FREQUENCY=0.1
MAXIMUM_FREQUENCY=20
# Either 'Linear', 'Log' or 'Inverse'
SCALE_TYPE_FREQUENCY=Log
# Number of samples is either set to a fixed value ('Count') or through a step between samples ('Step')'
STEP_TYPE_FREQUENCY=Step
SAMPLES_NUMBER_FREQUENCY=215
# STEP=difference between two successive samples for 'linear' scales
# STEP=ratio between two successive samples for 'log' scales
# STEP=difference between two successive inverse samples for 'inverse' scales
STEP_FREQUENCY=1.025
# Required when using short time windows when the number of frequency samples
# is higher than the number of points in the spectra.
OVER_SAMPLING_FACTOR=1
HIGH_PASS_FREQUENCY=0
# Possible values for HORIZONTAL_COMPONENTS: Squared, Energy, Azimuth, Geometric
HORIZONTAL_COMPONENTS=Squared
# HORIZONTAL_AZIMUTH is used only when HORIZONTAL_COMPONENTS==Azimuth
HORIZONTAL_AZIMUTH=0
# Used only for rotated output
ROTATION_STEP=10
# Frequency domain window rejection (Cox et al. (2020, GJI)
FREQUENCY_WINDOW_REJECTION_MINIMUM_FREQUENCY=0.1
FREQUENCY_WINDOW_REJECTION_MAXIMUM_FREQUENCY=50
FREQUENCY_WINDOW_REJECTION_STDDEV_FACTOR=2
FREQUENCY_WINDOW_REJECTION_MAXIMUM_ITERATIONS=50
#
# END PARAMETERS
#
#
# BEGIN WINDOWING LOG
#
Automatic windowing
#
# END WINDOWING LOG
#
#
# BEGIN WINDOW LIST
#
# Number= 511
# Start time 	 End Time 	 Window length
20250412104244.988000	20250412104254.988000	10
20250412104254.988500	20250412104304.988500	10
20250412104304.989000	20250412104314.989000	10
20250412104314.989500	20250412104324.989500	10
20250412104324.990000	20250412104334.990000	10
20250412104334.990500	20250412104344.990500	10
20250412104344.991000	20250412104354.991000	10
20250412104354.991500	20250412104404.991500	10
20250412104404.992000	20250412104414.992000	10
20250412104414.992500	20250412104424.992500	10
20250412104424.993000	20250412104434.993000	10
20250412104437.729500	20250412104447.729500	10
20250412104447.730000	20250412104457.730000	10
20250412104512.665500	20250412104522.665500	10
20250412104522.666000	20250412104532.666000	10
20250412104532.666500	20250412104542.666500	10
20250412104542.989500	20250412104552.989500	10
20250412104552.990000	20250412104602.990000	10
20250412104602.990500	20250412104612.990500	10
20250412104612.991000	20250412104622.991000	10
20250412104622.991500	20250412104632.991500	10
20250412104632.992000	20250412104642.992000	10
20250412104642.992500	20250412104652.992500	10
20250412104652.993000	20250412104702.993000	10
20250412104702.993500	20250412104712.993500	10
20250412104712.994000	20250412104722.994000	10
20250412104722.994500	20250412104732.994500	10
20250412104732.995000	20250412104742.995000	10
20250412104753.414000	20250412104803.414000	10
20250412104808.098500	20250412104818.098500	10
20250412104818.099000	20250412104828.099000	10
20250412104840.198500	20250412104850.198500	10
20250412104850.199000	20250412104900.199000	10
20250412104900.199500	20250412104910.199500	10
20250412104910.200000	20250412104920.200000	10
20250412104920.200500	20250412104930.200500	10
20250412104930.201000	20250412104940.201000	10
20250412104940.201500	20250412104950.201500	10
20250412104950.202000	20250412105000.202000	10
20250412105000.202500	20250412105010.202500	10
20250412105010.203000	20250412105020.203000	10
20250412105020.203500	20250412105030.203500	10
20250412105030.204000	20250412105040.204000	10
20250412105040.204500	20250412105050.204500	10
20250412105050.205000	20250412105100.205000	10
20250412105107.852000	20250412105117.852000	10
20250412105123.531500	20250412105133.531500	10
20250412105133.532000	20250412105143.532000	10
20250412105143.532500	20250412105153.532500	10
20250412105153.533000	20250412105203.533000	10
20250412105203.533500	20250412105213.533500	10
20250412105213.534000	20250412105223.534000	10
20250412105223.534500	20250412105233.534500	10
20250412105233.535000	20250412105243.535000	10
20250412105243.535500	20250412105253.535500	10
20250412105253.536000	20250412105303.536000	10
20250412105303.536500	20250412105313.536500	10
20250412105313.537000	20250412105323.537000	10
20250412105323.537500	20250412105333.537500	10
20250412105347.153000	20250412105357.153000	10
20250412105405.036500	20250412105415.036500	10
20250412105415.037000	20250412105425.037000	10
20250412105425.037500	20250412105435.037500	10
20250412105438.878000	20250412105448.878000	10
20250412105502.633000	20250412105512.633000	10
20250412105512.633500	20250412105522.633500	10
20250412105522.634000	20250412105532.634000	10
20250412105532.634500	20250412105542.634500	10
20250412105542.635000	20250412105552.635000	10
20250412105552.635500	20250412105602.635500	10
20250412105602.636000	20250412105612.636000	10
20250412105612.636500	20250412105622.636500	10
20250412105622.637000	20250412105632.637000	10
20250412105632.637500	20250412105642.637500	10
20250412105652.225000	20250412105702.225000	10
20250412105702.225500	20250412105712.225500	10
20250412105721.850500	20250412105731.850500	10
20250412105731.851000	20250412105741.851000	10
20250412105741.851500	20250412105751.851500	10
20250412105751.852000	20250412105801.852000	10
20250412105801.852500	20250412105811.852500	10
20250412105811.853000	20250412105821.853000	10
20250412105821.853500	20250412105831.853500	10
20250412105833.931000	20250412105843.931000	10
20250412105843.931500	20250412105853.931500	10
20250412105853.932000	20250412105903.932000	10
20250412105903.932500	20250412105913.932500	10
20250412105913.933000	20250412105923.933000	10
20250412105931.947500	20250412105941.947500	10
20250412105941.948000	20250412105951.948000	10
20250412105951.948500	20250412110001.948500	10
20250412110001.949000	20250412110011.949000	10
20250412110011.949500	20250412110021.949500	10
20250412110021.950000	20250412110031.950000	10
20250412110031.950500	20250412110041.950500	10
20250412110052.125000	20250412110102.125000	10
20250412110102.125500	20250412110112.125500	10
20250412110113.464500	20250412110123.464500	10
20250412110123.465000	20250412110133.465000	10
20250412110137.395000	20250412110147.395000	10
20250412110147.395500	20250412110157.395500	10
20250412110157.396000	20250412110207.396000	10
20250412110207.396500	20250412110217.396500	10
20250412110217.397000	20250412110227.397000	10
20250412110227.397500	20250412110237.397500	10
20250412110238.090000	20250412110248.090000	10
20250412110248.090500	20250412110258.090500	10
20250412110301.406500	20250412110311.406500	10
20250412110318.822500	20250412110328.822500	10
20250412110328.823000	20250412110338.823000	10
20250412110338.823500	20250412110348.823500	10
20250412110348.824000	20250412110358.824000	10
20250412110358.824500	20250412110408.824500	10
20250412110408.825000	20250412110418.825000	10
20250412110418.825500	20250412110428.825500	10
20250412110428.826000	20250412110438.826000	10
20250412110438.826500	20250412110448.826500	10
20250412110448.827000	20250412110458.827000	10
20250412110504.677000	20250412110514.677000	10
20250412110514.677500	20250412110524.677500	10
20250412110524.678000	20250412110534.678000	10
20250412110534.678500	20250412110544.678500	10
20250412110544.679000	20250412110554.679000	10
20250412110554.679500	20250412110604.679500	10
20250412110604.680000	20250412110614.680000	10
20250412110614.680500	20250412110624.680500	10
20250412110624.681000	20250412110634.681000	10
20250412110634.681500	20250412110644.681500	10
20250412110644.682000	20250412110654.682000	10
20250412110654.682500	20250412110704.682500	10
20250412110704.683000	20250412110714.683000	10
20250412110714.683500	20250412110724.683500	10
20250412110724.684000	20250412110734.684000	10
20250412110734.684500	20250412110744.684500	10
20250412110750.482000	20250412110800.482000	10
20250412110800.482500	20250412110810.482500	10
20250412110810.483000	20250412110820.483000	10
20250412110820.483500	20250412110830.483500	10
20250412110830.484000	20250412110840.484000	10
20250412110840.484500	20250412110850.484500	10
20250412110850.485000	20250412110900.485000	10
20250412110900.485500	20250412110910.485500	10
20250412110910.486000	20250412110920.486000	10
20250412110920.486500	20250412110930.486500	10
20250412110933.031500	20250412110943.031500	10
20250412110954.890000	20250412111004.890000	10
20250412111004.890500	20250412111014.890500	10
20250412111014.891000	20250412111024.891000	10
20250412111024.891500	20250412111034.891500	10
20250412111034.892000	20250412111044.892000	10
20250412111044.892500	20250412111054.892500	10
20250412111105.100500	20250412111115.100500	10
20250412111115.101000	20250412111125.101000	10
20250412111136.374000	20250412111146.374000	10
20250412111146.374500	20250412111156.374500	10
20250412111156.375000	20250412111206.375000	10
20250412111206.375500	20250412111216.375500	10
20250412111216.376000	20250412111226.376000	10
20250412111226.376500	20250412111236.376500	10
20250412111236.377000	20250412111246.377000	10
20250412111246.377500	20250412111256.377500	10
20250412111256.378000	20250412111306.378000	10
20250412111306.378500	20250412111316.378500	10
20250412111316.379000	20250412111326.379000	10
20250412111326.379500	20250412111336.379500	10
20250412111336.380000	20250412111346.380000	10
20250412111346.380500	20250412111356.380500	10
20250412111356.381000	20250412111406.381000	10
20250412111406.381500	20250412111416.381500	10
20250412111416.382000	20250412111426.382000	10
20250412111426.382500	20250412111436.382500	10
20250412111436.383000	20250412111446.383000	10
20250412111446.383500	20250412111456.383500	10
20250412111456.384000	20250412111506.384000	10
20250412111506.384500	20250412111516.384500	10
20250412111522.735500	20250412111532.735500	10
20250412111532.736000	20250412111542.736000	10
20250412111542.736500	20250412111552.736500	10
20250412111552.737000	20250412111602.737000	10
20250412111602.737500	20250412111612.737500	10
20250412111614.694500	20250412111624.694500	10
20250412111624.695000	20250412111634.695000	10
20250412111634.695500	20250412111644.695500	10
20250412111646.048500	20250412111656.048500	10
20250412111656.049000	20250412111706.049000	10
20250412111706.049500	20250412111716.049500	10
20250412111716.050000	20250412111726.050000	10
20250412111726.050500	20250412111736.050500	10
20250412111736.051000	20250412111746.051000	10
20250412111746.051500	20250412111756.051500	10
20250412111756.052000	20250412111806.052000	10
20250412111806.052500	20250412111816.052500	10
20250412111816.053000	20250412111826.053000	10
20250412111826.053500	20250412111836.053500	10
20250412111836.054000	20250412111846.054000	10
20250412111846.054500	20250412111856.054500	10
20250412111904.582000	20250412111914.582000	10
20250412111914.582500	20250412111924.582500	10
20250412111943.270000	20250412111953.270000	10
20250412111953.270500	20250412112003.270500	10
20250412112003.271000	20250412112013.271000	10
20250412112013.271500	20250412112023.271500	10
20250412112023.272000	20250412112033.272000	10
20250412112033.272500	20250412112043.272500	10
20250412112043.273000	20250412112053.273000	10
20250412112059.281000	20250412112109.281000	10
20250412112109.281500	20250412112119.281500	10
20250412112119.282000	20250412112129.282000	10
20250412112137.338500	20250412112147.338500	10
20250412112147.339000	20250412112157.339000	10
20250412112157.339500	20250412112207.339500	10
20250412112207.340000	20250412112217.340000	10
20250412112217.340500	20250412112227.340500	10
20250412112227.341000	20250412112237.341000	10
20250412112244.095000	20250412112254.095000	10
20250412112312.287500	20250412112322.287500	10
20250412112322.288000	20250412112332.288000	10
20250412112332.288500	20250412112342.288500	10
20250412112342.289000	20250412112352.289000	10
20250412112352.289500	20250412112402.289500	10
20250412112402.290000	20250412112412.290000	10
20250412112412.290500	20250412112422.290500	10
20250412112422.291000	20250412112432.291000	10
20250412112432.291500	20250412112442.291500	10
20250412112442.292000	20250412112452.292000	10
20250412112454.746000	20250412112504.746000	10
20250412112513.010000	20250412112523.010000	10
20250412112523.010500	20250412112533.010500	10
20250412112533.011000	20250412112543.011000	10
20250412112543.011500	20250412112553.011500	10
20250412112554.703500	20250412112604.703500	10
20250412112604.704000	20250412112614.704000	10
20250412112619.837000	20250412112629.837000	10
20250412112631.480500	20250412112641.480500	10
20250412112641.481000	20250412112651.481000	10
20250412112651.481500	20250412112701.481500	10
20250412112701.482000	20250412112711.482000	10
20250412112711.482500	20250412112721.482500	10
20250412112721.483000	20250412112731.483000	10
20250412112731.483500	20250412112741.483500	10
20250412112741.484000	20250412112751.484000	10
20250412112751.484500	20250412112801.484500	10
20250412112803.561000	20250412112813.561000	10
20250412112813.561500	20250412112823.561500	10
20250412112823.562000	20250412112833.562000	10
20250412112833.562500	20250412112843.562500	10
20250412112847.312500	20250412112857.312500	10
20250412112857.313000	20250412112907.313000	10
20250412112907.313500	20250412112917.313500	10
20250412112917.314000	20250412112927.314000	10
20250412112927.314500	20250412112937.314500	10
20250412112937.315000	20250412112947.315000	10
20250412112947.315500	20250412112957.315500	10
20250412112957.316000	20250412113007.316000	10
20250412113007.316500	20250412113017.316500	10
20250412113017.317000	20250412113027.317000	10
20250412113037.109500	20250412113047.109500	10
20250412113047.110000	20250412113057.110000	10
20250412113057.110500	20250412113107.110500	10
20250412113107.111000	20250412113117.111000	10
20250412113117.111500	20250412113127.111500	10
20250412113127.112000	20250412113137.112000	10
20250412113146.169500	20250412113156.169500	10
20250412113156.170000	20250412113206.170000	10
20250412113206.170500	20250412113216.170500	10
20250412113216.171000	20250412113226.171000	10
20250412113226.171500	20250412113236.171500	10
20250412113236.172000	20250412113246.172000	10
20250412113246.172500	20250412113256.172500	10
20250412113256.173000	20250412113306.173000	10
20250412113306.173500	20250412113316.173500	10
20250412113316.174000	20250412113326.174000	10
20250412113326.174500	20250412113336.174500	10
20250412113336.175000	20250412113346.175000	10
20250412113346.175500	20250412113356.175500	10
20250412113356.176000	20250412113406.176000	10
20250412113406.176500	20250412113416.176500	10
20250412113416.177000	20250412113426.177000	10
20250412113426.177500	20250412113436.177500	10
20250412113436.178000	20250412113446.178000	10
20250412113446.178500	20250412113456.178500	10
20250412113456.179000	20250412113506.179000	10
20250412113506.179500	20250412113516.179500	10
20250412113516.180000	20250412113526.180000	10
20250412113526.180500	20250412113536.180500	10
20250412113536.181000	20250412113546.181000	10
20250412113546.181500	20250412113556.181500	10
20250412113556.182000	20250412113606.182000	10
20250412113606.182500	20250412113616.182500	10
20250412113616.183000	20250412113626.183000	10
20250412113626.183500	20250412113636.183500	10
20250412113636.184000	20250412113646.184000	10
20250412113646.184500	20250412113656.184500	10
20250412113656.185000	20250412113706.185000	10
20250412113706.185500	20250412113716.185500	10
20250412113716.186000	20250412113726.186000	10
20250412113726.186500	20250412113736.186500	10
20250412113743.456500	20250412113753.456500	10
20250412113753.457000	20250412113803.457000	10
20250412113803.457500	20250412113813.457500	10
20250412113817.813500	20250412113827.813500	10
20250412113836.691500	20250412113846.691500	10
20250412113846.692000	20250412113856.692000	10
20250412113856.692500	20250412113906.692500	10
20250412113906.693000	20250412113916.693000	10
20250412113916.693500	20250412113926.693500	10
20250412113934.864500	20250412113944.864500	10
20250412113944.865000	20250412113954.865000	10
20250412113954.865500	20250412114004.865500	10
20250412114004.866000	20250412114014.866000	10
20250412114021.080500	20250412114031.080500	10
20250412114031.081000	20250412114041.081000	10
20250412114044.900500	20250412114054.900500	10
20250412114101.020500	20250412114111.020500	10
20250412114113.947500	20250412114123.947500	10
20250412114123.948000	20250412114133.948000	10
20250412114133.948500	20250412114143.948500	10
20250412114143.949000	20250412114153.949000	10
20250412114153.949500	20250412114203.949500	10
20250412114203.950000	20250412114213.950000	10
20250412114213.950500	20250412114223.950500	10
20250412114223.951000	20250412114233.951000	10
20250412114233.951500	20250412114243.951500	10
20250412114243.952000	20250412114253.952000	10
20250412114253.952500	20250412114303.952500	10
20250412114303.953000	20250412114313.953000	10
20250412114313.953500	20250412114323.953500	10
20250412114323.954000	20250412114333.954000	10
20250412114333.954500	20250412114343.954500	10
20250412114343.955000	20250412114353.955000	10
20250412114353.955500	20250412114403.955500	10
20250412114403.956000	20250412114413.956000	10
20250412114413.956500	20250412114423.956500	10
20250412114423.957000	20250412114433.957000	10
20250412114433.957500	20250412114443.957500	10
20250412114443.958000	20250412114453.958000	10
20250412114453.958500	20250412114503.958500	10
20250412114503.959000	20250412114513.959000	10
20250412114513.959500	20250412114523.959500	10
20250412114523.960000	20250412114533.960000	10
20250412114533.960500	20250412114543.960500	10
20250412114543.961000	20250412114553.961000	10
20250412114553.961500	20250412114603.961500	10
20250412114605.195000	20250412114615.195000	10
20250412114617.286000	20250412114627.286000	10
20250412114627.286500	20250412114637.286500	10
20250412114637.287000	20250412114647.287000	10
20250412114647.287500	20250412114657.287500	10
20250412114657.288000	20250412114707.288000	10
20250412114707.288500	20250412114717.288500	10
20250412114736.756000	20250412114746.756000	10
20250412114748.079500	20250412114758.079500	10
20250412114758.080000	20250412114808.080000	10
20250412114808.080500	20250412114818.080500	10
20250412114818.081000	20250412114828.081000	10
20250412114828.081500	20250412114838.081500	10
20250412114838.082000	20250412114848.082000	10
20250412114848.082500	20250412114858.082500	10
20250412114858.083000	20250412114908.083000	10
20250412114908.083500	20250412114918.083500	10
20250412114918.084000	20250412114928.084000	10
20250412114928.084500	20250412114938.084500	10
20250412114938.085000	20250412114948.085000	10
20250412114948.085500	20250412114958.085500	10
20250412114958.086000	20250412115008.086000	10
20250412115008.086500	20250412115018.086500	10
20250412115018.087000	20250412115028.087000	10
20250412115028.087500	20250412115038.087500	10
20250412115038.088000	20250412115048.088000	10
20250412115048.088500	20250412115058.088500	10
20250412115058.089000	20250412115108.089000	10
20250412115108.089500	20250412115118.089500	10
20250412115118.090000	20250412115128.090000	10
20250412115128.090500	20250412115138.090500	10
20250412115138.091000	20250412115148.091000	10
20250412115148.091500	20250412115158.091500	10
20250412115158.092000	20250412115208.092000	10
20250412115208.092500	20250412115218.092500	10
20250412115218.093000	20250412115228.093000	10
20250412115228.093500	20250412115238.093500	10
20250412115238.094000	20250412115248.094000	10
20250412115248.094500	20250412115258.094500	10
20250412115258.095000	20250412115308.095000	10
20250412115308.095500	20250412115318.095500	10
20250412115318.096000	20250412115328.096000	10
20250412115328.096500	20250412115338.096500	10
20250412115338.097000	20250412115348.097000	10
20250412115348.097500	20250412115358.097500	10
20250412115358.098000	20250412115408.098000	10
20250412115408.098500	20250412115418.098500	10
20250412115418.099000	20250412115428.099000	10
20250412115428.099500	20250412115438.099500	10
20250412115438.100000	20250412115448.100000	10
20250412115448.100500	20250412115458.100500	10
20250412115458.101000	20250412115508.101000	10
20250412115508.101500	20250412115518.101500	10
20250412115518.102000	20250412115528.102000	10
20250412115528.102500	20250412115538.102500	10
20250412115538.103000	20250412115548.103000	10
20250412115548.103500	20250412115558.103500	10
20250412115558.104000	20250412115608.104000	10
20250412115608.104500	20250412115618.104500	10
20250412115618.105000	20250412115628.105000	10
20250412115628.105500	20250412115638.105500	10
20250412115638.106000	20250412115648.106000	10
20250412115648.106500	20250412115658.106500	10
20250412115658.107000	20250412115708.107000	10
20250412115708.107500	20250412115718.107500	10
20250412115718.108000	20250412115728.108000	10
20250412115728.108500	20250412115738.108500	10
20250412115738.109000	20250412115748.109000	10
20250412115748.109500	20250412115758.109500	10
20250412115758.110000	20250412115808.110000	10
20250412115808.110500	20250412115818.110500	10
20250412115818.111000	20250412115828.111000	10
20250412115828.111500	20250412115838.111500	10
20250412115838.112000	20250412115848.112000	10
20250412115848.112500	20250412115858.112500	10
20250412115858.113000	20250412115908.113000	10
20250412115908.113500	20250412115918.113500	10
20250412115922.597000	20250412115932.597000	10
20250412115932.597500	20250412115942.597500	10
20250412115942.598000	20250412115952.598000	10
20250412115952.598500	20250412120002.598500	10
20250412120002.599000	20250412120012.599000	10
20250412120012.599500	20250412120022.599500	10
20250412120022.600000	20250412120032.600000	10
20250412120032.600500	20250412120042.600500	10
20250412120042.601000	20250412120052.601000	10
20250412120052.601500	20250412120102.601500	10
20250412120102.602000	20250412120112.602000	10
20250412120112.602500	20250412120122.602500	10
20250412120122.603000	20250412120132.603000	10
20250412120132.603500	20250412120142.603500	10
20250412120142.604000	20250412120152.604000	10
20250412120152.604500	20250412120202.604500	10
20250412120202.605000	20250412120212.605000	10
20250412120212.605500	20250412120222.605500	10
20250412120222.606000	20250412120232.606000	10
20250412120237.606500	20250412120247.606500	10
20250412120247.607000	20250412120257.607000	10
20250412120257.607500	20250412120307.607500	10
20250412120307.608000	20250412120317.608000	10
20250412120317.608500	20250412120327.608500	10
20250412120339.568000	20250412120349.568000	10
20250412120357.703500	20250412120407.703500	10
20250412120407.704000	20250412120417.704000	10
20250412120417.704500	20250412120427.704500	10
20250412120427.705000	20250412120437.705000	10
20250412120437.705500	20250412120447.705500	10
20250412120447.706000	20250412120457.706000	10
20250412120457.706500	20250412120507.706500	10
20250412120507.707000	20250412120517.707000	10
20250412120517.707500	20250412120527.707500	10
20250412120527.708000	20250412120537.708000	10
20250412120537.708500	20250412120547.708500	10
20250412120554.578000	20250412120604.578000	10
20250412120604.578500	20250412120614.578500	10
20250412120614.579000	20250412120624.579000	10
20250412120624.579500	20250412120634.579500	10
20250412120634.580000	20250412120644.580000	10
20250412120649.355000	20250412120659.355000	10
20250412120704.848500	20250412120714.848500	10
20250412120714.849000	20250412120724.849000	10
20250412120724.849500	20250412120734.849500	10
20250412120734.850000	20250412120744.850000	10
20250412120744.850500	20250412120754.850500	10
20250412120754.851000	20250412120804.851000	10
20250412120804.851500	20250412120814.851500	10
20250412120814.852000	20250412120824.852000	10
20250412120824.852500	20250412120834.852500	10
20250412120834.853000	20250412120844.853000	10
20250412120844.853500	20250412120854.853500	10
20250412120854.854000	20250412120904.854000	10
20250412120904.854500	20250412120914.854500	10
20250412120914.855000	20250412120924.855000	10
20250412120924.855500	20250412120934.855500	10
20250412120934.856000	20250412120944.856000	10
20250412120944.856500	20250412120954.856500	10
20250412121009.882000	20250412121019.882000	10
20250412121038.855000	20250412121048.855000	10
20250412121049.929000	20250412121059.929000	10
20250412121059.929500	20250412121109.929500	10
20250412121112.729500	20250412121122.729500	10
20250412121122.730000	20250412121132.730000	10
20250412121132.730500	20250412121142.730500	10
20250412121148.289000	20250412121158.289000	10
20250412121158.289500	20250412121208.289500	10
20250412121208.290000	20250412121218.290000	10
20250412121222.559500	20250412121232.559500	10
20250412121232.560000	20250412121242.560000	10
20250412121242.560500	20250412121252.560500	10
20250412121252.561000	20250412121302.561000	10
20250412121302.561500	20250412121312.561500	10
20250412121312.562000	20250412121322.562000	10
20250412121322.562500	20250412121332.562500	10
20250412121332.563000	20250412121342.563000	10
20250412121342.563500	20250412121352.563500	10
20250412121352.564000	20250412121402.564000	10
20250412121402.564500	20250412121412.564500	10
20250412121418.788000	20250412121428.788000	10
20250412121428.788500	20250412121438.788500	10
20250412121438.789000	20250412121448.789000	10
20250412121448.789500	20250412121458.789500	10
20250412121458.790000	20250412121508.790000	10
20250412121513.451000	20250412121523.451000	10
20250412121523.451500	20250412121533.451500	10
20250412121543.657500	20250412121553.657500	10
20250412121553.658000	20250412121603.658000	10
20250412121603.658500	20250412121613.658500	10
20250412121613.659000	20250412121623.659000	10
#
# END WINDOW LIST
#
