# HV LOG FORMAT RELEASE 1.0
#
# BEGIN COMMAND LINE ARGUMENTS
#
D:/Cloud/OneDrive - UNIVERSITAS INDONESIA/[DANU]/MyFiles/[SOFTWARE]/geopsypack-win64-3.5.2/geopsypack-win64-3.5.2/bin/geopsy.exe  $*
exit $?
#
# END COMMAND LINE ARGUMENTS
#
#
# BEGIN SOFTWARE VERSION
#
  Qt                  6.5.2
  QGpCoreTools        2.5.0 from 3.5.2
      (commit 8e7f9523665497a6e0787d4f623634cee8957aff)
  QGpCoreMath         1.5.2 from 3.5.2
      (commit 45a832cd27865662e9e0c63081f3a1d32999f668)
  GeopsyCore          4.5.1 from 3.5.2
      (commit e32288e5b456ea5f2c7ed80d7f3238414692b3e4)
  QGpGuiTools         2.5.0 from 3.5.2
      (commit dd46b2456fe37b3e090e1ab3cec07542a51228a5)
  SciFigs             3.4.1 from 3.5.2
      (commit d9059f148fd7373f6e5e08322d3d212c98efa1d7)
  QGpGuiMath          1.4.0 from 3.5.2
      (commit 01d498dc90602f5e30e43ed6a16a660c70a0d2aa)
  GeopsyGui           3.5.0 from 3.5.2
      (commit c81d772d484fd4bc83908f5c25c8681405d99aac)
  GeopsySLink         2.1.0 from 3.5.2
      (commit 25c6c74090bb522f466c221ae5436774b79e06fb)
  GeopsySLinkGui      2.0.3 from 3.5.2
      (commit a41e443c12241597cebcf02d3646eb1409d7df80)
  geopsy              3.4.0 from 3.5.2
      (commit 4653563244c5f99ae287e46a6f755687b1a08a49)
  geopsyfigs          1.0.2 from 3.5.2
      (commit c634e2e145800675c35f99c9f2016dad12dde7a9)
  campbelltob3        1.0.2 from 3.5.2
      (commit 305fa22c3976f73387543b8e4880152ff57d33fb)
  DinverCore          1.4.0 from 3.5.2
      (commit 2c5867d8a3d3afc8b55dab6683c45e857f3f1206)
  QGpCoreWave         2.3.0 from 3.5.2
      (commit 5f8fb775da4b2ffe1d609b5d5eea1540b835f8af)
  QGpCompatibility    1.2.0 from 3.5.2
      (commit a43f1ead0e7e26355ad8661e59feda87db583379)
  DinverDCCore        2.3.0 from 3.5.2
      (commit dd36cd8af8c63c8dba6be1f3ab842ea7535433f4)
  QGpCoreStat         1.3.0 from 3.5.2
      (commit e9187dc7eb30087d0c28114d969e7cc341f348c4)
  ArrayCore           4.2.1 from 3.5.2
      (commit bced9454c16a9fc3eb0bc5b744a49991f6dca7a2)
  QGpGuiWave          1.3.0 from 3.5.2
      (commit 22916617b90f55989ffb59cd21312bc7ba38bcd3)
  ArrayGui            1.4.0 from 3.5.2
      (commit c735d1d26af99196b6becdadd34801e81bc42409)
  geopsyarray         3.3.1 from 3.5.2
      (commit a38e660189576dccf9cd1154f04faf3bdcfa55d5)
  geopsydamping       2.1.4 from 3.5.2
      (commit 78e000f8ef6e721e79a5375710ae8982828e16c8)
  HVCore              1.2.0 from 3.5.2
      (commit 4ca5ee46175a87a9a7fa60bd11d602b9920c875e)
  HVGui               1.2.0 from 3.5.2
      (commit b4d37a83716e9c7b740abc0c6a7d1561074ce986)
  geopsyhv            4.0.4 from 3.5.2
      (commit ec71ec24ab953dfd059e1b5c68d114259a208c4a)
  geopsynr            1.1.2 from 3.5.2
      (commit 2aa2630f17e95f770bd7dc9968b6b885e8aa2d41)
  geopsyptmotion      2.0.4 from 3.5.2
      (commit f9889e458845b182f26c61b6a256e8a1478de26b)
  geopsyrefra         2.0.3 from 3.5.2
      (commit 5a89d12d1a08b0efa50415814c3b456903b542e4)
  geopsytfa           2.1.2 from 3.5.2
      (commit 1ba23d15f70cd66f3fe1851cc1a992e9d542ab3c)
  hvtfa               2.1.4 from 3.5.2
      (commit ca8f1b1cc8da451d92a4c95eb80e75162b6b1d1c)
  matfiles            1.0.4 from 3.5.2
      (commit 53d1ee979a42e4409603f4f4c1a4a42cc1a9e162)
  phaseit             1.0.3 from 3.5.2
      (commit 79a2e81ead59b0de0d7a659fdabfb9541dda77a2)
#
# END SOFTWARE VERSION
#
#
# BEGIN SIGNAL LIST
#
[COMP 0]
 [SIG 0] D:/Kulon Progo 2025/Seismik Pasif/processing/1_merge mseed/Merged data/D1_merge3comps.mseed at index 2
[COMP 1]
 [SIG 0] D:/Kulon Progo 2025/Seismik Pasif/processing/1_merge mseed/Merged data/D1_merge3comps.mseed at index 1
[COMP 2]
 [SIG 0] D:/Kulon Progo 2025/Seismik Pasif/processing/1_merge mseed/Merged data/D1_merge3comps.mseed at index 0
#
# END SIGNAL LIST
#
#
# BEGIN PARAMETERS
#
# Version 0: all files generated with releases before 20170901 (default for input)
PARAMETERS_VERSION=1
# TYPEs:
#   - Signal: from the start or to the end of signal (TEXT are useless)
#   - Delta: a fixed duration counted from the start or the end (e.g. TEXT=1h).
#   - Pick: from or to a time pick (TEXT=time pick name).
#   - Absolute: from or to a fixed time (e.g. TEXT=20170314115338.00)
FROM_TIME_TYPE=Signal
FROM_TIME_TEXT=0s
# TYPEs: Signal, Delta, Absolute
TO_TIME_TYPE=Signal
TO_TIME_TEXT=0s
REFERENCE=
COMMON_TIME_WINDOWS=false
# TYPEs: Exactly, AtLeast, FrequencyDependent
WINDOW_LENGTH_TYPE=Exactly
WINDOW_MIN_LENGTH(s)=10
WINDOW_MAX_LENGTH(s)=10
WINDOW_MAX_COUNT=0
# Length of time windows are adjusted to avoid a prime number of samples which
# slows down the FFT computation. Usually a maximum prime of 11 in the prime factorization
# of the number of samples is a good compromise between the speed and the lenght inaccuracy
# Leave as zero to allow any prime number factorization.
WINDOW_MAXIMUM_PRIME_FACTOR=11
BAD_SAMPLE_TOLERANCE (s)=0
BAD_SAMPLE_GAP (s)=0
WINDOW_OVERLAP (%)=0
# TYPEs: NoSampleThreshold, RelativeSampleThreshold, AbsoluteSampleThreshold
BAD_SAMPLE_THRESHOLD_TYPE=NoSampleThreshold
ANTI-TRIGGERING_ON_RAW_SIGNAL (y/n)=y
USED_RAW_COMPONENTS=y, y, y
RAW_STA (s)=1
RAW_LTA (s)=30
RAW_MIN_SLTA=0.2
RAW_MAX_SLTA=2
ANTI-TRIGGERING_ON_FILTERED_SIGNAL (y/n)=n
# Start a time window for each seismic event available inside the time range.
SEISMIC_EVENT_TRIGGER (y/n)=n
SEISMIC_EVENT_DELAY (s)=-0.1
WINDOW_TYPE=Cosine
WINDOW_REVERSED=n
SMOOTHING_METHOD=Function
SMOOTHING_WIDTH_TYPE=Proportional
SMOOTHING_WIDTH=0.9
# Describes the way values are summed: on a linear, log or inverse scale
SMOOTHING_SCALE_TYPE=Linear
SMOOTHING_WINDOW_TYPE=Cosine
SMOOTHING_WINDOW_REVERSED=n
MINIMUM_FREQUENCY=0.1
MAXIMUM_FREQUENCY=20
# Either 'Linear', 'Log' or 'Inverse'
SCALE_TYPE_FREQUENCY=Log
# Number of samples is either set to a fixed value ('Count') or through a step between samples ('Step')'
STEP_TYPE_FREQUENCY=Step
SAMPLES_NUMBER_FREQUENCY=215
# STEP=difference between two successive samples for 'linear' scales
# STEP=ratio between two successive samples for 'log' scales
# STEP=difference between two successive inverse samples for 'inverse' scales
STEP_FREQUENCY=1.025
# Required when using short time windows when the number of frequency samples
# is higher than the number of points in the spectra.
OVER_SAMPLING_FACTOR=1
HIGH_PASS_FREQUENCY=0
# Possible values for HORIZONTAL_COMPONENTS: Squared, Energy, Azimuth, Geometric
HORIZONTAL_COMPONENTS=Squared
# HORIZONTAL_AZIMUTH is used only when HORIZONTAL_COMPONENTS==Azimuth
HORIZONTAL_AZIMUTH=0
# Used only for rotated output
ROTATION_STEP=10
# Frequency domain window rejection (Cox et al. (2020, GJI)
FREQUENCY_WINDOW_REJECTION_MINIMUM_FREQUENCY=0.1
FREQUENCY_WINDOW_REJECTION_MAXIMUM_FREQUENCY=50
FREQUENCY_WINDOW_REJECTION_STDDEV_FACTOR=2
FREQUENCY_WINDOW_REJECTION_MAXIMUM_ITERATIONS=50
#
# END PARAMETERS
#
#
# BEGIN WINDOWING LOG
#
Automatic windowing
#
# END WINDOWING LOG
#
#
# BEGIN WINDOW LIST
#
# Number= 534
# Start time 	 End Time 	 Window length
20250413110605.444000	20250413110615.444000	10
20250413110615.444500	20250413110625.444500	10
20250413110625.445000	20250413110635.445000	10
20250413110635.445500	20250413110645.445500	10
20250413110731.896500	20250413110741.896500	10
20250413110741.897000	20250413110751.897000	10
20250413110801.445500	20250413110811.445500	10
20250413110811.446000	20250413110821.446000	10
20250413110821.446500	20250413110831.446500	10
20250413110831.447000	20250413110841.447000	10
20250413110843.348000	20250413110853.348000	10
20250413110901.299500	20250413110911.299500	10
20250413110911.300000	20250413110921.300000	10
20250413110931.153000	20250413110941.153000	10
20250413110941.153500	20250413110951.153500	10
20250413110951.154000	20250413111001.154000	10
20250413111001.154500	20250413111011.154500	10
20250413111011.155000	20250413111021.155000	10
20250413111021.155500	20250413111031.155500	10
20250413111039.954000	20250413111049.954000	10
20250413111049.954500	20250413111059.954500	10
20250413111059.955000	20250413111109.955000	10
20250413111126.127000	20250413111136.127000	10
20250413111136.127500	20250413111146.127500	10
20250413111146.128000	20250413111156.128000	10
20250413111156.128500	20250413111206.128500	10
20250413111206.129000	20250413111216.129000	10
20250413111216.129500	20250413111226.129500	10
20250413111233.724000	20250413111243.724000	10
20250413111243.724500	20250413111253.724500	10
20250413111253.725000	20250413111303.725000	10
20250413111303.725500	20250413111313.725500	10
20250413111313.726000	20250413111323.726000	10
20250413111323.726500	20250413111333.726500	10
20250413111333.727000	20250413111343.727000	10
20250413111349.264000	20250413111359.264000	10
20250413111359.264500	20250413111409.264500	10
20250413111409.265000	20250413111419.265000	10
20250413111419.265500	20250413111429.265500	10
20250413111441.487000	20250413111451.487000	10
20250413111451.487500	20250413111501.487500	10
20250413111501.488000	20250413111511.488000	10
20250413111511.488500	20250413111521.488500	10
20250413111521.489000	20250413111531.489000	10
20250413111531.489500	20250413111541.489500	10
20250413111545.070000	20250413111555.070000	10
20250413111555.070500	20250413111605.070500	10
20250413111605.071000	20250413111615.071000	10
20250413111615.071500	20250413111625.071500	10
20250413111625.072000	20250413111635.072000	10
20250413111635.072500	20250413111645.072500	10
20250413111645.073000	20250413111655.073000	10
20250413111655.073500	20250413111705.073500	10
20250413111706.271500	20250413111716.271500	10
20250413111716.272000	20250413111726.272000	10
20250413111726.272500	20250413111736.272500	10
20250413111736.273000	20250413111746.273000	10
20250413111746.273500	20250413111756.273500	10
20250413111821.544500	20250413111831.544500	10
20250413111903.748000	20250413111913.748000	10
20250413111913.748500	20250413111923.748500	10
20250413111923.749000	20250413111933.749000	10
20250413111933.749500	20250413111943.749500	10
20250413111943.750000	20250413111953.750000	10
20250413112016.181500	20250413112026.181500	10
20250413112026.182000	20250413112036.182000	10
20250413112036.182500	20250413112046.182500	10
20250413112046.183000	20250413112056.183000	10
20250413112056.183500	20250413112106.183500	10
20250413112106.184000	20250413112116.184000	10
20250413112116.184500	20250413112126.184500	10
20250413112126.185000	20250413112136.185000	10
20250413112136.185500	20250413112146.185500	10
20250413112146.186000	20250413112156.186000	10
20250413112156.186500	20250413112206.186500	10
20250413112210.610000	20250413112220.610000	10
20250413112220.610500	20250413112230.610500	10
20250413112230.611000	20250413112240.611000	10
20250413112240.611500	20250413112250.611500	10
20250413112250.612000	20250413112300.612000	10
20250413112300.612500	20250413112310.612500	10
20250413112310.613000	20250413112320.613000	10
20250413112320.613500	20250413112330.613500	10
20250413112330.614000	20250413112340.614000	10
20250413112340.614500	20250413112350.614500	10
20250413112350.615000	20250413112400.615000	10
20250413112400.615500	20250413112410.615500	10
20250413112410.616000	20250413112420.616000	10
20250413112459.293000	20250413112509.293000	10
20250413112516.156000	20250413112526.156000	10
20250413112526.156500	20250413112536.156500	10
20250413112536.157000	20250413112546.157000	10
20250413112546.157500	20250413112556.157500	10
20250413112556.158000	20250413112606.158000	10
20250413112606.158500	20250413112616.158500	10
20250413112616.159000	20250413112626.159000	10
20250413112626.159500	20250413112636.159500	10
20250413112636.160000	20250413112646.160000	10
20250413112650.123500	20250413112700.123500	10
20250413112700.124000	20250413112710.124000	10
20250413112710.124500	20250413112720.124500	10
20250413112751.810500	20250413112801.810500	10
20250413112801.811000	20250413112811.811000	10
20250413112811.811500	20250413112821.811500	10
20250413112821.812000	20250413112831.812000	10
20250413112831.812500	20250413112841.812500	10
20250413112841.813000	20250413112851.813000	10
20250413112851.813500	20250413112901.813500	10
20250413112908.427500	20250413112918.427500	10
20250413112918.428000	20250413112928.428000	10
20250413112938.093000	20250413112948.093000	10
20250413112948.093500	20250413112958.093500	10
20250413112958.094000	20250413113008.094000	10
20250413113008.094500	20250413113018.094500	10
20250413113026.588500	20250413113036.588500	10
20250413113040.991500	20250413113050.991500	10
20250413113050.992000	20250413113100.992000	10
20250413113100.992500	20250413113110.992500	10
20250413113118.428000	20250413113128.428000	10
20250413113128.428500	20250413113138.428500	10
20250413113138.429000	20250413113148.429000	10
20250413113148.429500	20250413113158.429500	10
20250413113202.161000	20250413113212.161000	10
20250413113212.161500	20250413113222.161500	10
20250413113222.162000	20250413113232.162000	10
20250413113239.688500	20250413113249.688500	10
20250413113249.689000	20250413113259.689000	10
20250413113323.540500	20250413113333.540500	10
20250413113333.541000	20250413113343.541000	10
20250413113343.541500	20250413113353.541500	10
20250413113353.542000	20250413113403.542000	10
20250413113403.542500	20250413113413.542500	10
20250413113413.543000	20250413113423.543000	10
20250413113423.543500	20250413113433.543500	10
20250413113433.544000	20250413113443.544000	10
20250413113520.429500	20250413113530.429500	10
20250413113530.430000	20250413113540.430000	10
20250413113548.758500	20250413113558.758500	10
20250413113558.759000	20250413113608.759000	10
20250413113608.759500	20250413113618.759500	10
20250413113618.760000	20250413113628.760000	10
20250413113700.890000	20250413113710.890000	10
20250413113710.890500	20250413113720.890500	10
20250413113720.891000	20250413113730.891000	10
20250413113730.891500	20250413113740.891500	10
20250413113740.892000	20250413113750.892000	10
20250413113750.892500	20250413113800.892500	10
20250413113800.893000	20250413113810.893000	10
20250413113810.893500	20250413113820.893500	10
20250413113820.894000	20250413113830.894000	10
20250413113830.894500	20250413113840.894500	10
20250413113840.895000	20250413113850.895000	10
20250413113850.895500	20250413113900.895500	10
20250413113921.453500	20250413113931.453500	10
20250413113931.454000	20250413113941.454000	10
20250413113952.783500	20250413114002.783500	10
20250413114012.413500	20250413114022.413500	10
20250413114022.414000	20250413114032.414000	10
20250413114041.093000	20250413114051.093000	10
20250413114051.093500	20250413114101.093500	10
20250413114101.094000	20250413114111.094000	10
20250413114111.094500	20250413114121.094500	10
20250413114121.095000	20250413114131.095000	10
20250413114139.796000	20250413114149.796000	10
20250413114206.155500	20250413114216.155500	10
20250413114216.156000	20250413114226.156000	10
20250413114226.156500	20250413114236.156500	10
20250413114236.157000	20250413114246.157000	10
20250413114246.157500	20250413114256.157500	10
20250413114259.062500	20250413114309.062500	10
20250413114309.063000	20250413114319.063000	10
20250413114344.072000	20250413114354.072000	10
20250413114354.072500	20250413114404.072500	10
20250413114422.395000	20250413114432.395000	10
20250413114435.509000	20250413114445.509000	10
20250413114445.509500	20250413114455.509500	10
20250413114455.510000	20250413114505.510000	10
20250413114505.510500	20250413114515.510500	10
20250413114515.511000	20250413114525.511000	10
20250413114525.511500	20250413114535.511500	10
20250413114535.512000	20250413114545.512000	10
20250413114545.512500	20250413114555.512500	10
20250413114555.513000	20250413114605.513000	10
20250413114605.513500	20250413114615.513500	10
20250413114615.514000	20250413114625.514000	10
20250413114625.514500	20250413114635.514500	10
20250413114635.515000	20250413114645.515000	10
20250413114645.515500	20250413114655.515500	10
20250413114655.516000	20250413114705.516000	10
20250413114705.516500	20250413114715.516500	10
20250413114715.517000	20250413114725.517000	10
20250413114725.517500	20250413114735.517500	10
20250413114735.518000	20250413114745.518000	10
20250413114745.518500	20250413114755.518500	10
20250413114755.519000	20250413114805.519000	10
20250413114805.519500	20250413114815.519500	10
20250413114824.659000	20250413114834.659000	10
20250413114834.659500	20250413114844.659500	10
20250413114844.660000	20250413114854.660000	10
20250413114854.660500	20250413114904.660500	10
20250413114904.661000	20250413114914.661000	10
20250413114929.822500	20250413114939.822500	10
20250413114939.823000	20250413114949.823000	10
20250413114949.823500	20250413114959.823500	10
20250413115011.129000	20250413115021.129000	10
20250413115021.129500	20250413115031.129500	10
20250413115031.130000	20250413115041.130000	10
20250413115041.130500	20250413115051.130500	10
20250413115118.883500	20250413115128.883500	10
20250413115128.884000	20250413115138.884000	10
20250413115144.510500	20250413115154.510500	10
20250413115154.511000	20250413115204.511000	10
20250413115204.511500	20250413115214.511500	10
20250413115216.318000	20250413115226.318000	10
20250413115226.318500	20250413115236.318500	10
20250413115236.319000	20250413115246.319000	10
20250413115246.319500	20250413115256.319500	10
20250413115256.320000	20250413115306.320000	10
20250413115306.320500	20250413115316.320500	10
20250413115316.321000	20250413115326.321000	10
20250413115326.321500	20250413115336.321500	10
20250413115336.322000	20250413115346.322000	10
20250413115346.322500	20250413115356.322500	10
20250413115356.323000	20250413115406.323000	10
20250413115406.323500	20250413115416.323500	10
20250413115416.324000	20250413115426.324000	10
20250413115426.324500	20250413115436.324500	10
20250413115436.325000	20250413115446.325000	10
20250413115524.690500	20250413115534.690500	10
20250413115534.691000	20250413115544.691000	10
20250413115544.691500	20250413115554.691500	10
20250413115554.692000	20250413115604.692000	10
20250413115609.315000	20250413115619.315000	10
20250413115619.315500	20250413115629.315500	10
20250413115629.316000	20250413115639.316000	10
20250413115639.316500	20250413115649.316500	10
20250413115649.317000	20250413115659.317000	10
20250413115659.317500	20250413115709.317500	10
20250413115713.067500	20250413115723.067500	10
20250413115723.068000	20250413115733.068000	10
20250413115733.068500	20250413115743.068500	10
20250413115743.069000	20250413115753.069000	10
20250413115753.069500	20250413115803.069500	10
20250413115803.070000	20250413115813.070000	10
20250413115819.158500	20250413115829.158500	10
20250413115829.159000	20250413115839.159000	10
20250413115839.159500	20250413115849.159500	10
20250413115849.160000	20250413115859.160000	10
20250413115859.160500	20250413115909.160500	10
20250413115909.161000	20250413115919.161000	10
20250413115924.002000	20250413115934.002000	10
20250413115942.678000	20250413115952.678000	10
20250413120003.807000	20250413120013.807000	10
20250413120028.068500	20250413120038.068500	10
20250413120038.069000	20250413120048.069000	10
20250413120048.069500	20250413120058.069500	10
20250413120058.070000	20250413120108.070000	10
20250413120108.070500	20250413120118.070500	10
20250413120118.071000	20250413120128.071000	10
20250413120142.762500	20250413120152.762500	10
20250413120202.968500	20250413120212.968500	10
20250413120212.969000	20250413120222.969000	10
20250413120222.969500	20250413120232.969500	10
20250413120321.566500	20250413120331.566500	10
20250413120331.567000	20250413120341.567000	10
20250413120341.567500	20250413120351.567500	10
20250413120351.568000	20250413120401.568000	10
20250413120447.126000	20250413120457.126000	10
20250413120457.126500	20250413120507.126500	10
20250413120507.127000	20250413120517.127000	10
20250413120517.127500	20250413120527.127500	10
20250413120527.128000	20250413120537.128000	10
20250413120538.739000	20250413120548.739000	10
20250413120548.739500	20250413120558.739500	10
20250413120558.740000	20250413120608.740000	10
20250413120608.740500	20250413120618.740500	10
20250413120618.741000	20250413120628.741000	10
20250413120628.741500	20250413120638.741500	10
20250413120638.742000	20250413120648.742000	10
20250413120648.742500	20250413120658.742500	10
20250413120658.743000	20250413120708.743000	10
20250413120708.743500	20250413120718.743500	10
20250413120720.003000	20250413120730.003000	10
20250413120730.003500	20250413120740.003500	10
20250413120740.004000	20250413120750.004000	10
20250413120750.004500	20250413120800.004500	10
20250413120800.005000	20250413120810.005000	10
20250413120813.729500	20250413120823.729500	10
20250413120823.730000	20250413120833.730000	10
20250413120833.730500	20250413120843.730500	10
20250413120843.731000	20250413120853.731000	10
20250413120902.515500	20250413120912.515500	10
20250413120912.516000	20250413120922.516000	10
20250413120942.254000	20250413120952.254000	10
20250413120952.254500	20250413121002.254500	10
20250413121002.255000	20250413121012.255000	10
20250413121018.773000	20250413121028.773000	10
20250413121034.588500	20250413121044.588500	10
20250413121050.882500	20250413121100.882500	10
20250413121100.883000	20250413121110.883000	10
20250413121138.487500	20250413121148.487500	10
20250413121217.250000	20250413121227.250000	10
20250413121246.683500	20250413121256.683500	10
20250413121256.684000	20250413121306.684000	10
20250413121311.346500	20250413121321.346500	10
20250413121321.347000	20250413121331.347000	10
20250413121331.347500	20250413121341.347500	10
20250413121341.348000	20250413121351.348000	10
20250413121351.348500	20250413121401.348500	10
20250413121401.349000	20250413121411.349000	10
20250413121411.349500	20250413121421.349500	10
20250413121424.660000	20250413121434.660000	10
20250413121446.235000	20250413121456.235000	10
20250413121456.235500	20250413121506.235500	10
20250413121506.236000	20250413121516.236000	10
20250413121516.236500	20250413121526.236500	10
20250413121535.463500	20250413121545.463500	10
20250413121545.464000	20250413121555.464000	10
20250413121613.934500	20250413121623.934500	10
20250413121623.935000	20250413121633.935000	10
20250413121633.935500	20250413121643.935500	10
20250413121643.936000	20250413121653.936000	10
20250413121653.936500	20250413121703.936500	10
20250413121726.109500	20250413121736.109500	10
20250413121815.463500	20250413121825.463500	10
20250413121825.464000	20250413121835.464000	10
20250413121843.151500	20250413121853.151500	10
20250413121853.152000	20250413121903.152000	10
20250413121903.152500	20250413121913.152500	10
20250413121913.153000	20250413121923.153000	10
20250413121923.153500	20250413121933.153500	10
20250413121933.154000	20250413121943.154000	10
20250413121943.154500	20250413121953.154500	10
20250413121953.155000	20250413122003.155000	10
20250413122003.155500	20250413122013.155500	10
20250413122013.156000	20250413122023.156000	10
20250413122023.156500	20250413122033.156500	10
20250413122033.157000	20250413122043.157000	10
20250413122043.157500	20250413122053.157500	10
20250413122053.158000	20250413122103.158000	10
20250413122103.158500	20250413122113.158500	10
20250413122113.159000	20250413122123.159000	10
20250413122123.159500	20250413122133.159500	10
20250413122133.160000	20250413122143.160000	10
20250413122143.160500	20250413122153.160500	10
20250413122153.161000	20250413122203.161000	10
20250413122228.152000	20250413122238.152000	10
20250413122238.152500	20250413122248.152500	10
20250413122248.153000	20250413122258.153000	10
20250413122258.153500	20250413122308.153500	10
20250413122308.154000	20250413122318.154000	10
20250413122332.888000	20250413122342.888000	10
20250413122342.888500	20250413122352.888500	10
20250413122352.889000	20250413122402.889000	10
20250413122402.889500	20250413122412.889500	10
20250413122412.890000	20250413122422.890000	10
20250413122432.203500	20250413122442.203500	10
20250413122443.403000	20250413122453.403000	10
20250413122453.403500	20250413122503.403500	10
20250413122503.404000	20250413122513.404000	10
20250413122513.404500	20250413122523.404500	10
20250413122523.405000	20250413122533.405000	10
20250413122533.405500	20250413122543.405500	10
20250413122543.406000	20250413122553.406000	10
20250413122553.406500	20250413122603.406500	10
20250413122609.693500	20250413122619.693500	10
20250413122626.436500	20250413122636.436500	10
20250413122636.437000	20250413122646.437000	10
20250413122646.437500	20250413122656.437500	10
20250413122656.438000	20250413122706.438000	10
20250413122706.438500	20250413122716.438500	10
20250413122716.439000	20250413122726.439000	10
20250413122736.844500	20250413122746.844500	10
20250413122746.845000	20250413122756.845000	10
20250413122756.845500	20250413122806.845500	10
20250413122806.846000	20250413122816.846000	10
20250413122819.418000	20250413122829.418000	10
20250413122838.207000	20250413122848.207000	10
20250413122848.207500	20250413122858.207500	10
20250413122858.208000	20250413122908.208000	10
20250413122918.095500	20250413122928.095500	10
20250413122937.548000	20250413122947.548000	10
20250413122947.548500	20250413122957.548500	10
20250413122957.549000	20250413123007.549000	10
20250413123007.549500	20250413123017.549500	10
20250413123017.550000	20250413123027.550000	10
20250413123032.341000	20250413123042.341000	10
20250413123042.341500	20250413123052.341500	10
20250413123052.342000	20250413123102.342000	10
20250413123102.342500	20250413123112.342500	10
20250413123112.343000	20250413123122.343000	10
20250413123122.343500	20250413123132.343500	10
20250413123132.344000	20250413123142.344000	10
20250413123155.324000	20250413123205.324000	10
20250413123205.324500	20250413123215.324500	10
20250413123215.325000	20250413123225.325000	10
20250413123243.217500	20250413123253.217500	10
20250413123253.218000	20250413123303.218000	10
20250413123309.196500	20250413123319.196500	10
20250413123324.671000	20250413123334.671000	10
20250413123334.671500	20250413123344.671500	10
20250413123352.295500	20250413123402.295500	10
20250413123402.296000	20250413123412.296000	10
20250413123412.296500	20250413123422.296500	10
20250413123422.297000	20250413123432.297000	10
20250413123432.297500	20250413123442.297500	10
20250413123448.273500	20250413123458.273500	10
20250413123458.274000	20250413123508.274000	10
20250413123515.003000	20250413123525.003000	10
20250413123525.003500	20250413123535.003500	10
20250413123535.004000	20250413123545.004000	10
20250413123545.004500	20250413123555.004500	10
20250413123555.005000	20250413123605.005000	10
20250413123605.005500	20250413123615.005500	10
20250413123635.690500	20250413123645.690500	10
20250413123645.691000	20250413123655.691000	10
20250413123655.691500	20250413123705.691500	10
20250413123705.692000	20250413123715.692000	10
20250413123730.690500	20250413123740.690500	10
20250413123740.691000	20250413123750.691000	10
20250413123752.906000	20250413123802.906000	10
20250413123802.906500	20250413123812.906500	10
20250413123825.408500	20250413123835.408500	10
20250413123846.927000	20250413123856.927000	10
20250413123856.927500	20250413123906.927500	10
20250413123906.928000	20250413123916.928000	10
20250413123916.928500	20250413123926.928500	10
20250413123933.096500	20250413123943.096500	10
20250413124006.953500	20250413124016.953500	10
20250413124016.954000	20250413124026.954000	10
20250413124026.954500	20250413124036.954500	10
20250413124058.155000	20250413124108.155000	10
20250413124109.216000	20250413124119.216000	10
20250413124119.216500	20250413124129.216500	10
20250413124129.826000	20250413124139.826000	10
20250413124139.826500	20250413124149.826500	10
20250413124149.827000	20250413124159.827000	10
20250413124159.827500	20250413124209.827500	10
20250413124226.485500	20250413124236.485500	10
20250413124236.486000	20250413124246.486000	10
20250413124246.486500	20250413124256.486500	10
20250413124256.487000	20250413124306.487000	10
20250413124312.657000	20250413124322.657000	10
20250413124353.370500	20250413124403.370500	10
20250413124427.468000	20250413124437.468000	10
20250413124443.920500	20250413124453.920500	10
20250413124453.921000	20250413124503.921000	10
20250413124503.921500	20250413124513.921500	10
20250413124527.628000	20250413124537.628000	10
20250413124537.628500	20250413124547.628500	10
20250413124557.343500	20250413124607.343500	10
20250413124607.344000	20250413124617.344000	10
20250413124617.344500	20250413124627.344500	10
20250413124636.953000	20250413124646.953000	10
20250413124646.953500	20250413124656.953500	10
20250413124656.954000	20250413124706.954000	10
20250413124714.409500	20250413124724.409500	10
20250413124724.410000	20250413124734.410000	10
20250413124734.410500	20250413124744.410500	10
20250413124803.017000	20250413124813.017000	10
20250413124825.235000	20250413124835.235000	10
20250413124835.235500	20250413124845.235500	10
20250413124845.236000	20250413124855.236000	10
20250413124856.854000	20250413124906.854000	10
20250413124906.854500	20250413124916.854500	10
20250413124916.855000	20250413124926.855000	10
20250413125013.871000	20250413125023.871000	10
20250413125023.871500	20250413125033.871500	10
20250413125033.872000	20250413125043.872000	10
20250413125043.872500	20250413125053.872500	10
20250413125053.873000	20250413125103.873000	10
20250413125111.472500	20250413125121.472500	10
20250413125121.473000	20250413125131.473000	10
20250413125131.473500	20250413125141.473500	10
20250413125141.474000	20250413125151.474000	10
20250413125201.475500	20250413125211.475500	10
20250413125211.476000	20250413125221.476000	10
20250413125221.476500	20250413125231.476500	10
20250413125231.477000	20250413125241.477000	10
20250413125249.276500	20250413125259.276500	10
20250413125259.277000	20250413125309.277000	10
20250413125309.277500	20250413125319.277500	10
20250413125323.696000	20250413125333.696000	10
20250413125333.696500	20250413125343.696500	10
20250413125356.423500	20250413125406.423500	10
20250413125406.424000	20250413125416.424000	10
20250413125416.424500	20250413125426.424500	10
20250413125426.425000	20250413125436.425000	10
20250413125436.425500	20250413125446.425500	10
20250413125446.426000	20250413125456.426000	10
20250413125505.629000	20250413125515.629000	10
20250413125515.629500	20250413125525.629500	10
20250413125525.630000	20250413125535.630000	10
20250413125535.630500	20250413125545.630500	10
20250413125545.631000	20250413125555.631000	10
20250413125612.297000	20250413125622.297000	10
20250413125630.296000	20250413125640.296000	10
20250413125640.296500	20250413125650.296500	10
20250413125650.297000	20250413125700.297000	10
20250413125700.297500	20250413125710.297500	10
20250413125710.298000	20250413125720.298000	10
20250413125720.298500	20250413125730.298500	10
20250413125730.299000	20250413125740.299000	10
20250413125741.806000	20250413125751.806000	10
20250413125751.806500	20250413125801.806500	10
20250413125812.628500	20250413125822.628500	10
20250413125830.052000	20250413125840.052000	10
20250413125840.052500	20250413125850.052500	10
20250413125908.847000	20250413125918.847000	10
20250413125920.039500	20250413125930.039500	10
20250413125930.040000	20250413125940.040000	10
20250413125940.040500	20250413125950.040500	10
20250413125957.974000	20250413130007.974000	10
20250413130007.974500	20250413130017.974500	10
20250413130017.975000	20250413130027.975000	10
20250413130037.289000	20250413130047.289000	10
20250413130047.289500	20250413130057.289500	10
20250413130057.290000	20250413130107.290000	10
20250413130107.290500	20250413130117.290500	10
20250413130117.291000	20250413130127.291000	10
20250413130135.979500	20250413130145.979500	10
20250413130145.980000	20250413130155.980000	10
20250413130155.980500	20250413130205.980500	10
20250413130205.981000	20250413130215.981000	10
20250413130215.981500	20250413130225.981500	10
20250413130225.982000	20250413130235.982000	10
20250413130235.982500	20250413130245.982500	10
20250413130245.983000	20250413130255.983000	10
20250413130255.983500	20250413130305.983500	10
20250413130305.984000	20250413130315.984000	10
20250413130315.984500	20250413130325.984500	10
20250413130325.985000	20250413130335.985000	10
20250413130335.985500	20250413130345.985500	10
20250413130355.841000	20250413130405.841000	10
#
# END WINDOW LIST
#
