# HV LOG FORMAT RELEASE 1.0
#
# BEGIN COMMAND LINE ARGUMENTS
#
D:/Cloud/OneDrive - UNIVERSITAS INDONESIA/[DANU]/MyFiles/[SOFTWARE]/geopsypack-win64-3.5.2/geopsypack-win64-3.5.2/bin/geopsy.exe  $*
exit $?
#
# END COMMAND LINE ARGUMENTS
#
#
# BEGIN SOFTWARE VERSION
#
  Qt                  6.5.2
  QGpCoreTools        2.5.0 from 3.5.2
      (commit 8e7f9523665497a6e0787d4f623634cee8957aff)
  QGpCoreMath         1.5.2 from 3.5.2
      (commit 45a832cd27865662e9e0c63081f3a1d32999f668)
  GeopsyCore          4.5.1 from 3.5.2
      (commit e32288e5b456ea5f2c7ed80d7f3238414692b3e4)
  QGpGuiTools         2.5.0 from 3.5.2
      (commit dd46b2456fe37b3e090e1ab3cec07542a51228a5)
  SciFigs             3.4.1 from 3.5.2
      (commit d9059f148fd7373f6e5e08322d3d212c98efa1d7)
  QGpGuiMath          1.4.0 from 3.5.2
      (commit 01d498dc90602f5e30e43ed6a16a660c70a0d2aa)
  GeopsyGui           3.5.0 from 3.5.2
      (commit c81d772d484fd4bc83908f5c25c8681405d99aac)
  GeopsySLink         2.1.0 from 3.5.2
      (commit 25c6c74090bb522f466c221ae5436774b79e06fb)
  GeopsySLinkGui      2.0.3 from 3.5.2
      (commit a41e443c12241597cebcf02d3646eb1409d7df80)
  geopsy              3.4.0 from 3.5.2
      (commit 4653563244c5f99ae287e46a6f755687b1a08a49)
  geopsyfigs          1.0.2 from 3.5.2
      (commit c634e2e145800675c35f99c9f2016dad12dde7a9)
  campbelltob3        1.0.2 from 3.5.2
      (commit 305fa22c3976f73387543b8e4880152ff57d33fb)
  DinverCore          1.4.0 from 3.5.2
      (commit 2c5867d8a3d3afc8b55dab6683c45e857f3f1206)
  QGpCoreWave         2.3.0 from 3.5.2
      (commit 5f8fb775da4b2ffe1d609b5d5eea1540b835f8af)
  QGpCompatibility    1.2.0 from 3.5.2
      (commit a43f1ead0e7e26355ad8661e59feda87db583379)
  DinverDCCore        2.3.0 from 3.5.2
      (commit dd36cd8af8c63c8dba6be1f3ab842ea7535433f4)
  QGpCoreStat         1.3.0 from 3.5.2
      (commit e9187dc7eb30087d0c28114d969e7cc341f348c4)
  ArrayCore           4.2.1 from 3.5.2
      (commit bced9454c16a9fc3eb0bc5b744a49991f6dca7a2)
  QGpGuiWave          1.3.0 from 3.5.2
      (commit 22916617b90f55989ffb59cd21312bc7ba38bcd3)
  ArrayGui            1.4.0 from 3.5.2
      (commit c735d1d26af99196b6becdadd34801e81bc42409)
  geopsyarray         3.3.1 from 3.5.2
      (commit a38e660189576dccf9cd1154f04faf3bdcfa55d5)
  geopsydamping       2.1.4 from 3.5.2
      (commit 78e000f8ef6e721e79a5375710ae8982828e16c8)
  HVCore              1.2.0 from 3.5.2
      (commit 4ca5ee46175a87a9a7fa60bd11d602b9920c875e)
  HVGui               1.2.0 from 3.5.2
      (commit b4d37a83716e9c7b740abc0c6a7d1561074ce986)
  geopsyhv            4.0.4 from 3.5.2
      (commit ec71ec24ab953dfd059e1b5c68d114259a208c4a)
  geopsynr            1.1.2 from 3.5.2
      (commit 2aa2630f17e95f770bd7dc9968b6b885e8aa2d41)
  geopsyptmotion      2.0.4 from 3.5.2
      (commit f9889e458845b182f26c61b6a256e8a1478de26b)
  geopsyrefra         2.0.3 from 3.5.2
      (commit 5a89d12d1a08b0efa50415814c3b456903b542e4)
  geopsytfa           2.1.2 from 3.5.2
      (commit 1ba23d15f70cd66f3fe1851cc1a992e9d542ab3c)
  hvtfa               2.1.4 from 3.5.2
      (commit ca8f1b1cc8da451d92a4c95eb80e75162b6b1d1c)
  matfiles            1.0.4 from 3.5.2
      (commit 53d1ee979a42e4409603f4f4c1a4a42cc1a9e162)
  phaseit             1.0.3 from 3.5.2
      (commit 79a2e81ead59b0de0d7a659fdabfb9541dda77a2)
#
# END SOFTWARE VERSION
#
#
# BEGIN SIGNAL LIST
#
[COMP 0]
 [SIG 0] D:/Kulon Progo 2025/Seismik Pasif/processing/1_merge mseed/Merged data/D2_merge3comps.mseed at index 2
[COMP 1]
 [SIG 0] D:/Kulon Progo 2025/Seismik Pasif/processing/1_merge mseed/Merged data/D2_merge3comps.mseed at index 1
[COMP 2]
 [SIG 0] D:/Kulon Progo 2025/Seismik Pasif/processing/1_merge mseed/Merged data/D2_merge3comps.mseed at index 0
#
# END SIGNAL LIST
#
#
# BEGIN PARAMETERS
#
# Version 0: all files generated with releases before 20170901 (default for input)
PARAMETERS_VERSION=1
# TYPEs:
#   - Signal: from the start or to the end of signal (TEXT are useless)
#   - Delta: a fixed duration counted from the start or the end (e.g. TEXT=1h).
#   - Pick: from or to a time pick (TEXT=time pick name).
#   - Absolute: from or to a fixed time (e.g. TEXT=20170314115338.00)
FROM_TIME_TYPE=Signal
FROM_TIME_TEXT=0s
# TYPEs: Signal, Delta, Absolute
TO_TIME_TYPE=Signal
TO_TIME_TEXT=0s
REFERENCE=
COMMON_TIME_WINDOWS=false
# TYPEs: Exactly, AtLeast, FrequencyDependent
WINDOW_LENGTH_TYPE=Exactly
WINDOW_MIN_LENGTH(s)=10
WINDOW_MAX_LENGTH(s)=10
WINDOW_MAX_COUNT=0
# Length of time windows are adjusted to avoid a prime number of samples which
# slows down the FFT computation. Usually a maximum prime of 11 in the prime factorization
# of the number of samples is a good compromise between the speed and the lenght inaccuracy
# Leave as zero to allow any prime number factorization.
WINDOW_MAXIMUM_PRIME_FACTOR=11
BAD_SAMPLE_TOLERANCE (s)=0
BAD_SAMPLE_GAP (s)=0
WINDOW_OVERLAP (%)=0
# TYPEs: NoSampleThreshold, RelativeSampleThreshold, AbsoluteSampleThreshold
BAD_SAMPLE_THRESHOLD_TYPE=NoSampleThreshold
ANTI-TRIGGERING_ON_RAW_SIGNAL (y/n)=y
USED_RAW_COMPONENTS=y, y, y
RAW_STA (s)=1
RAW_LTA (s)=30
RAW_MIN_SLTA=0.2
RAW_MAX_SLTA=2
ANTI-TRIGGERING_ON_FILTERED_SIGNAL (y/n)=n
# Start a time window for each seismic event available inside the time range.
SEISMIC_EVENT_TRIGGER (y/n)=n
SEISMIC_EVENT_DELAY (s)=-0.1
WINDOW_TYPE=Cosine
WINDOW_REVERSED=n
SMOOTHING_METHOD=Function
SMOOTHING_WIDTH_TYPE=Proportional
SMOOTHING_WIDTH=0.9
# Describes the way values are summed: on a linear, log or inverse scale
SMOOTHING_SCALE_TYPE=Linear
SMOOTHING_WINDOW_TYPE=Cosine
SMOOTHING_WINDOW_REVERSED=n
MINIMUM_FREQUENCY=0.1
MAXIMUM_FREQUENCY=20
# Either 'Linear', 'Log' or 'Inverse'
SCALE_TYPE_FREQUENCY=Log
# Number of samples is either set to a fixed value ('Count') or through a step between samples ('Step')'
STEP_TYPE_FREQUENCY=Step
SAMPLES_NUMBER_FREQUENCY=215
# STEP=difference between two successive samples for 'linear' scales
# STEP=ratio between two successive samples for 'log' scales
# STEP=difference between two successive inverse samples for 'inverse' scales
STEP_FREQUENCY=1.025
# Required when using short time windows when the number of frequency samples
# is higher than the number of points in the spectra.
OVER_SAMPLING_FACTOR=1
HIGH_PASS_FREQUENCY=0
# Possible values for HORIZONTAL_COMPONENTS: Squared, Energy, Azimuth, Geometric
HORIZONTAL_COMPONENTS=Squared
# HORIZONTAL_AZIMUTH is used only when HORIZONTAL_COMPONENTS==Azimuth
HORIZONTAL_AZIMUTH=0
# Used only for rotated output
ROTATION_STEP=10
# Frequency domain window rejection (Cox et al. (2020, GJI)
FREQUENCY_WINDOW_REJECTION_MINIMUM_FREQUENCY=0.1
FREQUENCY_WINDOW_REJECTION_MAXIMUM_FREQUENCY=50
FREQUENCY_WINDOW_REJECTION_STDDEV_FACTOR=2
FREQUENCY_WINDOW_REJECTION_MAXIMUM_ITERATIONS=50
#
# END PARAMETERS
#
#
# BEGIN WINDOWING LOG
#
Automatic windowing
#
# END WINDOWING LOG
#
#
# BEGIN WINDOW LIST
#
# Number= 572
# Start time 	 End Time 	 Window length
20250413080849.326500	20250413080859.326500	10
20250413080859.327000	20250413080909.327000	10
20250413080913.744500	20250413080923.744500	10
20250413080923.745000	20250413080933.745000	10
20250413080933.745500	20250413080943.745500	10
20250413080951.180000	20250413081001.180000	10
20250413081001.180500	20250413081011.180500	10
20250413081020.729500	20250413081030.729500	10
20250413081039.944500	20250413081049.944500	10
20250413081049.945000	20250413081059.945000	10
20250413081059.945500	20250413081109.945500	10
20250413081117.617500	20250413081127.617500	10
20250413081127.618000	20250413081137.618000	10
20250413081137.618500	20250413081147.618500	10
20250413081147.619000	20250413081157.619000	10
20250413081157.619500	20250413081207.619500	10
20250413081221.452500	20250413081231.452500	10
20250413081231.453000	20250413081241.453000	10
20250413081244.052000	20250413081254.052000	10
20250413081316.686000	20250413081326.686000	10
20250413081326.686500	20250413081336.686500	10
20250413081348.479500	20250413081358.479500	10
20250413081359.221000	20250413081409.221000	10
20250413081415.035500	20250413081425.035500	10
20250413081426.638500	20250413081436.638500	10
20250413081436.639000	20250413081446.639000	10
20250413081446.639500	20250413081456.639500	10
20250413081506.481000	20250413081516.481000	10
20250413081516.481500	20250413081526.481500	10
20250413081535.233500	20250413081545.233500	10
20250413081551.079000	20250413081601.079000	10
20250413081601.079500	20250413081611.079500	10
20250413081611.080000	20250413081621.080000	10
20250413081621.080500	20250413081631.080500	10
20250413081640.685500	20250413081650.685500	10
20250413081650.686000	20250413081700.686000	10
20250413081700.686500	20250413081710.686500	10
20250413081710.687000	20250413081720.687000	10
20250413081720.687500	20250413081730.687500	10
20250413081740.992000	20250413081750.992000	10
20250413081750.992500	20250413081800.992500	10
20250413081800.993000	20250413081810.993000	10
20250413081810.993500	20250413081820.993500	10
20250413081820.994000	20250413081830.994000	10
20250413081832.681500	20250413081842.681500	10
20250413081842.682000	20250413081852.682000	10
20250413081852.682500	20250413081902.682500	10
20250413081918.790000	20250413081928.790000	10
20250413081933.778500	20250413081943.778500	10
20250413081954.202000	20250413082004.202000	10
20250413082004.202500	20250413082014.202500	10
20250413082014.203000	20250413082024.203000	10
20250413082024.203500	20250413082034.203500	10
20250413082038.321000	20250413082048.321000	10
20250413082048.321500	20250413082058.321500	10
20250413082058.322000	20250413082108.322000	10
20250413082108.322500	20250413082118.322500	10
20250413082118.323000	20250413082128.323000	10
20250413082129.525500	20250413082139.525500	10
20250413082141.633000	20250413082151.633000	10
20250413082152.712500	20250413082202.712500	10
20250413082202.713000	20250413082212.713000	10
20250413082216.298000	20250413082226.298000	10
20250413082226.298500	20250413082236.298500	10
20250413082239.548000	20250413082249.548000	10
20250413082301.308500	20250413082311.308500	10
20250413082311.309000	20250413082321.309000	10
20250413082321.309500	20250413082331.309500	10
20250413082337.634000	20250413082347.634000	10
20250413082347.634500	20250413082357.634500	10
20250413082357.635000	20250413082407.635000	10
20250413082407.635500	20250413082417.635500	10
20250413082417.636000	20250413082427.636000	10
20250413082428.956000	20250413082438.956000	10
20250413082438.956500	20250413082448.956500	10
20250413082450.428000	20250413082500.428000	10
20250413082500.428500	20250413082510.428500	10
20250413082510.429000	20250413082520.429000	10
20250413082520.429500	20250413082530.429500	10
20250413082541.302000	20250413082551.302000	10
20250413082551.302500	20250413082601.302500	10
20250413082601.303000	20250413082611.303000	10
20250413082620.275500	20250413082630.275500	10
20250413082630.276000	20250413082640.276000	10
20250413082640.276500	20250413082650.276500	10
20250413082650.277000	20250413082700.277000	10
20250413082700.277500	20250413082710.277500	10
20250413082710.278000	20250413082720.278000	10
20250413082720.278500	20250413082730.278500	10
20250413082739.018000	20250413082749.018000	10
20250413082749.018500	20250413082759.018500	10
20250413082759.019000	20250413082809.019000	10
20250413082809.019500	20250413082819.019500	10
20250413082821.007000	20250413082831.007000	10
20250413082836.160000	20250413082846.160000	10
20250413082849.130500	20250413082859.130500	10
20250413082859.131000	20250413082909.131000	10
20250413082918.720500	20250413082928.720500	10
20250413082946.932000	20250413082956.932000	10
20250413082956.932500	20250413083006.932500	10
20250413083026.653000	20250413083036.653000	10
20250413083036.653500	20250413083046.653500	10
20250413083046.654000	20250413083056.654000	10
20250413083056.654500	20250413083106.654500	10
20250413083110.948500	20250413083120.948500	10
20250413083120.949000	20250413083130.949000	10
20250413083130.949500	20250413083140.949500	10
20250413083140.950000	20250413083150.950000	10
20250413083226.082500	20250413083236.082500	10
20250413083241.432000	20250413083251.432000	10
20250413083251.432500	20250413083301.432500	10
20250413083302.925500	20250413083312.925500	10
20250413083312.926000	20250413083322.926000	10
20250413083322.926500	20250413083332.926500	10
20250413083342.171500	20250413083352.171500	10
20250413083352.172000	20250413083402.172000	10
20250413083402.172500	20250413083412.172500	10
20250413083420.214000	20250413083430.214000	10
20250413083430.214500	20250413083440.214500	10
20250413083445.334500	20250413083455.334500	10
20250413083504.847500	20250413083514.847500	10
20250413083517.924500	20250413083527.924500	10
20250413083527.925000	20250413083537.925000	10
20250413083542.959000	20250413083552.959000	10
20250413083552.959500	20250413083602.959500	10
20250413083602.960000	20250413083612.960000	10
20250413083612.960500	20250413083622.960500	10
20250413083622.961000	20250413083632.961000	10
20250413083632.961500	20250413083642.961500	10
20250413083652.875500	20250413083702.875500	10
20250413083702.876000	20250413083712.876000	10
20250413083719.488500	20250413083729.488500	10
20250413083746.491500	20250413083756.491500	10
20250413083756.492000	20250413083806.492000	10
20250413083806.492500	20250413083816.492500	10
20250413083826.473000	20250413083836.473000	10
20250413083836.473500	20250413083846.473500	10
20250413083848.341500	20250413083858.341500	10
20250413083858.342000	20250413083908.342000	10
20250413083908.342500	20250413083918.342500	10
20250413083943.100500	20250413083953.100500	10
20250413084013.551500	20250413084023.551500	10
20250413084023.552000	20250413084033.552000	10
20250413084040.190000	20250413084050.190000	10
20250413084050.190500	20250413084100.190500	10
20250413084111.203500	20250413084121.203500	10
20250413084125.929500	20250413084135.929500	10
20250413084135.930000	20250413084145.930000	10
20250413084145.930500	20250413084155.930500	10
20250413084155.931000	20250413084205.931000	10
20250413084205.931500	20250413084215.931500	10
20250413084215.932000	20250413084225.932000	10
20250413084225.932500	20250413084235.932500	10
20250413084239.854500	20250413084249.854500	10
20250413084300.117000	20250413084310.117000	10
20250413084310.117500	20250413084320.117500	10
20250413084320.118000	20250413084330.118000	10
20250413084330.118500	20250413084340.118500	10
20250413084347.625500	20250413084357.625500	10
20250413084357.626000	20250413084407.626000	10
20250413084407.626500	20250413084417.626500	10
20250413084417.627000	20250413084427.627000	10
20250413084427.627500	20250413084437.627500	10
20250413084437.628000	20250413084447.628000	10
20250413084447.628500	20250413084457.628500	10
20250413084505.793500	20250413084515.793500	10
20250413084531.693500	20250413084541.693500	10
20250413084551.571000	20250413084601.571000	10
20250413084601.571500	20250413084611.571500	10
20250413084615.369500	20250413084625.369500	10
20250413084627.600500	20250413084637.600500	10
20250413084637.601000	20250413084647.601000	10
20250413084653.064000	20250413084703.064000	10
20250413084704.965500	20250413084714.965500	10
20250413084721.351500	20250413084731.351500	10
20250413084731.352000	20250413084741.352000	10
20250413084741.352500	20250413084751.352500	10
20250413084801.810500	20250413084811.810500	10
20250413084820.161000	20250413084830.161000	10
20250413084830.161500	20250413084840.161500	10
20250413084842.272000	20250413084852.272000	10
20250413084852.272500	20250413084902.272500	10
20250413084902.273000	20250413084912.273000	10
20250413084912.273500	20250413084922.273500	10
20250413084925.750000	20250413084935.750000	10
20250413084935.750500	20250413084945.750500	10
20250413084956.119500	20250413085006.119500	10
20250413085006.120000	20250413085016.120000	10
20250413085016.120500	20250413085026.120500	10
20250413085030.276000	20250413085040.276000	10
20250413085040.276500	20250413085050.276500	10
20250413085050.277000	20250413085100.277000	10
20250413085100.277500	20250413085110.277500	10
20250413085110.278000	20250413085120.278000	10
20250413085120.278500	20250413085130.278500	10
20250413085130.279000	20250413085140.279000	10
20250413085140.279500	20250413085150.279500	10
20250413085150.280000	20250413085200.280000	10
20250413085200.280500	20250413085210.280500	10
20250413085210.281000	20250413085220.281000	10
20250413085228.065000	20250413085238.065000	10
20250413085238.065500	20250413085248.065500	10
20250413085257.583500	20250413085307.583500	10
20250413085307.584000	20250413085317.584000	10
20250413085317.584500	20250413085327.584500	10
20250413085327.585000	20250413085337.585000	10
20250413085337.585500	20250413085347.585500	10
20250413085347.586000	20250413085357.586000	10
20250413085357.586500	20250413085407.586500	10
20250413085407.587000	20250413085417.587000	10
20250413085436.892500	20250413085446.892500	10
20250413085446.893000	20250413085456.893000	10
20250413085456.893500	20250413085506.893500	10
20250413085519.641500	20250413085529.641500	10
20250413085531.948500	20250413085541.948500	10
20250413085541.949000	20250413085551.949000	10
20250413085551.949500	20250413085601.949500	10
20250413085602.686500	20250413085612.686500	10
20250413085612.687000	20250413085622.687000	10
20250413085632.754500	20250413085642.754500	10
20250413085642.755000	20250413085652.755000	10
20250413085652.755500	20250413085702.755500	10
20250413085720.338000	20250413085730.338000	10
20250413085743.738000	20250413085753.738000	10
20250413085753.738500	20250413085803.738500	10
20250413085818.826000	20250413085828.826000	10
20250413085835.265000	20250413085845.265000	10
20250413085845.265500	20250413085855.265500	10
20250413085900.803000	20250413085910.803000	10
20250413085910.803500	20250413085920.803500	10
20250413085920.804000	20250413085930.804000	10
20250413085937.409500	20250413085947.409500	10
20250413085947.410000	20250413085957.410000	10
20250413085957.410500	20250413090007.410500	10
20250413090007.411000	20250413090017.411000	10
20250413090017.411500	20250413090027.411500	10
20250413090035.478000	20250413090045.478000	10
20250413090045.478500	20250413090055.478500	10
20250413090055.479000	20250413090105.479000	10
20250413090105.479500	20250413090115.479500	10
20250413090115.480000	20250413090125.480000	10
20250413090125.480500	20250413090135.480500	10
20250413090144.462500	20250413090154.462500	10
20250413090157.343500	20250413090207.343500	10
20250413090207.344000	20250413090217.344000	10
20250413090217.344500	20250413090227.344500	10
20250413090227.345000	20250413090237.345000	10
20250413090242.030000	20250413090252.030000	10
20250413090252.030500	20250413090302.030500	10
20250413090302.955000	20250413090312.955000	10
20250413090326.775000	20250413090336.775000	10
20250413090336.775500	20250413090346.775500	10
20250413090346.776000	20250413090356.776000	10
20250413090356.776500	20250413090406.776500	10
20250413090406.777000	20250413090416.777000	10
20250413090425.982000	20250413090435.982000	10
20250413090435.982500	20250413090445.982500	10
20250413090445.983000	20250413090455.983000	10
20250413090506.696000	20250413090516.696000	10
20250413090516.696500	20250413090526.696500	10
20250413090526.697000	20250413090536.697000	10
20250413090536.697500	20250413090546.697500	10
20250413090546.698000	20250413090556.698000	10
20250413090558.691500	20250413090608.691500	10
20250413090608.692000	20250413090618.692000	10
20250413090618.692500	20250413090628.692500	10
20250413090628.693000	20250413090638.693000	10
20250413090639.619500	20250413090649.619500	10
20250413090657.659500	20250413090707.659500	10
20250413090707.660000	20250413090717.660000	10
20250413090717.660500	20250413090727.660500	10
20250413090727.661000	20250413090737.661000	10
20250413090737.661500	20250413090747.661500	10
20250413090751.109500	20250413090801.109500	10
20250413090801.110000	20250413090811.110000	10
20250413090811.110500	20250413090821.110500	10
20250413090825.410000	20250413090835.410000	10
20250413090841.475500	20250413090851.475500	10
20250413090852.565500	20250413090902.565500	10
20250413090902.566000	20250413090912.566000	10
20250413090912.566500	20250413090922.566500	10
20250413090922.567000	20250413090932.567000	10
20250413090936.551000	20250413090946.551000	10
20250413090946.551500	20250413090956.551500	10
20250413090956.552000	20250413091006.552000	10
20250413091009.109000	20250413091019.109000	10
20250413091028.737000	20250413091038.737000	10
20250413091038.737500	20250413091048.737500	10
20250413091059.828000	20250413091109.828000	10
20250413091117.616000	20250413091127.616000	10
20250413091134.315000	20250413091144.315000	10
20250413091146.622000	20250413091156.622000	10
20250413091156.622500	20250413091206.622500	10
20250413091206.623000	20250413091216.623000	10
20250413091219.443500	20250413091229.443500	10
20250413091229.444000	20250413091239.444000	10
20250413091246.467500	20250413091256.467500	10
20250413091256.468000	20250413091306.468000	10
20250413091306.468500	20250413091316.468500	10
20250413091316.469000	20250413091326.469000	10
20250413091326.469500	20250413091336.469500	10
20250413091336.470000	20250413091346.470000	10
20250413091346.470500	20250413091356.470500	10
20250413091356.471000	20250413091406.471000	10
20250413091406.471500	20250413091416.471500	10
20250413091424.598000	20250413091434.598000	10
20250413091434.598500	20250413091444.598500	10
20250413091444.599000	20250413091454.599000	10
20250413091503.716500	20250413091513.716500	10
20250413091518.414000	20250413091528.414000	10
20250413091528.414500	20250413091538.414500	10
20250413091538.415000	20250413091548.415000	10
20250413091548.415500	20250413091558.415500	10
20250413091558.416000	20250413091608.416000	10
20250413091608.416500	20250413091618.416500	10
20250413091636.123000	20250413091646.123000	10
20250413091646.123500	20250413091656.123500	10
20250413091656.124000	20250413091706.124000	10
20250413091706.124500	20250413091716.124500	10
20250413091721.115000	20250413091731.115000	10
20250413091737.644500	20250413091747.644500	10
20250413091759.503000	20250413091809.503000	10
20250413091809.503500	20250413091819.503500	10
20250413091830.259000	20250413091840.259000	10
20250413091840.259500	20250413091850.259500	10
20250413091850.260000	20250413091900.260000	10
20250413091900.260500	20250413091910.260500	10
20250413091910.261000	20250413091920.261000	10
20250413091927.958500	20250413091937.958500	10
20250413091937.959000	20250413091947.959000	10
20250413092004.641500	20250413092014.641500	10
20250413092014.642000	20250413092024.642000	10
20250413092036.708000	20250413092046.708000	10
20250413092046.708500	20250413092056.708500	10
20250413092056.709000	20250413092106.709000	10
20250413092106.709500	20250413092116.709500	10
20250413092116.710000	20250413092126.710000	10
20250413092126.710500	20250413092136.710500	10
20250413092143.966500	20250413092153.966500	10
20250413092153.967000	20250413092203.967000	10
20250413092203.967500	20250413092213.967500	10
20250413092213.968000	20250413092223.968000	10
20250413092223.968500	20250413092233.968500	10
20250413092233.969000	20250413092243.969000	10
20250413092249.577000	20250413092259.577000	10
20250413092259.577500	20250413092309.577500	10
20250413092309.578000	20250413092319.578000	10
20250413092319.578500	20250413092329.578500	10
20250413092329.579000	20250413092339.579000	10
20250413092339.579500	20250413092349.579500	10
20250413092349.580000	20250413092359.580000	10
20250413092403.152500	20250413092413.152500	10
20250413092435.370500	20250413092445.370500	10
20250413092445.371000	20250413092455.371000	10
20250413092505.246000	20250413092515.246000	10
20250413092515.246500	20250413092525.246500	10
20250413092525.247000	20250413092535.247000	10
20250413092536.053500	20250413092546.053500	10
20250413092546.054000	20250413092556.054000	10
20250413092603.455500	20250413092613.455500	10
20250413092613.456000	20250413092623.456000	10
20250413092623.456500	20250413092633.456500	10
20250413092633.457000	20250413092643.457000	10
20250413092643.457500	20250413092653.457500	10
20250413092653.458000	20250413092703.458000	10
20250413092703.458500	20250413092713.458500	10
20250413092713.459000	20250413092723.459000	10
20250413092723.459500	20250413092733.459500	10
20250413092741.045000	20250413092751.045000	10
20250413092751.045500	20250413092801.045500	10
20250413092802.994000	20250413092812.994000	10
20250413092828.353500	20250413092838.353500	10
20250413092838.354000	20250413092848.354000	10
20250413092848.354500	20250413092858.354500	10
20250413092858.355000	20250413092908.355000	10
20250413092917.269000	20250413092927.269000	10
20250413092927.269500	20250413092937.269500	10
20250413092937.270000	20250413092947.270000	10
20250413092947.270500	20250413092957.270500	10
20250413092957.271000	20250413093007.271000	10
20250413093007.271500	20250413093017.271500	10
20250413093017.272000	20250413093027.272000	10
20250413093027.272500	20250413093037.272500	10
20250413093037.273000	20250413093047.273000	10
20250413093049.443500	20250413093059.443500	10
20250413093059.444000	20250413093109.444000	10
20250413093113.646500	20250413093123.646500	10
20250413093123.647000	20250413093133.647000	10
20250413093133.647500	20250413093143.647500	10
20250413093156.989500	20250413093206.989500	10
20250413093206.990000	20250413093216.990000	10
20250413093216.990500	20250413093226.990500	10
20250413093230.111500	20250413093240.111500	10
20250413093240.112000	20250413093250.112000	10
20250413093250.112500	20250413093300.112500	10
20250413093300.113000	20250413093310.113000	10
20250413093310.113500	20250413093320.113500	10
20250413093320.114000	20250413093330.114000	10
20250413093330.114500	20250413093340.114500	10
20250413093350.400000	20250413093400.400000	10
20250413093400.400500	20250413093410.400500	10
20250413093410.401000	20250413093420.401000	10
20250413093420.401500	20250413093430.401500	10
20250413093430.402000	20250413093440.402000	10
20250413093440.402500	20250413093450.402500	10
20250413093451.017000	20250413093501.017000	10
20250413093501.017500	20250413093511.017500	10
20250413093511.018000	20250413093521.018000	10
20250413093534.012000	20250413093544.012000	10
20250413093544.012500	20250413093554.012500	10
20250413093554.013000	20250413093604.013000	10
20250413093604.013500	20250413093614.013500	10
20250413093614.014000	20250413093624.014000	10
20250413093624.014500	20250413093634.014500	10
20250413093634.015000	20250413093644.015000	10
20250413093644.015500	20250413093654.015500	10
20250413093654.016000	20250413093704.016000	10
20250413093704.016500	20250413093714.016500	10
20250413093722.990000	20250413093732.990000	10
20250413093732.990500	20250413093742.990500	10
20250413093742.991000	20250413093752.991000	10
20250413093806.238000	20250413093816.238000	10
20250413093816.238500	20250413093826.238500	10
20250413093826.239000	20250413093836.239000	10
20250413093836.239500	20250413093846.239500	10
20250413093846.240000	20250413093856.240000	10
20250413093856.240500	20250413093906.240500	10
20250413093911.036000	20250413093921.036000	10
20250413093921.036500	20250413093931.036500	10
20250413093952.907000	20250413094002.907000	10
20250413094002.907500	20250413094012.907500	10
20250413094012.908000	20250413094022.908000	10
20250413094024.943500	20250413094034.943500	10
20250413094034.944000	20250413094044.944000	10
20250413094044.944500	20250413094054.944500	10
20250413094054.945000	20250413094104.945000	10
20250413094108.177000	20250413094118.177000	10
20250413094118.177500	20250413094128.177500	10
20250413094136.301500	20250413094146.301500	10
20250413094146.302000	20250413094156.302000	10
20250413094156.302500	20250413094206.302500	10
20250413094207.351500	20250413094217.351500	10
20250413094217.352000	20250413094227.352000	10
20250413094227.352500	20250413094237.352500	10
20250413094237.353000	20250413094247.353000	10
20250413094247.353500	20250413094257.353500	10
20250413094257.354000	20250413094307.354000	10
20250413094311.057500	20250413094321.057500	10
20250413094321.058000	20250413094331.058000	10
20250413094331.058500	20250413094341.058500	10
20250413094341.059000	20250413094351.059000	10
20250413094357.652500	20250413094407.652500	10
20250413094407.653000	20250413094417.653000	10
20250413094420.977500	20250413094430.977500	10
20250413094430.978000	20250413094440.978000	10
20250413094440.978500	20250413094450.978500	10
20250413094450.979000	20250413094500.979000	10
20250413094500.979500	20250413094510.979500	10
20250413094510.980000	20250413094520.980000	10
20250413094520.980500	20250413094530.980500	10
20250413094530.981000	20250413094540.981000	10
20250413094540.981500	20250413094550.981500	10
20250413094608.811500	20250413094618.811500	10
20250413094618.812000	20250413094628.812000	10
20250413094628.812500	20250413094638.812500	10
20250413094638.813000	20250413094648.813000	10
20250413094655.872500	20250413094705.872500	10
20250413094711.757500	20250413094721.757500	10
20250413094721.758000	20250413094731.758000	10
20250413094731.758500	20250413094741.758500	10
20250413094743.752000	20250413094753.752000	10
20250413094753.752500	20250413094803.752500	10
20250413094803.753000	20250413094813.753000	10
20250413094813.753500	20250413094823.753500	10
20250413094829.791000	20250413094839.791000	10
20250413094839.791500	20250413094849.791500	10
20250413094849.792000	20250413094859.792000	10
20250413094859.792500	20250413094909.792500	10
20250413094909.793000	20250413094919.793000	10
20250413094924.219500	20250413094934.219500	10
20250413094934.220000	20250413094944.220000	10
20250413094944.220500	20250413094954.220500	10
20250413094954.221000	20250413095004.221000	10
20250413095004.221500	20250413095014.221500	10
20250413095014.222000	20250413095024.222000	10
20250413095024.222500	20250413095034.222500	10
20250413095034.223000	20250413095044.223000	10
20250413095044.223500	20250413095054.223500	10
20250413095054.224000	20250413095104.224000	10
20250413095106.059000	20250413095116.059000	10
20250413095119.770500	20250413095129.770500	10
20250413095148.913500	20250413095158.913500	10
20250413095158.914000	20250413095208.914000	10
20250413095215.011500	20250413095225.011500	10
20250413095234.015500	20250413095244.015500	10
20250413095244.016000	20250413095254.016000	10
20250413095256.190500	20250413095306.190500	10
20250413095306.191000	20250413095316.191000	10
20250413095316.191500	20250413095326.191500	10
20250413095326.192000	20250413095336.192000	10
20250413095336.192500	20250413095346.192500	10
20250413095346.193000	20250413095356.193000	10
20250413095356.193500	20250413095406.193500	10
20250413095406.194000	20250413095416.194000	10
20250413095416.194500	20250413095426.194500	10
20250413095426.195000	20250413095436.195000	10
20250413095436.195500	20250413095446.195500	10
20250413095446.196000	20250413095456.196000	10
20250413095456.196500	20250413095506.196500	10
20250413095506.197000	20250413095516.197000	10
20250413095516.197500	20250413095526.197500	10
20250413095532.880000	20250413095542.880000	10
20250413095542.880500	20250413095552.880500	10
20250413095552.881000	20250413095602.881000	10
20250413095602.881500	20250413095612.881500	10
20250413095612.882000	20250413095622.882000	10
20250413095622.882500	20250413095632.882500	10
20250413095632.883000	20250413095642.883000	10
20250413095652.827500	20250413095702.827500	10
20250413095702.828000	20250413095712.828000	10
20250413095712.828500	20250413095722.828500	10
20250413095722.829000	20250413095732.829000	10
20250413095732.829500	20250413095742.829500	10
20250413095742.830000	20250413095752.830000	10
20250413095752.830500	20250413095802.830500	10
20250413095802.831000	20250413095812.831000	10
20250413095812.831500	20250413095822.831500	10
20250413095822.832000	20250413095832.832000	10
20250413095832.832500	20250413095842.832500	10
20250413095842.833000	20250413095852.833000	10
20250413095854.106500	20250413095904.106500	10
20250413095904.107000	20250413095914.107000	10
20250413095914.107500	20250413095924.107500	10
20250413095932.259500	20250413095942.259500	10
20250413095942.260000	20250413095952.260000	10
20250413095952.260500	20250413100002.260500	10
20250413100002.261000	20250413100012.261000	10
20250413100012.261500	20250413100022.261500	10
20250413100022.262000	20250413100032.262000	10
20250413100040.586000	20250413100050.586000	10
20250413100050.586500	20250413100100.586500	10
20250413100110.964500	20250413100120.964500	10
20250413100134.988000	20250413100144.988000	10
20250413100144.988500	20250413100154.988500	10
20250413100154.989000	20250413100204.989000	10
20250413100204.989500	20250413100214.989500	10
20250413100214.990000	20250413100224.990000	10
20250413100224.990500	20250413100234.990500	10
20250413100234.991000	20250413100244.991000	10
20250413100244.991500	20250413100254.991500	10
20250413100254.992000	20250413100304.992000	10
20250413100304.992500	20250413100314.992500	10
20250413100314.993000	20250413100324.993000	10
20250413100351.067000	20250413100401.067000	10
20250413100401.067500	20250413100411.067500	10
20250413100411.068000	20250413100421.068000	10
20250413100421.068500	20250413100431.068500	10
20250413100431.069000	20250413100441.069000	10
20250413100441.069500	20250413100451.069500	10
20250413100451.070000	20250413100501.070000	10
20250413100501.070500	20250413100511.070500	10
20250413100511.071000	20250413100521.071000	10
20250413100521.071500	20250413100531.071500	10
20250413100531.072000	20250413100541.072000	10
20250413100541.529000	20250413100551.529000	10
20250413100551.529500	20250413100601.529500	10
20250413100601.530000	20250413100611.530000	10
20250413100620.387000	20250413100630.387000	10
20250413100630.387500	20250413100640.387500	10
20250413100640.388000	20250413100650.388000	10
20250413100650.388500	20250413100700.388500	10
20250413100708.970000	20250413100718.970000	10
#
# END WINDOW LIST
#
