# HV LOG FORMAT RELEASE 1.0
#
# BEGIN COMMAND LINE ARGUMENTS
#
D:/Cloud/OneDrive - UNIVERSITAS INDONESIA/[DANU]/MyFiles/[SOFTWARE]/geopsypack-win64-3.5.2/geopsypack-win64-3.5.2/bin/geopsy.exe  $*
exit $?
#
# END COMMAND LINE ARGUMENTS
#
#
# BEGIN SOFTWARE VERSION
#
  Qt                  6.5.2
  QGpCoreTools        2.5.0 from 3.5.2
      (commit 8e7f9523665497a6e0787d4f623634cee8957aff)
  QGpCoreMath         1.5.2 from 3.5.2
      (commit 45a832cd27865662e9e0c63081f3a1d32999f668)
  GeopsyCore          4.5.1 from 3.5.2
      (commit e32288e5b456ea5f2c7ed80d7f3238414692b3e4)
  QGpGuiTools         2.5.0 from 3.5.2
      (commit dd46b2456fe37b3e090e1ab3cec07542a51228a5)
  SciFigs             3.4.1 from 3.5.2
      (commit d9059f148fd7373f6e5e08322d3d212c98efa1d7)
  QGpGuiMath          1.4.0 from 3.5.2
      (commit 01d498dc90602f5e30e43ed6a16a660c70a0d2aa)
  GeopsyGui           3.5.0 from 3.5.2
      (commit c81d772d484fd4bc83908f5c25c8681405d99aac)
  GeopsySLink         2.1.0 from 3.5.2
      (commit 25c6c74090bb522f466c221ae5436774b79e06fb)
  GeopsySLinkGui      2.0.3 from 3.5.2
      (commit a41e443c12241597cebcf02d3646eb1409d7df80)
  geopsy              3.4.0 from 3.5.2
      (commit 4653563244c5f99ae287e46a6f755687b1a08a49)
  geopsyfigs          1.0.2 from 3.5.2
      (commit c634e2e145800675c35f99c9f2016dad12dde7a9)
  campbelltob3        1.0.2 from 3.5.2
      (commit 305fa22c3976f73387543b8e4880152ff57d33fb)
  DinverCore          1.4.0 from 3.5.2
      (commit 2c5867d8a3d3afc8b55dab6683c45e857f3f1206)
  QGpCoreWave         2.3.0 from 3.5.2
      (commit 5f8fb775da4b2ffe1d609b5d5eea1540b835f8af)
  QGpCompatibility    1.2.0 from 3.5.2
      (commit a43f1ead0e7e26355ad8661e59feda87db583379)
  DinverDCCore        2.3.0 from 3.5.2
      (commit dd36cd8af8c63c8dba6be1f3ab842ea7535433f4)
  QGpCoreStat         1.3.0 from 3.5.2
      (commit e9187dc7eb30087d0c28114d969e7cc341f348c4)
  ArrayCore           4.2.1 from 3.5.2
      (commit bced9454c16a9fc3eb0bc5b744a49991f6dca7a2)
  QGpGuiWave          1.3.0 from 3.5.2
      (commit 22916617b90f55989ffb59cd21312bc7ba38bcd3)
  ArrayGui            1.4.0 from 3.5.2
      (commit c735d1d26af99196b6becdadd34801e81bc42409)
  geopsyarray         3.3.1 from 3.5.2
      (commit a38e660189576dccf9cd1154f04faf3bdcfa55d5)
  geopsydamping       2.1.4 from 3.5.2
      (commit 78e000f8ef6e721e79a5375710ae8982828e16c8)
  HVCore              1.2.0 from 3.5.2
      (commit 4ca5ee46175a87a9a7fa60bd11d602b9920c875e)
  HVGui               1.2.0 from 3.5.2
      (commit b4d37a83716e9c7b740abc0c6a7d1561074ce986)
  geopsyhv            4.0.4 from 3.5.2
      (commit ec71ec24ab953dfd059e1b5c68d114259a208c4a)
  geopsynr            1.1.2 from 3.5.2
      (commit 2aa2630f17e95f770bd7dc9968b6b885e8aa2d41)
  geopsyptmotion      2.0.4 from 3.5.2
      (commit f9889e458845b182f26c61b6a256e8a1478de26b)
  geopsyrefra         2.0.3 from 3.5.2
      (commit 5a89d12d1a08b0efa50415814c3b456903b542e4)
  geopsytfa           2.1.2 from 3.5.2
      (commit 1ba23d15f70cd66f3fe1851cc1a992e9d542ab3c)
  hvtfa               2.1.4 from 3.5.2
      (commit ca8f1b1cc8da451d92a4c95eb80e75162b6b1d1c)
  matfiles            1.0.4 from 3.5.2
      (commit 53d1ee979a42e4409603f4f4c1a4a42cc1a9e162)
  phaseit             1.0.3 from 3.5.2
      (commit 79a2e81ead59b0de0d7a659fdabfb9541dda77a2)
#
# END SOFTWARE VERSION
#
#
# BEGIN SIGNAL LIST
#
[COMP 0]
 [SIG 0] D:/Kulon Progo 2025/Seismik Pasif/processing/1_merge mseed/Merged data/D5_merge3comps.mseed at index 2
[COMP 1]
 [SIG 0] D:/Kulon Progo 2025/Seismik Pasif/processing/1_merge mseed/Merged data/D5_merge3comps.mseed at index 1
[COMP 2]
 [SIG 0] D:/Kulon Progo 2025/Seismik Pasif/processing/1_merge mseed/Merged data/D5_merge3comps.mseed at index 0
#
# END SIGNAL LIST
#
#
# BEGIN PARAMETERS
#
# Version 0: all files generated with releases before 20170901 (default for input)
PARAMETERS_VERSION=1
# TYPEs:
#   - Signal: from the start or to the end of signal (TEXT are useless)
#   - Delta: a fixed duration counted from the start or the end (e.g. TEXT=1h).
#   - Pick: from or to a time pick (TEXT=time pick name).
#   - Absolute: from or to a fixed time (e.g. TEXT=20170314115338.00)
FROM_TIME_TYPE=Signal
FROM_TIME_TEXT=0s
# TYPEs: Signal, Delta, Absolute
TO_TIME_TYPE=Signal
TO_TIME_TEXT=0s
REFERENCE=
COMMON_TIME_WINDOWS=false
# TYPEs: Exactly, AtLeast, FrequencyDependent
WINDOW_LENGTH_TYPE=Exactly
WINDOW_MIN_LENGTH(s)=10
WINDOW_MAX_LENGTH(s)=10
WINDOW_MAX_COUNT=0
# Length of time windows are adjusted to avoid a prime number of samples which
# slows down the FFT computation. Usually a maximum prime of 11 in the prime factorization
# of the number of samples is a good compromise between the speed and the lenght inaccuracy
# Leave as zero to allow any prime number factorization.
WINDOW_MAXIMUM_PRIME_FACTOR=11
BAD_SAMPLE_TOLERANCE (s)=0
BAD_SAMPLE_GAP (s)=0
WINDOW_OVERLAP (%)=0
# TYPEs: NoSampleThreshold, RelativeSampleThreshold, AbsoluteSampleThreshold
BAD_SAMPLE_THRESHOLD_TYPE=NoSampleThreshold
ANTI-TRIGGERING_ON_RAW_SIGNAL (y/n)=y
USED_RAW_COMPONENTS=y, y, y
RAW_STA (s)=1
RAW_LTA (s)=30
RAW_MIN_SLTA=0.2
RAW_MAX_SLTA=2
ANTI-TRIGGERING_ON_FILTERED_SIGNAL (y/n)=n
# Start a time window for each seismic event available inside the time range.
SEISMIC_EVENT_TRIGGER (y/n)=n
SEISMIC_EVENT_DELAY (s)=-0.1
WINDOW_TYPE=Cosine
WINDOW_REVERSED=n
SMOOTHING_METHOD=Function
SMOOTHING_WIDTH_TYPE=Proportional
SMOOTHING_WIDTH=0.9
# Describes the way values are summed: on a linear, log or inverse scale
SMOOTHING_SCALE_TYPE=Linear
SMOOTHING_WINDOW_TYPE=Cosine
SMOOTHING_WINDOW_REVERSED=n
MINIMUM_FREQUENCY=0.1
MAXIMUM_FREQUENCY=20
# Either 'Linear', 'Log' or 'Inverse'
SCALE_TYPE_FREQUENCY=Log
# Number of samples is either set to a fixed value ('Count') or through a step between samples ('Step')'
STEP_TYPE_FREQUENCY=Step
SAMPLES_NUMBER_FREQUENCY=215
# STEP=difference between two successive samples for 'linear' scales
# STEP=ratio between two successive samples for 'log' scales
# STEP=difference between two successive inverse samples for 'inverse' scales
STEP_FREQUENCY=1.025
# Required when using short time windows when the number of frequency samples
# is higher than the number of points in the spectra.
OVER_SAMPLING_FACTOR=1
HIGH_PASS_FREQUENCY=0
# Possible values for HORIZONTAL_COMPONENTS: Squared, Energy, Azimuth, Geometric
HORIZONTAL_COMPONENTS=Squared
# HORIZONTAL_AZIMUTH is used only when HORIZONTAL_COMPONENTS==Azimuth
HORIZONTAL_AZIMUTH=0
# Used only for rotated output
ROTATION_STEP=10
# Frequency domain window rejection (Cox et al. (2020, GJI)
FREQUENCY_WINDOW_REJECTION_MINIMUM_FREQUENCY=0.1
FREQUENCY_WINDOW_REJECTION_MAXIMUM_FREQUENCY=50
FREQUENCY_WINDOW_REJECTION_STDDEV_FACTOR=2
FREQUENCY_WINDOW_REJECTION_MAXIMUM_ITERATIONS=50
#
# END PARAMETERS
#
#
# BEGIN WINDOWING LOG
#
Automatic windowing
#
# END WINDOWING LOG
#
#
# BEGIN WINDOW LIST
#
# Number= 527
# Start time 	 End Time 	 Window length
20250413141334.638500	20250413141344.638500	10
20250413141350.478000	20250413141400.478000	10
20250413141418.173500	20250413141428.173500	10
20250413141439.350000	20250413141449.350000	10
20250413141455.071500	20250413141505.071500	10
20250413141505.072000	20250413141515.072000	10
20250413141515.072500	20250413141525.072500	10
20250413141525.073000	20250413141535.073000	10
20250413141535.073500	20250413141545.073500	10
20250413141545.074000	20250413141555.074000	10
20250413141555.074500	20250413141605.074500	10
20250413141605.075000	20250413141615.075000	10
20250413141615.075500	20250413141625.075500	10
20250413141625.076000	20250413141635.076000	10
20250413141635.076500	20250413141645.076500	10
20250413141645.077000	20250413141655.077000	10
20250413141655.077500	20250413141705.077500	10
20250413141705.078000	20250413141715.078000	10
20250413141724.736500	20250413141734.736500	10
20250413141734.737000	20250413141744.737000	10
20250413141744.737500	20250413141754.737500	10
20250413141801.635000	20250413141811.635000	10
20250413141811.635500	20250413141821.635500	10
20250413141821.636000	20250413141831.636000	10
20250413141834.963500	20250413141844.963500	10
20250413141844.964000	20250413141854.964000	10
20250413141854.964500	20250413141904.964500	10
20250413141904.965000	20250413141914.965000	10
20250413141914.965500	20250413141924.965500	10
20250413141924.966000	20250413141934.966000	10
20250413141934.966500	20250413141944.966500	10
20250413141954.495500	20250413142004.495500	10
20250413142004.496000	20250413142014.496000	10
20250413142014.496500	20250413142024.496500	10
20250413142024.497000	20250413142034.497000	10
20250413142034.497500	20250413142044.497500	10
20250413142048.925000	20250413142058.925000	10
20250413142058.925500	20250413142108.925500	10
20250413142108.926000	20250413142118.926000	10
20250413142118.926500	20250413142128.926500	10
20250413142128.927000	20250413142138.927000	10
20250413142144.729000	20250413142154.729000	10
20250413142154.729500	20250413142204.729500	10
20250413142204.730000	20250413142214.730000	10
20250413142214.730500	20250413142224.730500	10
20250413142224.731000	20250413142234.731000	10
20250413142234.731500	20250413142244.731500	10
20250413142245.666000	20250413142255.666000	10
20250413142255.666500	20250413142305.666500	10
20250413142305.667000	20250413142315.667000	10
20250413142315.667500	20250413142325.667500	10
20250413142335.426500	20250413142345.426500	10
20250413142345.427000	20250413142355.427000	10
20250413142355.427500	20250413142405.427500	10
20250413142405.428000	20250413142415.428000	10
20250413142415.428500	20250413142425.428500	10
20250413142425.429000	20250413142435.429000	10
20250413142435.429500	20250413142445.429500	10
20250413142445.430000	20250413142455.430000	10
20250413142455.430500	20250413142505.430500	10
20250413142505.431000	20250413142515.431000	10
20250413142515.431500	20250413142525.431500	10
20250413142525.432000	20250413142535.432000	10
20250413142616.828500	20250413142626.828500	10
20250413142626.829000	20250413142636.829000	10
20250413142636.829500	20250413142646.829500	10
20250413142646.830000	20250413142656.830000	10
20250413142656.830500	20250413142706.830500	10
20250413142706.831000	20250413142716.831000	10
20250413142716.831500	20250413142726.831500	10
20250413142726.832000	20250413142736.832000	10
20250413142736.832500	20250413142746.832500	10
20250413142753.519000	20250413142803.519000	10
20250413142803.519500	20250413142813.519500	10
20250413142813.520000	20250413142823.520000	10
20250413142823.520500	20250413142833.520500	10
20250413142833.521000	20250413142843.521000	10
20250413142852.688000	20250413142902.688000	10
20250413142918.766500	20250413142928.766500	10
20250413142937.435000	20250413142947.435000	10
20250413142947.435500	20250413142957.435500	10
20250413142957.436000	20250413143007.436000	10
20250413143007.436500	20250413143017.436500	10
20250413143017.437000	20250413143027.437000	10
20250413143027.437500	20250413143037.437500	10
20250413143037.438000	20250413143047.438000	10
20250413143047.438500	20250413143057.438500	10
20250413143109.626500	20250413143119.626500	10
20250413143135.955000	20250413143145.955000	10
20250413143153.927500	20250413143203.927500	10
20250413143203.928000	20250413143213.928000	10
20250413143213.928500	20250413143223.928500	10
20250413143223.929000	20250413143233.929000	10
20250413143233.929500	20250413143243.929500	10
20250413143243.930000	20250413143253.930000	10
20250413143253.930500	20250413143303.930500	10
20250413143303.931000	20250413143313.931000	10
20250413143313.931500	20250413143323.931500	10
20250413143323.932000	20250413143333.932000	10
20250413143333.932500	20250413143343.932500	10
20250413143343.933000	20250413143353.933000	10
20250413143353.933500	20250413143403.933500	10
20250413143403.934000	20250413143413.934000	10
20250413143413.934500	20250413143423.934500	10
20250413143503.597000	20250413143513.597000	10
20250413143513.597500	20250413143523.597500	10
20250413143523.598000	20250413143533.598000	10
20250413143537.867000	20250413143547.867000	10
20250413143547.867500	20250413143557.867500	10
20250413143557.868000	20250413143607.868000	10
20250413143607.868500	20250413143617.868500	10
20250413143617.869000	20250413143627.869000	10
20250413143627.869500	20250413143637.869500	10
20250413143648.613000	20250413143658.613000	10
20250413143658.613500	20250413143708.613500	10
20250413143708.614000	20250413143718.614000	10
20250413143718.614500	20250413143728.614500	10
20250413143728.615000	20250413143738.615000	10
20250413143738.615500	20250413143748.615500	10
20250413143748.616000	20250413143758.616000	10
20250413143758.616500	20250413143808.616500	10
20250413143826.046000	20250413143836.046000	10
20250413143836.046500	20250413143846.046500	10
20250413143846.047000	20250413143856.047000	10
20250413143856.047500	20250413143906.047500	10
20250413143906.048000	20250413143916.048000	10
20250413143916.048500	20250413143926.048500	10
20250413143926.049000	20250413143936.049000	10
20250413143946.164000	20250413143956.164000	10
20250413143956.164500	20250413144006.164500	10
20250413144006.165000	20250413144016.165000	10
20250413144016.165500	20250413144026.165500	10
20250413144026.166000	20250413144036.166000	10
20250413144036.166500	20250413144046.166500	10
20250413144046.167000	20250413144056.167000	10
20250413144056.167500	20250413144106.167500	10
20250413144106.168000	20250413144116.168000	10
20250413144116.168500	20250413144126.168500	10
20250413144126.169000	20250413144136.169000	10
20250413144136.169500	20250413144146.169500	10
20250413144146.170000	20250413144156.170000	10
20250413144156.170500	20250413144206.170500	10
20250413144206.171000	20250413144216.171000	10
20250413144224.553500	20250413144234.553500	10
20250413144234.554000	20250413144244.554000	10
20250413144244.554500	20250413144254.554500	10
20250413144254.555000	20250413144304.555000	10
20250413144304.555500	20250413144314.555500	10
20250413144314.556000	20250413144324.556000	10
20250413144324.556500	20250413144334.556500	10
20250413144334.557000	20250413144344.557000	10
20250413144344.557500	20250413144354.557500	10
20250413144354.558000	20250413144404.558000	10
20250413144406.683000	20250413144416.683000	10
20250413144428.989500	20250413144438.989500	10
20250413144438.990000	20250413144448.990000	10
20250413144448.990500	20250413144458.990500	10
20250413144458.991000	20250413144508.991000	10
20250413144508.991500	20250413144518.991500	10
20250413144528.577500	20250413144538.577500	10
20250413144538.578000	20250413144548.578000	10
20250413144548.578500	20250413144558.578500	10
20250413144558.579000	20250413144608.579000	10
20250413144608.579500	20250413144618.579500	10
20250413144627.980500	20250413144637.980500	10
20250413144637.981000	20250413144647.981000	10
20250413144647.981500	20250413144657.981500	10
20250413144657.982000	20250413144707.982000	10
20250413144707.982500	20250413144717.982500	10
20250413144717.983000	20250413144727.983000	10
20250413144727.983500	20250413144737.983500	10
20250413144737.984000	20250413144747.984000	10
20250413144747.984500	20250413144757.984500	10
20250413144757.985000	20250413144807.985000	10
20250413144807.985500	20250413144817.985500	10
20250413144817.986000	20250413144827.986000	10
20250413144827.986500	20250413144837.986500	10
20250413144837.987000	20250413144847.987000	10
20250413144847.987500	20250413144857.987500	10
20250413144857.988000	20250413144907.988000	10
20250413144907.988500	20250413144917.988500	10
20250413144917.989000	20250413144927.989000	10
20250413144927.989500	20250413144937.989500	10
20250413145005.163500	20250413145015.163500	10
20250413145015.164000	20250413145025.164000	10
20250413145025.164500	20250413145035.164500	10
20250413145038.506000	20250413145048.506000	10
20250413145048.506500	20250413145058.506500	10
20250413145137.128500	20250413145147.128500	10
20250413145147.129000	20250413145157.129000	10
20250413145157.129500	20250413145207.129500	10
20250413145207.130000	20250413145217.130000	10
20250413145217.130500	20250413145227.130500	10
20250413145227.131000	20250413145237.131000	10
20250413145237.131500	20250413145247.131500	10
20250413145247.132000	20250413145257.132000	10
20250413145257.132500	20250413145307.132500	10
20250413145310.491000	20250413145320.491000	10
20250413145320.491500	20250413145330.491500	10
20250413145330.492000	20250413145340.492000	10
20250413145340.492500	20250413145350.492500	10
20250413145350.493000	20250413145400.493000	10
20250413145400.493500	20250413145410.493500	10
20250413145410.494000	20250413145420.494000	10
20250413145420.494500	20250413145430.494500	10
20250413145430.495000	20250413145440.495000	10
20250413145440.495500	20250413145450.495500	10
20250413145450.496000	20250413145500.496000	10
20250413145500.496500	20250413145510.496500	10
20250413145510.497000	20250413145520.497000	10
20250413145520.497500	20250413145530.497500	10
20250413145530.498000	20250413145540.498000	10
20250413145540.498500	20250413145550.498500	10
20250413145550.499000	20250413145600.499000	10
20250413145600.499500	20250413145610.499500	10
20250413145610.500000	20250413145620.500000	10
20250413145620.500500	20250413145630.500500	10
20250413145632.860500	20250413145642.860500	10
20250413145700.428000	20250413145710.428000	10
20250413145710.428500	20250413145720.428500	10
20250413145720.429000	20250413145730.429000	10
20250413145731.107000	20250413145741.107000	10
20250413145742.531000	20250413145752.531000	10
20250413145752.531500	20250413145802.531500	10
20250413145802.532000	20250413145812.532000	10
20250413145812.532500	20250413145822.532500	10
20250413145822.533000	20250413145832.533000	10
20250413145832.533500	20250413145842.533500	10
20250413145842.534000	20250413145852.534000	10
20250413145852.534500	20250413145902.534500	10
20250413145902.535000	20250413145912.535000	10
20250413145922.436000	20250413145932.436000	10
20250413145932.436500	20250413145942.436500	10
20250413145942.437000	20250413145952.437000	10
20250413145952.437500	20250413150002.437500	10
20250413150002.438000	20250413150012.438000	10
20250413150012.438500	20250413150022.438500	10
20250413150029.660500	20250413150039.660500	10
20250413150039.661000	20250413150049.661000	10
20250413150049.661500	20250413150059.661500	10
20250413150059.662000	20250413150109.662000	10
20250413150109.662500	20250413150119.662500	10
20250413150119.663000	20250413150129.663000	10
20250413150133.095500	20250413150143.095500	10
20250413150143.096000	20250413150153.096000	10
20250413150153.096500	20250413150203.096500	10
20250413150203.097000	20250413150213.097000	10
20250413150213.300000	20250413150223.300000	10
20250413150223.300500	20250413150233.300500	10
20250413150233.301000	20250413150243.301000	10
20250413150243.301500	20250413150253.301500	10
20250413150253.302000	20250413150303.302000	10
20250413150303.302500	20250413150313.302500	10
20250413150313.303000	20250413150323.303000	10
20250413150323.303500	20250413150333.303500	10
20250413150333.304000	20250413150343.304000	10
20250413150343.304500	20250413150353.304500	10
20250413150353.305000	20250413150403.305000	10
20250413150403.305500	20250413150413.305500	10
20250413150413.306000	20250413150423.306000	10
20250413150423.306500	20250413150433.306500	10
20250413150433.307000	20250413150443.307000	10
20250413150443.307500	20250413150453.307500	10
20250413150453.308000	20250413150503.308000	10
20250413150503.308500	20250413150513.308500	10
20250413150513.309000	20250413150523.309000	10
20250413150523.309500	20250413150533.309500	10
20250413150533.310000	20250413150543.310000	10
20250413150543.310500	20250413150553.310500	10
20250413150553.311000	20250413150603.311000	10
20250413150603.311500	20250413150613.311500	10
20250413150613.312000	20250413150623.312000	10
20250413150623.312500	20250413150633.312500	10
20250413150633.313000	20250413150643.313000	10
20250413150643.313500	20250413150653.313500	10
20250413150653.314000	20250413150703.314000	10
20250413150703.314500	20250413150713.314500	10
20250413150749.845000	20250413150759.845000	10
20250413150759.845500	20250413150809.845500	10
20250413150809.846000	20250413150819.846000	10
20250413150819.846500	20250413150829.846500	10
20250413150829.847000	20250413150839.847000	10
20250413150839.847500	20250413150849.847500	10
20250413150849.848000	20250413150859.848000	10
20250413150859.848500	20250413150909.848500	10
20250413150909.849000	20250413150919.849000	10
20250413150955.980500	20250413151005.980500	10
20250413151005.981000	20250413151015.981000	10
20250413151015.981500	20250413151025.981500	10
20250413151025.982000	20250413151035.982000	10
20250413151035.982500	20250413151045.982500	10
20250413151055.003000	20250413151105.003000	10
20250413151105.003500	20250413151115.003500	10
20250413151115.004000	20250413151125.004000	10
20250413151125.004500	20250413151135.004500	10
20250413151135.005000	20250413151145.005000	10
20250413151145.005500	20250413151155.005500	10
20250413151155.006000	20250413151205.006000	10
20250413151205.006500	20250413151215.006500	10
20250413151215.007000	20250413151225.007000	10
20250413151225.007500	20250413151235.007500	10
20250413151235.008000	20250413151245.008000	10
20250413151245.008500	20250413151255.008500	10
20250413151255.009000	20250413151305.009000	10
20250413151317.461000	20250413151327.461000	10
20250413151327.461500	20250413151337.461500	10
20250413151337.462000	20250413151347.462000	10
20250413151347.462500	20250413151357.462500	10
20250413151357.463000	20250413151407.463000	10
20250413151407.463500	20250413151417.463500	10
20250413151417.464000	20250413151427.464000	10
20250413151427.464500	20250413151437.464500	10
20250413151437.465000	20250413151447.465000	10
20250413151447.465500	20250413151457.465500	10
20250413151457.466000	20250413151507.466000	10
20250413151507.466500	20250413151517.466500	10
20250413151553.166000	20250413151603.166000	10
20250413151603.166500	20250413151613.166500	10
20250413151613.167000	20250413151623.167000	10
20250413151623.167500	20250413151633.167500	10
20250413151633.168000	20250413151643.168000	10
20250413151700.288500	20250413151710.288500	10
20250413151710.289000	20250413151720.289000	10
20250413151720.289500	20250413151730.289500	10
20250413151730.290000	20250413151740.290000	10
20250413151740.290500	20250413151750.290500	10
20250413151750.291000	20250413151800.291000	10
20250413151800.291500	20250413151810.291500	10
20250413151810.292000	20250413151820.292000	10
20250413151820.292500	20250413151830.292500	10
20250413151830.293000	20250413151840.293000	10
20250413151844.655000	20250413151854.655000	10
20250413151857.000000	20250413151907.000000	10
20250413151917.182000	20250413151927.182000	10
20250413151927.182500	20250413151937.182500	10
20250413151937.183000	20250413151947.183000	10
20250413151947.183500	20250413151957.183500	10
20250413151957.184000	20250413152007.184000	10
20250413152007.184500	20250413152017.184500	10
20250413152017.185000	20250413152027.185000	10
20250413152027.185500	20250413152037.185500	10
20250413152037.186000	20250413152047.186000	10
20250413152055.025000	20250413152105.025000	10
20250413152105.025500	20250413152115.025500	10
20250413152115.026000	20250413152125.026000	10
20250413152125.026500	20250413152135.026500	10
20250413152135.027000	20250413152145.027000	10
20250413152145.027500	20250413152155.027500	10
20250413152155.028000	20250413152205.028000	10
20250413152205.028500	20250413152215.028500	10
20250413152219.571000	20250413152229.571000	10
20250413152233.207500	20250413152243.207500	10
20250413152243.208000	20250413152253.208000	10
20250413152253.208500	20250413152303.208500	10
20250413152310.287000	20250413152320.287000	10
20250413152320.287500	20250413152330.287500	10
20250413152330.288000	20250413152340.288000	10
20250413152340.288500	20250413152350.288500	10
20250413152350.289000	20250413152400.289000	10
20250413152400.289500	20250413152410.289500	10
20250413152410.290000	20250413152420.290000	10
20250413152420.290500	20250413152430.290500	10
20250413152430.291000	20250413152440.291000	10
20250413152440.291500	20250413152450.291500	10
20250413152450.292000	20250413152500.292000	10
20250413152508.970500	20250413152518.970500	10
20250413152518.971000	20250413152528.971000	10
20250413152528.971500	20250413152538.971500	10
20250413152549.208500	20250413152559.208500	10
20250413152559.209000	20250413152609.209000	10
20250413152609.209500	20250413152619.209500	10
20250413152627.663000	20250413152637.663000	10
20250413152637.663500	20250413152647.663500	10
20250413152647.664000	20250413152657.664000	10
20250413152713.332000	20250413152723.332000	10
20250413152723.332500	20250413152733.332500	10
20250413152744.014000	20250413152754.014000	10
20250413152754.014500	20250413152804.014500	10
20250413152804.015000	20250413152814.015000	10
20250413152814.015500	20250413152824.015500	10
20250413152824.016000	20250413152834.016000	10
20250413152841.669000	20250413152851.669000	10
20250413152851.669500	20250413152901.669500	10
20250413152901.670000	20250413152911.670000	10
20250413152911.670500	20250413152921.670500	10
20250413152921.671000	20250413152931.671000	10
20250413152931.671500	20250413152941.671500	10
20250413152941.672000	20250413152951.672000	10
20250413152951.672500	20250413153001.672500	10
20250413153001.673000	20250413153011.673000	10
20250413153012.279500	20250413153022.279500	10
20250413153022.280000	20250413153032.280000	10
20250413153032.280500	20250413153042.280500	10
20250413153042.281000	20250413153052.281000	10
20250413153052.281500	20250413153102.281500	10
20250413153102.282000	20250413153112.282000	10
20250413153112.282500	20250413153122.282500	10
20250413153122.283000	20250413153132.283000	10
20250413153132.283500	20250413153142.283500	10
20250413153146.226000	20250413153156.226000	10
20250413153156.226500	20250413153206.226500	10
20250413153206.227000	20250413153216.227000	10
20250413153216.227500	20250413153226.227500	10
20250413153226.228000	20250413153236.228000	10
20250413153236.228500	20250413153246.228500	10
20250413153246.229000	20250413153256.229000	10
20250413153256.229500	20250413153306.229500	10
20250413153306.230000	20250413153316.230000	10
20250413153316.230500	20250413153326.230500	10
20250413153326.231000	20250413153336.231000	10
20250413153336.231500	20250413153346.231500	10
20250413153346.232000	20250413153356.232000	10
20250413153356.232500	20250413153406.232500	10
20250413153406.233000	20250413153416.233000	10
20250413153419.904000	20250413153429.904000	10
20250413153445.497500	20250413153455.497500	10
20250413153455.498000	20250413153505.498000	10
20250413153513.865500	20250413153523.865500	10
20250413153523.866000	20250413153533.866000	10
20250413153533.866500	20250413153543.866500	10
20250413153543.867000	20250413153553.867000	10
20250413153553.867500	20250413153603.867500	10
20250413153603.868000	20250413153613.868000	10
20250413153638.028000	20250413153648.028000	10
20250413153648.028500	20250413153658.028500	10
20250413153658.029000	20250413153708.029000	10
20250413153708.029500	20250413153718.029500	10
20250413153718.030000	20250413153728.030000	10
20250413153739.563500	20250413153749.563500	10
20250413153749.564000	20250413153759.564000	10
20250413153759.564500	20250413153809.564500	10
20250413153809.565000	20250413153819.565000	10
20250413153819.565500	20250413153829.565500	10
20250413153845.921000	20250413153855.921000	10
20250413153909.303500	20250413153919.303500	10
20250413153919.304000	20250413153929.304000	10
20250413153929.304500	20250413153939.304500	10
20250413153949.076000	20250413153959.076000	10
20250413153959.076500	20250413154009.076500	10
20250413154009.077000	20250413154019.077000	10
20250413154019.077500	20250413154029.077500	10
20250413154029.078000	20250413154039.078000	10
20250413154039.078500	20250413154049.078500	10
20250413154049.079000	20250413154059.079000	10
20250413154059.079500	20250413154109.079500	10
20250413154109.080000	20250413154119.080000	10
20250413154119.080500	20250413154129.080500	10
20250413154129.081000	20250413154139.081000	10
20250413154139.081500	20250413154149.081500	10
20250413154159.647000	20250413154209.647000	10
20250413154218.494500	20250413154228.494500	10
20250413154228.495000	20250413154238.495000	10
20250413154256.413000	20250413154306.413000	10
20250413154306.413500	20250413154316.413500	10
20250413154331.491000	20250413154341.491000	10
20250413154400.086500	20250413154410.086500	10
20250413154410.087000	20250413154420.087000	10
20250413154432.893500	20250413154442.893500	10
20250413154442.894000	20250413154452.894000	10
20250413154459.173500	20250413154509.173500	10
20250413154509.174000	20250413154519.174000	10
20250413154519.174500	20250413154529.174500	10
20250413154529.175000	20250413154539.175000	10
20250413154539.175500	20250413154549.175500	10
20250413154549.176000	20250413154559.176000	10
20250413154559.176500	20250413154609.176500	10
20250413154609.177000	20250413154619.177000	10
20250413154619.177500	20250413154629.177500	10
20250413154629.178000	20250413154639.178000	10
20250413154640.884000	20250413154650.884000	10
20250413154650.884500	20250413154700.884500	10
20250413154700.885000	20250413154710.885000	10
20250413154710.885500	20250413154720.885500	10
20250413154720.886000	20250413154730.886000	10
20250413154730.886500	20250413154740.886500	10
20250413154740.887000	20250413154750.887000	10
20250413154757.204500	20250413154807.204500	10
20250413154807.205000	20250413154817.205000	10
20250413154823.271500	20250413154833.271500	10
20250413154833.272000	20250413154843.272000	10
20250413154843.272500	20250413154853.272500	10
20250413154853.273000	20250413154903.273000	10
20250413154910.248500	20250413154920.248500	10
20250413154920.249000	20250413154930.249000	10
20250413154930.249500	20250413154940.249500	10
20250413154940.250000	20250413154950.250000	10
20250413154950.250500	20250413155000.250500	10
20250413155000.251000	20250413155010.251000	10
20250413155010.251500	20250413155020.251500	10
20250413155020.252000	20250413155030.252000	10
20250413155030.252500	20250413155040.252500	10
20250413155051.770500	20250413155101.770500	10
20250413155101.771000	20250413155111.771000	10
20250413155111.771500	20250413155121.771500	10
20250413155121.772000	20250413155131.772000	10
20250413155131.772500	20250413155141.772500	10
20250413155222.452000	20250413155232.452000	10
20250413155247.963000	20250413155257.963000	10
20250413155314.060000	20250413155324.060000	10
20250413155324.060500	20250413155334.060500	10
20250413155352.867500	20250413155402.867500	10
20250413155402.868000	20250413155412.868000	10
20250413155412.868500	20250413155422.868500	10
20250413155437.687000	20250413155447.687000	10
20250413155450.005500	20250413155500.005500	10
20250413155500.006000	20250413155510.006000	10
20250413155510.006500	20250413155520.006500	10
20250413155520.007000	20250413155530.007000	10
20250413155530.007500	20250413155540.007500	10
20250413155540.008000	20250413155550.008000	10
20250413155551.552000	20250413155601.552000	10
20250413155607.472000	20250413155617.472000	10
20250413155622.148000	20250413155632.148000	10
20250413155636.439000	20250413155646.439000	10
20250413155646.439500	20250413155656.439500	10
20250413155656.440000	20250413155706.440000	10
20250413155706.440500	20250413155716.440500	10
20250413155739.324500	20250413155749.324500	10
20250413155757.795500	20250413155807.795500	10
20250413155820.880500	20250413155830.880500	10
20250413155830.881000	20250413155840.881000	10
20250413155840.881500	20250413155850.881500	10
20250413155850.882000	20250413155900.882000	10
20250413155900.882500	20250413155910.882500	10
20250413155910.883000	20250413155920.883000	10
20250413155920.883500	20250413155930.883500	10
20250413155942.986000	20250413155952.986000	10
#
# END WINDOW LIST
#
