# HV LOG FORMAT RELEASE 1.0
#
# BEGIN COMMAND LINE ARGUMENTS
#
D:/Cloud/OneDrive - UNIVERSITAS INDONESIA/[DANU]/MyFiles/[SOFTWARE]/geopsypack-win64-3.5.2/geopsypack-win64-3.5.2/bin/geopsy.exe  $*
exit $?
#
# END COMMAND LINE ARGUMENTS
#
#
# BEGIN SOFTWARE VERSION
#
  Qt                  6.5.2
  QGpCoreTools        2.5.0 from 3.5.2
      (commit 8e7f9523665497a6e0787d4f623634cee8957aff)
  QGpCoreMath         1.5.2 from 3.5.2
      (commit 45a832cd27865662e9e0c63081f3a1d32999f668)
  GeopsyCore          4.5.1 from 3.5.2
      (commit e32288e5b456ea5f2c7ed80d7f3238414692b3e4)
  QGpGuiTools         2.5.0 from 3.5.2
      (commit dd46b2456fe37b3e090e1ab3cec07542a51228a5)
  SciFigs             3.4.1 from 3.5.2
      (commit d9059f148fd7373f6e5e08322d3d212c98efa1d7)
  QGpGuiMath          1.4.0 from 3.5.2
      (commit 01d498dc90602f5e30e43ed6a16a660c70a0d2aa)
  GeopsyGui           3.5.0 from 3.5.2
      (commit c81d772d484fd4bc83908f5c25c8681405d99aac)
  GeopsySLink         2.1.0 from 3.5.2
      (commit 25c6c74090bb522f466c221ae5436774b79e06fb)
  GeopsySLinkGui      2.0.3 from 3.5.2
      (commit a41e443c12241597cebcf02d3646eb1409d7df80)
  geopsy              3.4.0 from 3.5.2
      (commit 4653563244c5f99ae287e46a6f755687b1a08a49)
  geopsyfigs          1.0.2 from 3.5.2
      (commit c634e2e145800675c35f99c9f2016dad12dde7a9)
  campbelltob3        1.0.2 from 3.5.2
      (commit 305fa22c3976f73387543b8e4880152ff57d33fb)
  DinverCore          1.4.0 from 3.5.2
      (commit 2c5867d8a3d3afc8b55dab6683c45e857f3f1206)
  QGpCoreWave         2.3.0 from 3.5.2
      (commit 5f8fb775da4b2ffe1d609b5d5eea1540b835f8af)
  QGpCompatibility    1.2.0 from 3.5.2
      (commit a43f1ead0e7e26355ad8661e59feda87db583379)
  DinverDCCore        2.3.0 from 3.5.2
      (commit dd36cd8af8c63c8dba6be1f3ab842ea7535433f4)
  QGpCoreStat         1.3.0 from 3.5.2
      (commit e9187dc7eb30087d0c28114d969e7cc341f348c4)
  ArrayCore           4.2.1 from 3.5.2
      (commit bced9454c16a9fc3eb0bc5b744a49991f6dca7a2)
  QGpGuiWave          1.3.0 from 3.5.2
      (commit 22916617b90f55989ffb59cd21312bc7ba38bcd3)
  ArrayGui            1.4.0 from 3.5.2
      (commit c735d1d26af99196b6becdadd34801e81bc42409)
  geopsyarray         3.3.1 from 3.5.2
      (commit a38e660189576dccf9cd1154f04faf3bdcfa55d5)
  geopsydamping       2.1.4 from 3.5.2
      (commit 78e000f8ef6e721e79a5375710ae8982828e16c8)
  HVCore              1.2.0 from 3.5.2
      (commit 4ca5ee46175a87a9a7fa60bd11d602b9920c875e)
  HVGui               1.2.0 from 3.5.2
      (commit b4d37a83716e9c7b740abc0c6a7d1561074ce986)
  geopsyhv            4.0.4 from 3.5.2
      (commit ec71ec24ab953dfd059e1b5c68d114259a208c4a)
  geopsynr            1.1.2 from 3.5.2
      (commit 2aa2630f17e95f770bd7dc9968b6b885e8aa2d41)
  geopsyptmotion      2.0.4 from 3.5.2
      (commit f9889e458845b182f26c61b6a256e8a1478de26b)
  geopsyrefra         2.0.3 from 3.5.2
      (commit 5a89d12d1a08b0efa50415814c3b456903b542e4)
  geopsytfa           2.1.2 from 3.5.2
      (commit 1ba23d15f70cd66f3fe1851cc1a992e9d542ab3c)
  hvtfa               2.1.4 from 3.5.2
      (commit ca8f1b1cc8da451d92a4c95eb80e75162b6b1d1c)
  matfiles            1.0.4 from 3.5.2
      (commit 53d1ee979a42e4409603f4f4c1a4a42cc1a9e162)
  phaseit             1.0.3 from 3.5.2
      (commit 79a2e81ead59b0de0d7a659fdabfb9541dda77a2)
#
# END SOFTWARE VERSION
#
#
# BEGIN SIGNAL LIST
#
[COMP 0]
 [SIG 0] D:/Kulon Progo 2025/Seismik Pasif/processing/1_merge mseed/Merged data/E1A_merge3comps.mseed at index 2
[COMP 1]
 [SIG 0] D:/Kulon Progo 2025/Seismik Pasif/processing/1_merge mseed/Merged data/E1A_merge3comps.mseed at index 1
[COMP 2]
 [SIG 0] D:/Kulon Progo 2025/Seismik Pasif/processing/1_merge mseed/Merged data/E1A_merge3comps.mseed at index 0
#
# END SIGNAL LIST
#
#
# BEGIN PARAMETERS
#
# Version 0: all files generated with releases before 20170901 (default for input)
PARAMETERS_VERSION=1
# TYPEs:
#   - Signal: from the start or to the end of signal (TEXT are useless)
#   - Delta: a fixed duration counted from the start or the end (e.g. TEXT=1h).
#   - Pick: from or to a time pick (TEXT=time pick name).
#   - Absolute: from or to a fixed time (e.g. TEXT=20170314115338.00)
FROM_TIME_TYPE=Signal
FROM_TIME_TEXT=0s
# TYPEs: Signal, Delta, Absolute
TO_TIME_TYPE=Signal
TO_TIME_TEXT=0s
REFERENCE=
COMMON_TIME_WINDOWS=false
# TYPEs: Exactly, AtLeast, FrequencyDependent
WINDOW_LENGTH_TYPE=Exactly
WINDOW_MIN_LENGTH(s)=10
WINDOW_MAX_LENGTH(s)=10
WINDOW_MAX_COUNT=0
# Length of time windows are adjusted to avoid a prime number of samples which
# slows down the FFT computation. Usually a maximum prime of 11 in the prime factorization
# of the number of samples is a good compromise between the speed and the lenght inaccuracy
# Leave as zero to allow any prime number factorization.
WINDOW_MAXIMUM_PRIME_FACTOR=11
BAD_SAMPLE_TOLERANCE (s)=0
BAD_SAMPLE_GAP (s)=0
WINDOW_OVERLAP (%)=0
# TYPEs: NoSampleThreshold, RelativeSampleThreshold, AbsoluteSampleThreshold
BAD_SAMPLE_THRESHOLD_TYPE=NoSampleThreshold
ANTI-TRIGGERING_ON_RAW_SIGNAL (y/n)=y
USED_RAW_COMPONENTS=y, y, y
RAW_STA (s)=1
RAW_LTA (s)=30
RAW_MIN_SLTA=0.2
RAW_MAX_SLTA=2
ANTI-TRIGGERING_ON_FILTERED_SIGNAL (y/n)=n
# Start a time window for each seismic event available inside the time range.
SEISMIC_EVENT_TRIGGER (y/n)=n
SEISMIC_EVENT_DELAY (s)=-0.1
WINDOW_TYPE=Cosine
WINDOW_REVERSED=n
SMOOTHING_METHOD=Function
SMOOTHING_WIDTH_TYPE=Proportional
SMOOTHING_WIDTH=0.9
# Describes the way values are summed: on a linear, log or inverse scale
SMOOTHING_SCALE_TYPE=Linear
SMOOTHING_WINDOW_TYPE=Cosine
SMOOTHING_WINDOW_REVERSED=n
MINIMUM_FREQUENCY=0.1
MAXIMUM_FREQUENCY=20
# Either 'Linear', 'Log' or 'Inverse'
SCALE_TYPE_FREQUENCY=Log
# Number of samples is either set to a fixed value ('Count') or through a step between samples ('Step')'
STEP_TYPE_FREQUENCY=Step
SAMPLES_NUMBER_FREQUENCY=215
# STEP=difference between two successive samples for 'linear' scales
# STEP=ratio between two successive samples for 'log' scales
# STEP=difference between two successive inverse samples for 'inverse' scales
STEP_FREQUENCY=1.025
# Required when using short time windows when the number of frequency samples
# is higher than the number of points in the spectra.
OVER_SAMPLING_FACTOR=1
HIGH_PASS_FREQUENCY=0
# Possible values for HORIZONTAL_COMPONENTS: Squared, Energy, Azimuth, Geometric
HORIZONTAL_COMPONENTS=Squared
# HORIZONTAL_AZIMUTH is used only when HORIZONTAL_COMPONENTS==Azimuth
HORIZONTAL_AZIMUTH=0
# Used only for rotated output
ROTATION_STEP=10
# Frequency domain window rejection (Cox et al. (2020, GJI)
FREQUENCY_WINDOW_REJECTION_MINIMUM_FREQUENCY=0.1
FREQUENCY_WINDOW_REJECTION_MAXIMUM_FREQUENCY=50
FREQUENCY_WINDOW_REJECTION_STDDEV_FACTOR=2
FREQUENCY_WINDOW_REJECTION_MAXIMUM_ITERATIONS=50
#
# END PARAMETERS
#
#
# BEGIN WINDOWING LOG
#
Automatic windowing
#
# END WINDOWING LOG
#
#
# BEGIN WINDOW LIST
#
# Number= 537
# Start time 	 End Time 	 Window length
20250414123901.273000	20250414123911.273000	10
20250414123911.273500	20250414123921.273500	10
20250414123921.274000	20250414123931.274000	10
20250414123931.274500	20250414123941.274500	10
20250414123941.275000	20250414123951.275000	10
20250414123951.275500	20250414124001.275500	10
20250414124001.276000	20250414124011.276000	10
20250414124011.276500	20250414124021.276500	10
20250414124035.370000	20250414124045.370000	10
20250414124045.370500	20250414124055.370500	10
20250414124059.681500	20250414124109.681500	10
20250414124109.682000	20250414124119.682000	10
20250414124139.283500	20250414124149.283500	10
20250414124204.061500	20250414124214.061500	10
20250414124214.062000	20250414124224.062000	10
20250414124249.697500	20250414124259.697500	10
20250414124259.698000	20250414124309.698000	10
20250414124309.698500	20250414124319.698500	10
20250414124319.699000	20250414124329.699000	10
20250414124330.874000	20250414124340.874000	10
20250414124340.874500	20250414124350.874500	10
20250414124401.539000	20250414124411.539000	10
20250414124421.841000	20250414124431.841000	10
20250414124431.841500	20250414124441.841500	10
20250414124441.842000	20250414124451.842000	10
20250414124451.842500	20250414124501.842500	10
20250414124512.950500	20250414124522.950500	10
20250414124522.951000	20250414124532.951000	10
20250414124532.951500	20250414124542.951500	10
20250414124542.952000	20250414124552.952000	10
20250414124559.090000	20250414124609.090000	10
20250414124609.090500	20250414124619.090500	10
20250414124619.091000	20250414124629.091000	10
20250414124629.091500	20250414124639.091500	10
20250414124649.191500	20250414124659.191500	10
20250414124659.192000	20250414124709.192000	10
20250414124709.192500	20250414124719.192500	10
20250414124719.193000	20250414124729.193000	10
20250414124729.193500	20250414124739.193500	10
20250414124739.194000	20250414124749.194000	10
20250414124749.194500	20250414124759.194500	10
20250414124759.195000	20250414124809.195000	10
20250414124811.814000	20250414124821.814000	10
20250414124821.814500	20250414124831.814500	10
20250414124831.815000	20250414124841.815000	10
20250414124841.815500	20250414124851.815500	10
20250414124851.816000	20250414124901.816000	10
20250414124903.905000	20250414124913.905000	10
20250414124913.905500	20250414124923.905500	10
20250414124947.063000	20250414124957.063000	10
20250414124959.814500	20250414125009.814500	10
20250414125009.815000	20250414125019.815000	10
20250414125019.815500	20250414125029.815500	10
20250414125029.816000	20250414125039.816000	10
20250414125042.717500	20250414125052.717500	10
20250414125122.967000	20250414125132.967000	10
20250414125136.389000	20250414125146.389000	10
20250414125157.042000	20250414125207.042000	10
20250414125207.042500	20250414125217.042500	10
20250414125217.043000	20250414125227.043000	10
20250414125229.272000	20250414125239.272000	10
20250414125239.272500	20250414125249.272500	10
20250414125249.273000	20250414125259.273000	10
20250414125300.549500	20250414125310.549500	10
20250414125326.116000	20250414125336.116000	10
20250414125338.446000	20250414125348.446000	10
20250414125350.581500	20250414125400.581500	10
20250414125400.582000	20250414125410.582000	10
20250414125430.976500	20250414125440.976500	10
20250414125441.734500	20250414125451.734500	10
20250414125451.735000	20250414125501.735000	10
20250414125507.510000	20250414125517.510000	10
20250414125517.510500	20250414125527.510500	10
20250414125527.511000	20250414125537.511000	10
20250414125537.511500	20250414125547.511500	10
20250414125547.512000	20250414125557.512000	10
20250414125557.512500	20250414125607.512500	10
20250414125610.143500	20250414125620.143500	10
20250414125630.489500	20250414125640.489500	10
20250414125640.490000	20250414125650.490000	10
20250414125650.490500	20250414125700.490500	10
20250414125710.137000	20250414125720.137000	10
20250414125720.137500	20250414125730.137500	10
20250414125730.138000	20250414125740.138000	10
20250414125740.138500	20250414125750.138500	10
20250414125750.139000	20250414125800.139000	10
20250414125800.139500	20250414125810.139500	10
20250414125810.140000	20250414125820.140000	10
20250414125820.140500	20250414125830.140500	10
20250414125917.538000	20250414125927.538000	10
20250414125927.538500	20250414125937.538500	10
20250414125946.488000	20250414125956.488000	10
20250414125956.488500	20250414130006.488500	10
20250414130006.489000	20250414130016.489000	10
20250414130112.355000	20250414130122.355000	10
20250414130129.792500	20250414130139.792500	10
20250414130139.793000	20250414130149.793000	10
20250414130211.492500	20250414130221.492500	10
20250414130221.493000	20250414130231.493000	10
20250414130231.493500	20250414130241.493500	10
20250414130241.494000	20250414130251.494000	10
20250414130251.494500	20250414130301.494500	10
20250414130305.319500	20250414130315.319500	10
20250414130315.320000	20250414130325.320000	10
20250414130325.320500	20250414130335.320500	10
20250414130352.656500	20250414130402.656500	10
20250414130402.657000	20250414130412.657000	10
20250414130412.657500	20250414130422.657500	10
20250414130422.658000	20250414130432.658000	10
20250414130504.931000	20250414130514.931000	10
20250414130514.931500	20250414130524.931500	10
20250414130524.932000	20250414130534.932000	10
20250414130540.569000	20250414130550.569000	10
20250414130550.569500	20250414130600.569500	10
20250414130622.495500	20250414130632.495500	10
20250414130632.496000	20250414130642.496000	10
20250414130642.496500	20250414130652.496500	10
20250414130709.790000	20250414130719.790000	10
20250414130719.790500	20250414130729.790500	10
20250414130737.498500	20250414130747.498500	10
20250414130751.359500	20250414130801.359500	10
20250414130801.360000	20250414130811.360000	10
20250414130811.360500	20250414130821.360500	10
20250414130834.028000	20250414130844.028000	10
20250414130844.028500	20250414130854.028500	10
20250414130854.029000	20250414130904.029000	10
20250414130904.029500	20250414130914.029500	10
20250414130917.143500	20250414130927.143500	10
20250414130934.823000	20250414130944.823000	10
20250414130944.823500	20250414130954.823500	10
20250414130954.824000	20250414131004.824000	10
20250414131004.824500	20250414131014.824500	10
20250414131024.559000	20250414131034.559000	10
20250414131034.559500	20250414131044.559500	10
20250414131044.560000	20250414131054.560000	10
20250414131054.560500	20250414131104.560500	10
20250414131104.561000	20250414131114.561000	10
20250414131114.561500	20250414131124.561500	10
20250414131128.951500	20250414131138.951500	10
20250414131141.379000	20250414131151.379000	10
20250414131156.903500	20250414131206.903500	10
20250414131206.904000	20250414131216.904000	10
20250414131226.787500	20250414131236.787500	10
20250414131236.788000	20250414131246.788000	10
20250414131246.788500	20250414131256.788500	10
20250414131310.722000	20250414131320.722000	10
20250414131320.722500	20250414131330.722500	10
20250414131339.359500	20250414131349.359500	10
20250414131349.360000	20250414131359.360000	10
20250414131359.360500	20250414131409.360500	10
20250414131422.213500	20250414131432.213500	10
20250414131433.692500	20250414131443.692500	10
20250414131443.693000	20250414131453.693000	10
20250414131453.693500	20250414131503.693500	10
20250414131522.373500	20250414131532.373500	10
20250414131532.374000	20250414131542.374000	10
20250414131542.374500	20250414131552.374500	10
20250414131552.375000	20250414131602.375000	10
20250414131608.206500	20250414131618.206500	10
20250414131618.207000	20250414131628.207000	10
20250414131628.207500	20250414131638.207500	10
20250414131638.208000	20250414131648.208000	10
20250414131648.208500	20250414131658.208500	10
20250414131658.209000	20250414131708.209000	10
20250414131717.764500	20250414131727.764500	10
20250414131727.765000	20250414131737.765000	10
20250414131737.765500	20250414131747.765500	10
20250414131747.766000	20250414131757.766000	10
20250414131757.766500	20250414131807.766500	10
20250414131807.767000	20250414131817.767000	10
20250414131817.767500	20250414131827.767500	10
20250414131827.768000	20250414131837.768000	10
20250414131837.768500	20250414131847.768500	10
20250414131906.413000	20250414131916.413000	10
20250414131916.413500	20250414131926.413500	10
20250414131936.064500	20250414131946.064500	10
20250414131955.469500	20250414132005.469500	10
20250414132011.720000	20250414132021.720000	10
20250414132041.257500	20250414132051.257500	10
20250414132057.944500	20250414132107.944500	10
20250414132107.945000	20250414132117.945000	10
20250414132117.945500	20250414132127.945500	10
20250414132144.235000	20250414132154.235000	10
20250414132156.941500	20250414132206.941500	10
20250414132206.942000	20250414132216.942000	10
20250414132216.942500	20250414132226.942500	10
20250414132226.943000	20250414132236.943000	10
20250414132236.943500	20250414132246.943500	10
20250414132246.944000	20250414132256.944000	10
20250414132256.944500	20250414132306.944500	10
20250414132313.296000	20250414132323.296000	10
20250414132323.296500	20250414132333.296500	10
20250414132333.297000	20250414132343.297000	10
20250414132343.297500	20250414132353.297500	10
20250414132353.298000	20250414132403.298000	10
20250414132403.298500	20250414132413.298500	10
20250414132413.299000	20250414132423.299000	10
20250414132429.562500	20250414132439.562500	10
20250414132444.457500	20250414132454.457500	10
20250414132454.458000	20250414132504.458000	10
20250414132504.458500	20250414132514.458500	10
20250414132514.459000	20250414132524.459000	10
20250414132530.457500	20250414132540.457500	10
20250414132540.458000	20250414132550.458000	10
20250414132550.458500	20250414132600.458500	10
20250414132613.983500	20250414132623.983500	10
20250414132623.984000	20250414132633.984000	10
20250414132639.060500	20250414132649.060500	10
20250414132649.061000	20250414132659.061000	10
20250414132659.061500	20250414132709.061500	10
20250414132727.704000	20250414132737.704000	10
20250414132746.701000	20250414132756.701000	10
20250414132756.701500	20250414132806.701500	10
20250414132806.702000	20250414132816.702000	10
20250414132816.702500	20250414132826.702500	10
20250414132826.703000	20250414132836.703000	10
20250414132836.703500	20250414132846.703500	10
20250414132848.929000	20250414132858.929000	10
20250414132858.929500	20250414132908.929500	10
20250414132908.930000	20250414132918.930000	10
20250414132918.930500	20250414132928.930500	10
20250414132948.930500	20250414132958.930500	10
20250414132958.931000	20250414133008.931000	10
20250414133008.931500	20250414133018.931500	10
20250414133018.932000	20250414133028.932000	10
20250414133028.932500	20250414133038.932500	10
20250414133038.933000	20250414133048.933000	10
20250414133054.343500	20250414133104.343500	10
20250414133104.344000	20250414133114.344000	10
20250414133114.344500	20250414133124.344500	10
20250414133124.345000	20250414133134.345000	10
20250414133134.345500	20250414133144.345500	10
20250414133154.322500	20250414133204.322500	10
20250414133209.123500	20250414133219.123500	10
20250414133219.124000	20250414133229.124000	10
20250414133232.913500	20250414133242.913500	10
20250414133242.914000	20250414133252.914000	10
20250414133252.914500	20250414133302.914500	10
20250414133312.348500	20250414133322.348500	10
20250414133322.349000	20250414133332.349000	10
20250414133332.349500	20250414133342.349500	10
20250414133342.350000	20250414133352.350000	10
20250414133353.415000	20250414133403.415000	10
20250414133413.957000	20250414133423.957000	10
20250414133423.957500	20250414133433.957500	10
20250414133433.958000	20250414133443.958000	10
20250414133443.958500	20250414133453.958500	10
20250414133453.959000	20250414133503.959000	10
20250414133510.016500	20250414133520.016500	10
20250414133520.017000	20250414133530.017000	10
20250414133533.377000	20250414133543.377000	10
20250414133543.377500	20250414133553.377500	10
20250414133553.378000	20250414133603.378000	10
20250414133615.745500	20250414133625.745500	10
20250414133650.591500	20250414133700.591500	10
20250414133700.592000	20250414133710.592000	10
20250414133710.592500	20250414133720.592500	10
20250414133730.690000	20250414133740.690000	10
20250414133753.053500	20250414133803.053500	10
20250414133807.066000	20250414133817.066000	10
20250414133817.066500	20250414133827.066500	10
20250414133827.067000	20250414133837.067000	10
20250414133837.067500	20250414133847.067500	10
20250414133847.068000	20250414133857.068000	10
20250414133857.068500	20250414133907.068500	10
20250414133917.231000	20250414133927.231000	10
20250414133927.231500	20250414133937.231500	10
20250414133937.232000	20250414133947.232000	10
20250414133947.232500	20250414133957.232500	10
20250414133957.233000	20250414134007.233000	10
20250414134007.233500	20250414134017.233500	10
20250414134017.234000	20250414134027.234000	10
20250414134027.234500	20250414134037.234500	10
20250414134037.235000	20250414134047.235000	10
20250414134054.511500	20250414134104.511500	10
20250414134104.512000	20250414134114.512000	10
20250414134125.347000	20250414134135.347000	10
20250414134140.387000	20250414134150.387000	10
20250414134150.387500	20250414134200.387500	10
20250414134200.388000	20250414134210.388000	10
20250414134210.388500	20250414134220.388500	10
20250414134220.389000	20250414134230.389000	10
20250414134230.389500	20250414134240.389500	10
20250414134244.133000	20250414134254.133000	10
20250414134303.246000	20250414134313.246000	10
20250414134313.246500	20250414134323.246500	10
20250414134323.247000	20250414134333.247000	10
20250414134336.499000	20250414134346.499000	10
20250414134359.874000	20250414134409.874000	10
20250414134409.874500	20250414134419.874500	10
20250414134441.731500	20250414134451.731500	10
20250414134451.732000	20250414134501.732000	10
20250414134501.732500	20250414134511.732500	10
20250414134521.803000	20250414134531.803000	10
20250414134531.803500	20250414134541.803500	10
20250414134552.606500	20250414134602.606500	10
20250414134602.607000	20250414134612.607000	10
20250414134622.197000	20250414134632.197000	10
20250414134639.333500	20250414134649.333500	10
20250414134702.416000	20250414134712.416000	10
20250414134712.416500	20250414134722.416500	10
20250414134722.417000	20250414134732.417000	10
20250414134732.417500	20250414134742.417500	10
20250414134751.720000	20250414134801.720000	10
20250414134817.462500	20250414134827.462500	10
20250414134827.463000	20250414134837.463000	10
20250414134837.463500	20250414134847.463500	10
20250414134847.464000	20250414134857.464000	10
20250414134857.464500	20250414134907.464500	10
20250414134907.465000	20250414134917.465000	10
20250414134917.465500	20250414134927.465500	10
20250414134937.604000	20250414134947.604000	10
20250414134947.604500	20250414134957.604500	10
20250414134957.605000	20250414135007.605000	10
20250414135007.605500	20250414135017.605500	10
20250414135017.606000	20250414135027.606000	10
20250414135034.988500	20250414135044.988500	10
20250414135044.989000	20250414135054.989000	10
20250414135054.989500	20250414135104.989500	10
20250414135104.990000	20250414135114.990000	10
20250414135120.950000	20250414135130.950000	10
20250414135130.950500	20250414135140.950500	10
20250414135140.951000	20250414135150.951000	10
20250414135203.952500	20250414135213.952500	10
20250414135224.778000	20250414135234.778000	10
20250414135234.778500	20250414135244.778500	10
20250414135244.779000	20250414135254.779000	10
20250414135254.779500	20250414135304.779500	10
20250414135309.587000	20250414135319.587000	10
20250414135319.587500	20250414135329.587500	10
20250414135335.114500	20250414135345.114500	10
20250414135345.115000	20250414135355.115000	10
20250414135355.115500	20250414135405.115500	10
20250414135405.116000	20250414135415.116000	10
20250414135422.876000	20250414135432.876000	10
20250414135432.876500	20250414135442.876500	10
20250414135442.877000	20250414135452.877000	10
20250414135502.256000	20250414135512.256000	10
20250414135512.256500	20250414135522.256500	10
20250414135522.257000	20250414135532.257000	10
20250414135532.257500	20250414135542.257500	10
20250414135542.258000	20250414135552.258000	10
20250414135600.213000	20250414135610.213000	10
20250414135610.213500	20250414135620.213500	10
20250414135620.214000	20250414135630.214000	10
20250414135630.214500	20250414135640.214500	10
20250414135701.325000	20250414135711.325000	10
20250414135711.325500	20250414135721.325500	10
20250414135721.326000	20250414135731.326000	10
20250414135731.326500	20250414135741.326500	10
20250414135750.739500	20250414135800.739500	10
20250414135800.740000	20250414135810.740000	10
20250414135810.740500	20250414135820.740500	10
20250414135834.532000	20250414135844.532000	10
20250414135849.556500	20250414135859.556500	10
20250414135859.557000	20250414135909.557000	10
20250414135909.557500	20250414135919.557500	10
20250414135922.348000	20250414135932.348000	10
20250414135932.348500	20250414135942.348500	10
20250414135951.878000	20250414140001.878000	10
20250414140001.878500	20250414140011.878500	10
20250414140037.430000	20250414140047.430000	10
20250414140056.062000	20250414140106.062000	10
20250414140106.062500	20250414140116.062500	10
20250414140116.063000	20250414140126.063000	10
20250414140126.063500	20250414140136.063500	10
20250414140136.064000	20250414140146.064000	10
20250414140146.064500	20250414140156.064500	10
20250414140156.065000	20250414140206.065000	10
20250414140217.407500	20250414140227.407500	10
20250414140227.408000	20250414140237.408000	10
20250414140237.408500	20250414140247.408500	10
20250414140247.409000	20250414140257.409000	10
20250414140300.642500	20250414140310.642500	10
20250414140310.643000	20250414140320.643000	10
20250414140320.643500	20250414140330.643500	10
20250414140340.088500	20250414140350.088500	10
20250414140350.089000	20250414140400.089000	10
20250414140400.089500	20250414140410.089500	10
20250414140410.090000	20250414140420.090000	10
20250414140420.090500	20250414140430.090500	10
20250414140430.091000	20250414140440.091000	10
20250414140440.091500	20250414140450.091500	10
20250414140450.092000	20250414140500.092000	10
20250414140500.092500	20250414140510.092500	10
20250414140510.093000	20250414140520.093000	10
20250414140520.093500	20250414140530.093500	10
20250414140530.094000	20250414140540.094000	10
20250414140545.655500	20250414140555.655500	10
20250414140555.656000	20250414140605.656000	10
20250414140605.656500	20250414140615.656500	10
20250414140615.657000	20250414140625.657000	10
20250414140639.617000	20250414140649.617000	10
20250414140649.617500	20250414140659.617500	10
20250414140659.618000	20250414140709.618000	10
20250414140709.618500	20250414140719.618500	10
20250414140719.619000	20250414140729.619000	10
20250414140729.619500	20250414140739.619500	10
20250414140745.018000	20250414140755.018000	10
20250414140755.018500	20250414140805.018500	10
20250414140805.019000	20250414140815.019000	10
20250414140824.512000	20250414140834.512000	10
20250414140834.512500	20250414140844.512500	10
20250414140844.513000	20250414140854.513000	10
20250414140854.513500	20250414140904.513500	10
20250414140904.514000	20250414140914.514000	10
20250414140914.514500	20250414140924.514500	10
20250414140924.515000	20250414140934.515000	10
20250414140934.515500	20250414140944.515500	10
20250414140944.516000	20250414140954.516000	10
20250414140954.516500	20250414141004.516500	10
20250414141004.517000	20250414141014.517000	10
20250414141019.524500	20250414141029.524500	10
20250414141029.525000	20250414141039.525000	10
20250414141044.660000	20250414141054.660000	10
20250414141054.660500	20250414141104.660500	10
20250414141104.661000	20250414141114.661000	10
20250414141114.661500	20250414141124.661500	10
20250414141124.662000	20250414141134.662000	10
20250414141134.662500	20250414141144.662500	10
20250414141144.663000	20250414141154.663000	10
20250414141154.663500	20250414141204.663500	10
20250414141204.664000	20250414141214.664000	10
20250414141214.664500	20250414141224.664500	10
20250414141224.665000	20250414141234.665000	10
20250414141234.665500	20250414141244.665500	10
20250414141244.666000	20250414141254.666000	10
20250414141254.666500	20250414141304.666500	10
20250414141304.667000	20250414141314.667000	10
20250414141314.667500	20250414141324.667500	10
20250414141324.668000	20250414141334.668000	10
20250414141334.668500	20250414141344.668500	10
20250414141344.669000	20250414141354.669000	10
20250414141354.669500	20250414141404.669500	10
20250414141447.545000	20250414141457.545000	10
20250414141457.545500	20250414141507.545500	10
20250414141507.546000	20250414141517.546000	10
20250414141517.546500	20250414141527.546500	10
20250414141527.547000	20250414141537.547000	10
20250414141537.547500	20250414141547.547500	10
20250414141547.548000	20250414141557.548000	10
20250414141557.548500	20250414141607.548500	10
20250414141607.549000	20250414141617.549000	10
20250414141617.549500	20250414141627.549500	10
20250414141627.550000	20250414141637.550000	10
20250414141638.297000	20250414141648.297000	10
20250414141648.297500	20250414141658.297500	10
20250414141658.298000	20250414141708.298000	10
20250414141708.298500	20250414141718.298500	10
20250414141718.299000	20250414141728.299000	10
20250414141728.299500	20250414141738.299500	10
20250414141738.300000	20250414141748.300000	10
20250414141748.300500	20250414141758.300500	10
20250414141758.301000	20250414141808.301000	10
20250414141815.121000	20250414141825.121000	10
20250414141825.121500	20250414141835.121500	10
20250414141835.122000	20250414141845.122000	10
20250414141845.122500	20250414141855.122500	10
20250414141855.123000	20250414141905.123000	10
20250414141905.123500	20250414141915.123500	10
20250414141915.124000	20250414141925.124000	10
20250414141925.124500	20250414141935.124500	10
20250414141935.125000	20250414141945.125000	10
20250414141945.125500	20250414141955.125500	10
20250414141955.126000	20250414142005.126000	10
20250414142005.126500	20250414142015.126500	10
20250414142015.127000	20250414142025.127000	10
20250414142025.127500	20250414142035.127500	10
20250414142037.512500	20250414142047.512500	10
20250414142047.513000	20250414142057.513000	10
20250414142057.513500	20250414142107.513500	10
20250414142107.514000	20250414142117.514000	10
20250414142117.514500	20250414142127.514500	10
20250414142127.515000	20250414142137.515000	10
20250414142137.515500	20250414142147.515500	10
20250414142147.516000	20250414142157.516000	10
20250414142157.516500	20250414142207.516500	10
20250414142207.517000	20250414142217.517000	10
20250414142222.436000	20250414142232.436000	10
20250414142232.436500	20250414142242.436500	10
20250414142242.437000	20250414142252.437000	10
20250414142301.745500	20250414142311.745500	10
20250414142311.746000	20250414142321.746000	10
20250414142321.746500	20250414142331.746500	10
20250414142337.595500	20250414142347.595500	10
20250414142347.596000	20250414142357.596000	10
20250414142357.596500	20250414142407.596500	10
20250414142407.597000	20250414142417.597000	10
20250414142417.597500	20250414142427.597500	10
20250414142427.598000	20250414142437.598000	10
20250414142437.598500	20250414142447.598500	10
20250414142447.599000	20250414142457.599000	10
20250414142457.599500	20250414142507.599500	10
20250414142507.600000	20250414142517.600000	10
20250414142517.600500	20250414142527.600500	10
20250414142527.601000	20250414142537.601000	10
20250414142537.601500	20250414142547.601500	10
20250414142547.602000	20250414142557.602000	10
20250414142557.602500	20250414142607.602500	10
20250414142607.603000	20250414142617.603000	10
20250414142617.603500	20250414142627.603500	10
20250414142627.604000	20250414142637.604000	10
20250414142637.604500	20250414142647.604500	10
20250414142647.605000	20250414142657.605000	10
20250414142700.651000	20250414142710.651000	10
20250414142710.651500	20250414142720.651500	10
20250414142720.652000	20250414142730.652000	10
20250414142730.652500	20250414142740.652500	10
20250414142740.653000	20250414142750.653000	10
20250414142750.653500	20250414142800.653500	10
20250414142800.654000	20250414142810.654000	10
20250414142810.654500	20250414142820.654500	10
20250414142820.655000	20250414142830.655000	10
20250414142830.655500	20250414142840.655500	10
20250414142840.656000	20250414142850.656000	10
20250414142850.656500	20250414142900.656500	10
20250414142900.657000	20250414142910.657000	10
20250414142910.657500	20250414142920.657500	10
20250414142920.658000	20250414142930.658000	10
20250414142930.658500	20250414142940.658500	10
20250414142940.659000	20250414142950.659000	10
20250414142950.659500	20250414143000.659500	10
20250414143000.660000	20250414143010.660000	10
20250414143010.660500	20250414143020.660500	10
20250414143020.661000	20250414143030.661000	10
20250414143030.661500	20250414143040.661500	10
20250414143040.662000	20250414143050.662000	10
20250414143050.662500	20250414143100.662500	10
20250414143100.663000	20250414143110.663000	10
20250414143232.375500	20250414143242.375500	10
20250414143242.376000	20250414143252.376000	10
20250414143252.376500	20250414143302.376500	10
20250414143308.990500	20250414143318.990500	10
20250414143318.991000	20250414143328.991000	10
20250414143328.991500	20250414143338.991500	10
20250414143359.261500	20250414143409.261500	10
20250414143409.262000	20250414143419.262000	10
#
# END WINDOW LIST
#
