# HV LOG FORMAT RELEASE 1.0
#
# BEGIN COMMAND LINE ARGUMENTS
#
D:/Cloud/OneDrive - UNIVERSITAS INDONESIA/[DANU]/MyFiles/[SOFTWARE]/geopsypack-win64-3.5.2/geopsypack-win64-3.5.2/bin/geopsy.exe  $*
exit $?
#
# END COMMAND LINE ARGUMENTS
#
#
# BEGIN SOFTWARE VERSION
#
  Qt                  6.5.2
  QGpCoreTools        2.5.0 from 3.5.2
      (commit 8e7f9523665497a6e0787d4f623634cee8957aff)
  QGpCoreMath         1.5.2 from 3.5.2
      (commit 45a832cd27865662e9e0c63081f3a1d32999f668)
  GeopsyCore          4.5.1 from 3.5.2
      (commit e32288e5b456ea5f2c7ed80d7f3238414692b3e4)
  QGpGuiTools         2.5.0 from 3.5.2
      (commit dd46b2456fe37b3e090e1ab3cec07542a51228a5)
  SciFigs             3.4.1 from 3.5.2
      (commit d9059f148fd7373f6e5e08322d3d212c98efa1d7)
  QGpGuiMath          1.4.0 from 3.5.2
      (commit 01d498dc90602f5e30e43ed6a16a660c70a0d2aa)
  GeopsyGui           3.5.0 from 3.5.2
      (commit c81d772d484fd4bc83908f5c25c8681405d99aac)
  GeopsySLink         2.1.0 from 3.5.2
      (commit 25c6c74090bb522f466c221ae5436774b79e06fb)
  GeopsySLinkGui      2.0.3 from 3.5.2
      (commit a41e443c12241597cebcf02d3646eb1409d7df80)
  geopsy              3.4.0 from 3.5.2
      (commit 4653563244c5f99ae287e46a6f755687b1a08a49)
  geopsyfigs          1.0.2 from 3.5.2
      (commit c634e2e145800675c35f99c9f2016dad12dde7a9)
  campbelltob3        1.0.2 from 3.5.2
      (commit 305fa22c3976f73387543b8e4880152ff57d33fb)
  DinverCore          1.4.0 from 3.5.2
      (commit 2c5867d8a3d3afc8b55dab6683c45e857f3f1206)
  QGpCoreWave         2.3.0 from 3.5.2
      (commit 5f8fb775da4b2ffe1d609b5d5eea1540b835f8af)
  QGpCompatibility    1.2.0 from 3.5.2
      (commit a43f1ead0e7e26355ad8661e59feda87db583379)
  DinverDCCore        2.3.0 from 3.5.2
      (commit dd36cd8af8c63c8dba6be1f3ab842ea7535433f4)
  QGpCoreStat         1.3.0 from 3.5.2
      (commit e9187dc7eb30087d0c28114d969e7cc341f348c4)
  ArrayCore           4.2.1 from 3.5.2
      (commit bced9454c16a9fc3eb0bc5b744a49991f6dca7a2)
  QGpGuiWave          1.3.0 from 3.5.2
      (commit 22916617b90f55989ffb59cd21312bc7ba38bcd3)
  ArrayGui            1.4.0 from 3.5.2
      (commit c735d1d26af99196b6becdadd34801e81bc42409)
  geopsyarray         3.3.1 from 3.5.2
      (commit a38e660189576dccf9cd1154f04faf3bdcfa55d5)
  geopsydamping       2.1.4 from 3.5.2
      (commit 78e000f8ef6e721e79a5375710ae8982828e16c8)
  HVCore              1.2.0 from 3.5.2
      (commit 4ca5ee46175a87a9a7fa60bd11d602b9920c875e)
  HVGui               1.2.0 from 3.5.2
      (commit b4d37a83716e9c7b740abc0c6a7d1561074ce986)
  geopsyhv            4.0.4 from 3.5.2
      (commit ec71ec24ab953dfd059e1b5c68d114259a208c4a)
  geopsynr            1.1.2 from 3.5.2
      (commit 2aa2630f17e95f770bd7dc9968b6b885e8aa2d41)
  geopsyptmotion      2.0.4 from 3.5.2
      (commit f9889e458845b182f26c61b6a256e8a1478de26b)
  geopsyrefra         2.0.3 from 3.5.2
      (commit 5a89d12d1a08b0efa50415814c3b456903b542e4)
  geopsytfa           2.1.2 from 3.5.2
      (commit 1ba23d15f70cd66f3fe1851cc1a992e9d542ab3c)
  hvtfa               2.1.4 from 3.5.2
      (commit ca8f1b1cc8da451d92a4c95eb80e75162b6b1d1c)
  matfiles            1.0.4 from 3.5.2
      (commit 53d1ee979a42e4409603f4f4c1a4a42cc1a9e162)
  phaseit             1.0.3 from 3.5.2
      (commit 79a2e81ead59b0de0d7a659fdabfb9541dda77a2)
#
# END SOFTWARE VERSION
#
#
# BEGIN SIGNAL LIST
#
[COMP 0]
 [SIG 0] D:/Kulon Progo 2025/Seismik Pasif/processing/1_merge mseed/Merged data/E1B_merge3comps.mseed at index 2
[COMP 1]
 [SIG 0] D:/Kulon Progo 2025/Seismik Pasif/processing/1_merge mseed/Merged data/E1B_merge3comps.mseed at index 1
[COMP 2]
 [SIG 0] D:/Kulon Progo 2025/Seismik Pasif/processing/1_merge mseed/Merged data/E1B_merge3comps.mseed at index 0
#
# END SIGNAL LIST
#
#
# BEGIN PARAMETERS
#
# Version 0: all files generated with releases before 20170901 (default for input)
PARAMETERS_VERSION=1
# TYPEs:
#   - Signal: from the start or to the end of signal (TEXT are useless)
#   - Delta: a fixed duration counted from the start or the end (e.g. TEXT=1h).
#   - Pick: from or to a time pick (TEXT=time pick name).
#   - Absolute: from or to a fixed time (e.g. TEXT=20170314115338.00)
FROM_TIME_TYPE=Signal
FROM_TIME_TEXT=0s
# TYPEs: Signal, Delta, Absolute
TO_TIME_TYPE=Signal
TO_TIME_TEXT=0s
REFERENCE=
COMMON_TIME_WINDOWS=false
# TYPEs: Exactly, AtLeast, FrequencyDependent
WINDOW_LENGTH_TYPE=Exactly
WINDOW_MIN_LENGTH(s)=10
WINDOW_MAX_LENGTH(s)=10
WINDOW_MAX_COUNT=0
# Length of time windows are adjusted to avoid a prime number of samples which
# slows down the FFT computation. Usually a maximum prime of 11 in the prime factorization
# of the number of samples is a good compromise between the speed and the lenght inaccuracy
# Leave as zero to allow any prime number factorization.
WINDOW_MAXIMUM_PRIME_FACTOR=11
BAD_SAMPLE_TOLERANCE (s)=0
BAD_SAMPLE_GAP (s)=0
WINDOW_OVERLAP (%)=0
# TYPEs: NoSampleThreshold, RelativeSampleThreshold, AbsoluteSampleThreshold
BAD_SAMPLE_THRESHOLD_TYPE=NoSampleThreshold
ANTI-TRIGGERING_ON_RAW_SIGNAL (y/n)=y
USED_RAW_COMPONENTS=y, y, y
RAW_STA (s)=1
RAW_LTA (s)=30
RAW_MIN_SLTA=0.2
RAW_MAX_SLTA=2
ANTI-TRIGGERING_ON_FILTERED_SIGNAL (y/n)=n
# Start a time window for each seismic event available inside the time range.
SEISMIC_EVENT_TRIGGER (y/n)=n
SEISMIC_EVENT_DELAY (s)=-0.1
WINDOW_TYPE=Cosine
WINDOW_REVERSED=n
SMOOTHING_METHOD=Function
SMOOTHING_WIDTH_TYPE=Proportional
SMOOTHING_WIDTH=0.9
# Describes the way values are summed: on a linear, log or inverse scale
SMOOTHING_SCALE_TYPE=Linear
SMOOTHING_WINDOW_TYPE=Cosine
SMOOTHING_WINDOW_REVERSED=n
MINIMUM_FREQUENCY=0.1
MAXIMUM_FREQUENCY=20
# Either 'Linear', 'Log' or 'Inverse'
SCALE_TYPE_FREQUENCY=Log
# Number of samples is either set to a fixed value ('Count') or through a step between samples ('Step')'
STEP_TYPE_FREQUENCY=Step
SAMPLES_NUMBER_FREQUENCY=215
# STEP=difference between two successive samples for 'linear' scales
# STEP=ratio between two successive samples for 'log' scales
# STEP=difference between two successive inverse samples for 'inverse' scales
STEP_FREQUENCY=1.025
# Required when using short time windows when the number of frequency samples
# is higher than the number of points in the spectra.
OVER_SAMPLING_FACTOR=1
HIGH_PASS_FREQUENCY=0
# Possible values for HORIZONTAL_COMPONENTS: Squared, Energy, Azimuth, Geometric
HORIZONTAL_COMPONENTS=Squared
# HORIZONTAL_AZIMUTH is used only when HORIZONTAL_COMPONENTS==Azimuth
HORIZONTAL_AZIMUTH=0
# Used only for rotated output
ROTATION_STEP=10
# Frequency domain window rejection (Cox et al. (2020, GJI)
FREQUENCY_WINDOW_REJECTION_MINIMUM_FREQUENCY=0.1
FREQUENCY_WINDOW_REJECTION_MAXIMUM_FREQUENCY=50
FREQUENCY_WINDOW_REJECTION_STDDEV_FACTOR=2
FREQUENCY_WINDOW_REJECTION_MAXIMUM_ITERATIONS=50
#
# END PARAMETERS
#
#
# BEGIN WINDOWING LOG
#
Automatic windowing
#
# END WINDOWING LOG
#
#
# BEGIN WINDOW LIST
#
# Number= 393
# Start time 	 End Time 	 Window length
20250414081518.652000	20250414081528.652000	10
20250414081539.793000	20250414081549.793000	10
20250414081602.283500	20250414081612.283500	10
20250414081617.321000	20250414081627.321000	10
20250414081647.967500	20250414081657.967500	10
20250414081657.968000	20250414081707.968000	10
20250414081744.461500	20250414081754.461500	10
20250414081803.837000	20250414081813.837000	10
20250414081813.837500	20250414081823.837500	10
20250414081823.838000	20250414081833.838000	10
20250414081839.072500	20250414081849.072500	10
20250414081857.134500	20250414081907.134500	10
20250414081907.135000	20250414081917.135000	10
20250414081917.135500	20250414081927.135500	10
20250414081927.136000	20250414081937.136000	10
20250414081944.088000	20250414081954.088000	10
20250414081959.160500	20250414082009.160500	10
20250414082009.161000	20250414082019.161000	10
20250414082023.124500	20250414082033.124500	10
20250414082041.710000	20250414082051.710000	10
20250414082051.710500	20250414082101.710500	10
20250414082101.711000	20250414082111.711000	10
20250414082138.063500	20250414082148.063500	10
20250414082150.632500	20250414082200.632500	10
20250414082200.633000	20250414082210.633000	10
20250414082210.633500	20250414082220.633500	10
20250414082220.634000	20250414082230.634000	10
20250414082230.634500	20250414082240.634500	10
20250414082240.635000	20250414082250.635000	10
20250414082250.635500	20250414082300.635500	10
20250414082437.939000	20250414082447.939000	10
20250414082505.777000	20250414082515.777000	10
20250414082539.910500	20250414082549.910500	10
20250414082549.911000	20250414082559.911000	10
20250414082559.911500	20250414082609.911500	10
20250414082615.320500	20250414082625.320500	10
20250414082625.321000	20250414082635.321000	10
20250414082637.994000	20250414082647.994000	10
20250414082647.994500	20250414082657.994500	10
20250414082718.847500	20250414082728.847500	10
20250414082728.848000	20250414082738.848000	10
20250414082738.848500	20250414082748.848500	10
20250414082808.189000	20250414082818.189000	10
20250414082818.189500	20250414082828.189500	10
20250414082924.998500	20250414082934.998500	10
20250414082946.471000	20250414082956.471000	10
20250414083219.665000	20250414083229.665000	10
20250414083229.665500	20250414083239.665500	10
20250414083246.702000	20250414083256.702000	10
20250414083649.959500	20250414083659.959500	10
20250414083733.700500	20250414083743.700500	10
20250414083746.080500	20250414083756.080500	10
20250414083802.366000	20250414083812.366000	10
20250414083820.947000	20250414083830.947000	10
20250414083830.947500	20250414083840.947500	10
20250414083904.757500	20250414083914.757500	10
20250414083932.293000	20250414083942.293000	10
20250414083944.583500	20250414083954.583500	10
20250414084002.399000	20250414084012.399000	10
20250414084012.399500	20250414084022.399500	10
20250414084022.400000	20250414084032.400000	10
20250414084033.929500	20250414084043.929500	10
20250414084115.064000	20250414084125.064000	10
20250414084134.777000	20250414084144.777000	10
20250414084151.711000	20250414084201.711000	10
20250414084223.693500	20250414084233.693500	10
20250414084233.694000	20250414084243.694000	10
20250414084243.694500	20250414084253.694500	10
20250414084300.431000	20250414084310.431000	10
20250414084326.664500	20250414084336.664500	10
20250414084354.571000	20250414084404.571000	10
20250414084438.391000	20250414084448.391000	10
20250414084520.201000	20250414084530.201000	10
20250414084544.090500	20250414084554.090500	10
20250414084554.091000	20250414084604.091000	10
20250414084604.091500	20250414084614.091500	10
20250414084658.177000	20250414084708.177000	10
20250414084708.177500	20250414084718.177500	10
20250414084718.178000	20250414084728.178000	10
20250414084728.178500	20250414084738.178500	10
20250414084748.355000	20250414084758.355000	10
20250414084818.218000	20250414084828.218000	10
20250414084828.218500	20250414084838.218500	10
20250414084838.219000	20250414084848.219000	10
20250414084848.219500	20250414084858.219500	10
20250414084900.163500	20250414084910.163500	10
20250414084954.338500	20250414085004.338500	10
20250414085006.161500	20250414085016.161500	10
20250414085016.162000	20250414085026.162000	10
20250414085026.162500	20250414085036.162500	10
20250414085036.163000	20250414085046.163000	10
20250414085046.163500	20250414085056.163500	10
20250414085102.535500	20250414085112.535500	10
20250414085132.849500	20250414085142.849500	10
20250414085202.190000	20250414085212.190000	10
20250414085212.190500	20250414085222.190500	10
20250414085222.191000	20250414085232.191000	10
20250414085232.191500	20250414085242.191500	10
20250414085242.192000	20250414085252.192000	10
20250414085252.192500	20250414085302.192500	10
20250414085302.193000	20250414085312.193000	10
20250414085337.506000	20250414085347.506000	10
20250414085347.506500	20250414085357.506500	10
20250414085418.663500	20250414085428.663500	10
20250414085428.664000	20250414085438.664000	10
20250414085441.189500	20250414085451.189500	10
20250414085518.407500	20250414085528.407500	10
20250414085528.408000	20250414085538.408000	10
20250414085547.716500	20250414085557.716500	10
20250414085601.674000	20250414085611.674000	10
20250414085611.674500	20250414085621.674500	10
20250414085621.675000	20250414085631.675000	10
20250414085631.675500	20250414085641.675500	10
20250414085644.113500	20250414085654.113500	10
20250414085714.847500	20250414085724.847500	10
20250414085724.848000	20250414085734.848000	10
20250414085734.848500	20250414085744.848500	10
20250414085749.550500	20250414085759.550500	10
20250414085801.315000	20250414085811.315000	10
20250414085828.447500	20250414085838.447500	10
20250414085838.448000	20250414085848.448000	10
20250414085911.696500	20250414085921.696500	10
20250414085925.542000	20250414085935.542000	10
20250414085951.793500	20250414090001.793500	10
20250414090003.251500	20250414090013.251500	10
20250414090016.641500	20250414090026.641500	10
20250414090038.543500	20250414090048.543500	10
20250414090123.540000	20250414090133.540000	10
20250414090133.540500	20250414090143.540500	10
20250414090143.541000	20250414090153.541000	10
20250414090153.541500	20250414090203.541500	10
20250414090215.405000	20250414090225.405000	10
20250414090225.405500	20250414090235.405500	10
20250414090235.406000	20250414090245.406000	10
20250414090304.295500	20250414090314.295500	10
20250414090323.429500	20250414090333.429500	10
20250414090339.610000	20250414090349.610000	10
20250414090402.858500	20250414090412.858500	10
20250414090419.776000	20250414090429.776000	10
20250414090434.234500	20250414090444.234500	10
20250414090444.235000	20250414090454.235000	10
20250414090519.785000	20250414090529.785000	10
20250414090529.785500	20250414090539.785500	10
20250414090545.377000	20250414090555.377000	10
20250414090652.981500	20250414090702.981500	10
20250414090718.352000	20250414090728.352000	10
20250414090728.352500	20250414090738.352500	10
20250414090746.280000	20250414090756.280000	10
20250414090756.280500	20250414090806.280500	10
20250414090812.722000	20250414090822.722000	10
20250414090900.189500	20250414090910.189500	10
20250414090917.674500	20250414090927.674500	10
20250414090933.561000	20250414090943.561000	10
20250414091015.796500	20250414091025.796500	10
20250414091029.000000	20250414091039.000000	10
20250414091039.000500	20250414091049.000500	10
20250414091049.835500	20250414091059.835500	10
20250414091105.570000	20250414091115.570000	10
20250414091145.434500	20250414091155.434500	10
20250414091159.053500	20250414091209.053500	10
20250414091209.054000	20250414091219.054000	10
20250414091219.054500	20250414091229.054500	10
20250414091229.055000	20250414091239.055000	10
20250414091247.835000	20250414091257.835000	10
20250414091257.835500	20250414091307.835500	10
20250414091316.150000	20250414091326.150000	10
20250414091359.511500	20250414091409.511500	10
20250414091426.155000	20250414091436.155000	10
20250414091436.155500	20250414091446.155500	10
20250414091510.772500	20250414091520.772500	10
20250414091520.773000	20250414091530.773000	10
20250414091530.773500	20250414091540.773500	10
20250414091554.346000	20250414091604.346000	10
20250414091614.776000	20250414091624.776000	10
20250414091631.566500	20250414091641.566500	10
20250414091642.305000	20250414091652.305000	10
20250414091700.545500	20250414091710.545500	10
20250414091710.546000	20250414091720.546000	10
20250414091722.110000	20250414091732.110000	10
20250414091859.309000	20250414091909.309000	10
20250414091926.599000	20250414091936.599000	10
20250414091936.599500	20250414091946.599500	10
20250414091946.600000	20250414091956.600000	10
20250414092002.796000	20250414092012.796000	10
20250414092036.488000	20250414092046.488000	10
20250414092046.488500	20250414092056.488500	10
20250414092215.672500	20250414092225.672500	10
20250414092228.981500	20250414092238.981500	10
20250414092240.064000	20250414092250.064000	10
20250414092312.455000	20250414092322.455000	10
20250414092334.800500	20250414092344.800500	10
20250414092344.801000	20250414092354.801000	10
20250414092354.801500	20250414092404.801500	10
20250414092409.803500	20250414092419.803500	10
20250414092455.549500	20250414092505.549500	10
20250414092505.550000	20250414092515.550000	10
20250414092530.368000	20250414092540.368000	10
20250414092540.368500	20250414092550.368500	10
20250414092550.369000	20250414092600.369000	10
20250414092600.369500	20250414092610.369500	10
20250414092610.370000	20250414092620.370000	10
20250414092648.910500	20250414092658.910500	10
20250414092717.554500	20250414092727.554500	10
20250414092727.555000	20250414092737.555000	10
20250414092747.139500	20250414092757.139500	10
20250414092757.140000	20250414092807.140000	10
20250414092823.038000	20250414092833.038000	10
20250414092847.288500	20250414092857.288500	10
20250414092906.275500	20250414092916.275500	10
20250414092916.276000	20250414092926.276000	10
20250414092926.276500	20250414092936.276500	10
20250414092948.915500	20250414092958.915500	10
20250414092958.916000	20250414093008.916000	10
20250414093008.916500	20250414093018.916500	10
20250414093025.366500	20250414093035.366500	10
20250414093041.397000	20250414093051.397000	10
20250414093059.479000	20250414093109.479000	10
20250414093109.479500	20250414093119.479500	10
20250414093119.480000	20250414093129.480000	10
20250414093146.784000	20250414093156.784000	10
20250414093158.807500	20250414093208.807500	10
20250414093230.349500	20250414093240.349500	10
20250414093244.302000	20250414093254.302000	10
20250414093300.041500	20250414093310.041500	10
20250414093320.287000	20250414093330.287000	10
20250414093336.379500	20250414093346.379500	10
20250414093356.717000	20250414093406.717000	10
20250414093406.717500	20250414093416.717500	10
20250414093416.718000	20250414093426.718000	10
20250414093451.816500	20250414093501.816500	10
20250414093511.378000	20250414093521.378000	10
20250414093521.378500	20250414093531.378500	10
20250414093531.651000	20250414093541.651000	10
20250414093541.651500	20250414093551.651500	10
20250414093554.853500	20250414093604.853500	10
20250414093614.610500	20250414093624.610500	10
20250414093624.611000	20250414093634.611000	10
20250414093732.507000	20250414093742.507000	10
20250414093742.507500	20250414093752.507500	10
20250414093752.508000	20250414093802.508000	10
20250414093802.508500	20250414093812.508500	10
20250414093813.368000	20250414093823.368000	10
20250414093823.368500	20250414093833.368500	10
20250414093842.513500	20250414093852.513500	10
20250414093913.644000	20250414093923.644000	10
20250414093923.644500	20250414093933.644500	10
20250414093949.607500	20250414093959.607500	10
20250414093959.608000	20250414094009.608000	10
20250414094014.807000	20250414094024.807000	10
20250414094024.807500	20250414094034.807500	10
20250414094036.469500	20250414094046.469500	10
20250414094048.554500	20250414094058.554500	10
20250414094105.394000	20250414094115.394000	10
20250414094115.394500	20250414094125.394500	10
20250414094128.440500	20250414094138.440500	10
20250414094140.270000	20250414094150.270000	10
20250414094150.270500	20250414094200.270500	10
20250414094200.271000	20250414094210.271000	10
20250414094228.346000	20250414094238.346000	10
20250414094238.346500	20250414094248.346500	10
20250414094248.347000	20250414094258.347000	10
20250414094258.347500	20250414094308.347500	10
20250414094314.145000	20250414094324.145000	10
20250414094324.145500	20250414094334.145500	10
20250414094334.146000	20250414094344.146000	10
20250414094348.290000	20250414094358.290000	10
20250414094358.290500	20250414094408.290500	10
20250414094408.291000	20250414094418.291000	10
20250414094441.478500	20250414094451.478500	10
20250414094459.918500	20250414094509.918500	10
20250414094519.727000	20250414094529.727000	10
20250414094529.727500	20250414094539.727500	10
20250414094542.241000	20250414094552.241000	10
20250414094552.241500	20250414094602.241500	10
20250414094612.778000	20250414094622.778000	10
20250414094622.778500	20250414094632.778500	10
20250414094632.779000	20250414094642.779000	10
20250414094700.047500	20250414094710.047500	10
20250414094710.048000	20250414094720.048000	10
20250414094720.048500	20250414094730.048500	10
20250414094730.049000	20250414094740.049000	10
20250414094740.049500	20250414094750.049500	10
20250414094750.050000	20250414094800.050000	10
20250414094800.050500	20250414094810.050500	10
20250414094840.690000	20250414094850.690000	10
20250414094850.690500	20250414094900.690500	10
20250414094900.691000	20250414094910.691000	10
20250414094910.691500	20250414094920.691500	10
20250414094920.692000	20250414094930.692000	10
20250414094940.545500	20250414094950.545500	10
20250414095007.423500	20250414095017.423500	10
20250414095017.424000	20250414095027.424000	10
20250414095037.294000	20250414095047.294000	10
20250414095052.496000	20250414095102.496000	10
20250414095113.088000	20250414095123.088000	10
20250414095123.088500	20250414095133.088500	10
20250414095154.936500	20250414095204.936500	10
20250414095204.937000	20250414095214.937000	10
20250414095214.937500	20250414095224.937500	10
20250414095248.544500	20250414095258.544500	10
20250414095258.545000	20250414095308.545000	10
20250414095308.545500	20250414095318.545500	10
20250414095318.546000	20250414095328.546000	10
20250414095355.566500	20250414095405.566500	10
20250414095405.567000	20250414095415.567000	10
20250414095429.429000	20250414095439.429000	10
20250414095447.769000	20250414095457.769000	10
20250414095459.023000	20250414095509.023000	10
20250414095509.023500	20250414095519.023500	10
20250414095519.024000	20250414095529.024000	10
20250414095531.224000	20250414095541.224000	10
20250414095541.224500	20250414095551.224500	10
20250414095603.756500	20250414095613.756500	10
20250414095613.757000	20250414095623.757000	10
20250414095628.914000	20250414095638.914000	10
20250414095646.730500	20250414095656.730500	10
20250414095656.731000	20250414095706.731000	10
20250414095706.731500	20250414095716.731500	10
20250414095725.441000	20250414095735.441000	10
20250414095735.441500	20250414095745.441500	10
20250414095745.442000	20250414095755.442000	10
20250414095817.552500	20250414095827.552500	10
20250414095843.339500	20250414095853.339500	10
20250414095853.340000	20250414095903.340000	10
20250414095903.340500	20250414095913.340500	10
20250414095913.341000	20250414095923.341000	10
20250414095923.341500	20250414095933.341500	10
20250414095933.342000	20250414095943.342000	10
20250414095944.504500	20250414095954.504500	10
20250414095954.505000	20250414100004.505000	10
20250414100013.263500	20250414100023.263500	10
20250414100023.264000	20250414100033.264000	10
20250414100033.264500	20250414100043.264500	10
20250414100043.265000	20250414100053.265000	10
20250414100102.739500	20250414100112.739500	10
20250414100112.740000	20250414100122.740000	10
20250414100139.673500	20250414100149.673500	10
20250414100153.113000	20250414100203.113000	10
20250414100223.143000	20250414100233.143000	10
20250414100316.621500	20250414100326.621500	10
20250414100335.929500	20250414100345.929500	10
20250414100404.088500	20250414100414.088500	10
20250414100508.768000	20250414100518.768000	10
20250414100518.768500	20250414100528.768500	10
20250414100528.769000	20250414100538.769000	10
20250414100538.769500	20250414100548.769500	10
20250414100548.770000	20250414100558.770000	10
20250414100559.279500	20250414100609.279500	10
20250414100627.256000	20250414100637.256000	10
20250414100637.256500	20250414100647.256500	10
20250414100647.257000	20250414100657.257000	10
20250414100657.257500	20250414100707.257500	10
20250414100707.258000	20250414100717.258000	10
20250414100735.470000	20250414100745.470000	10
20250414100745.470500	20250414100755.470500	10
20250414100759.702500	20250414100809.702500	10
20250414100809.703000	20250414100819.703000	10
20250414100819.703500	20250414100829.703500	10
20250414100847.603500	20250414100857.603500	10
20250414100907.339500	20250414100917.339500	10
20250414100917.340000	20250414100927.340000	10
20250414100927.340500	20250414100937.340500	10
20250414100944.783000	20250414100954.783000	10
20250414100954.783500	20250414101004.783500	10
20250414101010.602500	20250414101020.602500	10
20250414101020.603000	20250414101030.603000	10
20250414101030.603500	20250414101040.603500	10
20250414101055.079000	20250414101105.079000	10
20250414101105.079500	20250414101115.079500	10
20250414101115.080000	20250414101125.080000	10
20250414101125.080500	20250414101135.080500	10
20250414101138.854000	20250414101148.854000	10
20250414101148.854500	20250414101158.854500	10
20250414101158.855000	20250414101208.855000	10
20250414101225.697500	20250414101235.697500	10
20250414101235.698000	20250414101245.698000	10
20250414101245.698500	20250414101255.698500	10
20250414101307.233000	20250414101317.233000	10
20250414101317.233500	20250414101327.233500	10
20250414101327.234000	20250414101337.234000	10
20250414101337.234500	20250414101347.234500	10
20250414101347.235000	20250414101357.235000	10
20250414101357.235500	20250414101407.235500	10
20250414101407.236000	20250414101417.236000	10
20250414101436.722500	20250414101446.722500	10
20250414101446.723000	20250414101456.723000	10
20250414101456.723500	20250414101506.723500	10
20250414101516.161000	20250414101526.161000	10
20250414101540.183000	20250414101550.183000	10
20250414101609.133500	20250414101619.133500	10
20250414101629.941500	20250414101639.941500	10
20250414101650.710000	20250414101700.710000	10
20250414101700.710500	20250414101710.710500	10
#
# END WINDOW LIST
#
