# HV LOG FORMAT RELEASE 1.0
#
# BEGIN COMMAND LINE ARGUMENTS
#
D:/Cloud/OneDrive - UNIVERSITAS INDONESIA/[DANU]/MyFiles/[SOFTWARE]/geopsypack-win64-3.5.2/geopsypack-win64-3.5.2/bin/geopsy.exe  $*
exit $?
#
# END COMMAND LINE ARGUMENTS
#
#
# BEGIN SOFTWARE VERSION
#
  Qt                  6.5.2
  QGpCoreTools        2.5.0 from 3.5.2
      (commit 8e7f9523665497a6e0787d4f623634cee8957aff)
  QGpCoreMath         1.5.2 from 3.5.2
      (commit 45a832cd27865662e9e0c63081f3a1d32999f668)
  GeopsyCore          4.5.1 from 3.5.2
      (commit e32288e5b456ea5f2c7ed80d7f3238414692b3e4)
  QGpGuiTools         2.5.0 from 3.5.2
      (commit dd46b2456fe37b3e090e1ab3cec07542a51228a5)
  SciFigs             3.4.1 from 3.5.2
      (commit d9059f148fd7373f6e5e08322d3d212c98efa1d7)
  QGpGuiMath          1.4.0 from 3.5.2
      (commit 01d498dc90602f5e30e43ed6a16a660c70a0d2aa)
  GeopsyGui           3.5.0 from 3.5.2
      (commit c81d772d484fd4bc83908f5c25c8681405d99aac)
  GeopsySLink         2.1.0 from 3.5.2
      (commit 25c6c74090bb522f466c221ae5436774b79e06fb)
  GeopsySLinkGui      2.0.3 from 3.5.2
      (commit a41e443c12241597cebcf02d3646eb1409d7df80)
  geopsy              3.4.0 from 3.5.2
      (commit 4653563244c5f99ae287e46a6f755687b1a08a49)
  geopsyfigs          1.0.2 from 3.5.2
      (commit c634e2e145800675c35f99c9f2016dad12dde7a9)
  campbelltob3        1.0.2 from 3.5.2
      (commit 305fa22c3976f73387543b8e4880152ff57d33fb)
  DinverCore          1.4.0 from 3.5.2
      (commit 2c5867d8a3d3afc8b55dab6683c45e857f3f1206)
  QGpCoreWave         2.3.0 from 3.5.2
      (commit 5f8fb775da4b2ffe1d609b5d5eea1540b835f8af)
  QGpCompatibility    1.2.0 from 3.5.2
      (commit a43f1ead0e7e26355ad8661e59feda87db583379)
  DinverDCCore        2.3.0 from 3.5.2
      (commit dd36cd8af8c63c8dba6be1f3ab842ea7535433f4)
  QGpCoreStat         1.3.0 from 3.5.2
      (commit e9187dc7eb30087d0c28114d969e7cc341f348c4)
  ArrayCore           4.2.1 from 3.5.2
      (commit bced9454c16a9fc3eb0bc5b744a49991f6dca7a2)
  QGpGuiWave          1.3.0 from 3.5.2
      (commit 22916617b90f55989ffb59cd21312bc7ba38bcd3)
  ArrayGui            1.4.0 from 3.5.2
      (commit c735d1d26af99196b6becdadd34801e81bc42409)
  geopsyarray         3.3.1 from 3.5.2
      (commit a38e660189576dccf9cd1154f04faf3bdcfa55d5)
  geopsydamping       2.1.4 from 3.5.2
      (commit 78e000f8ef6e721e79a5375710ae8982828e16c8)
  HVCore              1.2.0 from 3.5.2
      (commit 4ca5ee46175a87a9a7fa60bd11d602b9920c875e)
  HVGui               1.2.0 from 3.5.2
      (commit b4d37a83716e9c7b740abc0c6a7d1561074ce986)
  geopsyhv            4.0.4 from 3.5.2
      (commit ec71ec24ab953dfd059e1b5c68d114259a208c4a)
  geopsynr            1.1.2 from 3.5.2
      (commit 2aa2630f17e95f770bd7dc9968b6b885e8aa2d41)
  geopsyptmotion      2.0.4 from 3.5.2
      (commit f9889e458845b182f26c61b6a256e8a1478de26b)
  geopsyrefra         2.0.3 from 3.5.2
      (commit 5a89d12d1a08b0efa50415814c3b456903b542e4)
  geopsytfa           2.1.2 from 3.5.2
      (commit 1ba23d15f70cd66f3fe1851cc1a992e9d542ab3c)
  hvtfa               2.1.4 from 3.5.2
      (commit ca8f1b1cc8da451d92a4c95eb80e75162b6b1d1c)
  matfiles            1.0.4 from 3.5.2
      (commit 53d1ee979a42e4409603f4f4c1a4a42cc1a9e162)
  phaseit             1.0.3 from 3.5.2
      (commit 79a2e81ead59b0de0d7a659fdabfb9541dda77a2)
#
# END SOFTWARE VERSION
#
#
# BEGIN SIGNAL LIST
#
[COMP 0]
 [SIG 0] D:/Kulon Progo 2025/Seismik Pasif/processing/1_merge mseed/Merged data/E3A_merge3comps.mseed at index 2
[COMP 1]
 [SIG 0] D:/Kulon Progo 2025/Seismik Pasif/processing/1_merge mseed/Merged data/E3A_merge3comps.mseed at index 1
[COMP 2]
 [SIG 0] D:/Kulon Progo 2025/Seismik Pasif/processing/1_merge mseed/Merged data/E3A_merge3comps.mseed at index 0
#
# END SIGNAL LIST
#
#
# BEGIN PARAMETERS
#
# Version 0: all files generated with releases before 20170901 (default for input)
PARAMETERS_VERSION=1
# TYPEs:
#   - Signal: from the start or to the end of signal (TEXT are useless)
#   - Delta: a fixed duration counted from the start or the end (e.g. TEXT=1h).
#   - Pick: from or to a time pick (TEXT=time pick name).
#   - Absolute: from or to a fixed time (e.g. TEXT=20170314115338.00)
FROM_TIME_TYPE=Signal
FROM_TIME_TEXT=0s
# TYPEs: Signal, Delta, Absolute
TO_TIME_TYPE=Signal
TO_TIME_TEXT=0s
REFERENCE=
COMMON_TIME_WINDOWS=false
# TYPEs: Exactly, AtLeast, FrequencyDependent
WINDOW_LENGTH_TYPE=Exactly
WINDOW_MIN_LENGTH(s)=10
WINDOW_MAX_LENGTH(s)=10
WINDOW_MAX_COUNT=0
# Length of time windows are adjusted to avoid a prime number of samples which
# slows down the FFT computation. Usually a maximum prime of 11 in the prime factorization
# of the number of samples is a good compromise between the speed and the lenght inaccuracy
# Leave as zero to allow any prime number factorization.
WINDOW_MAXIMUM_PRIME_FACTOR=11
BAD_SAMPLE_TOLERANCE (s)=0
BAD_SAMPLE_GAP (s)=0
WINDOW_OVERLAP (%)=0
# TYPEs: NoSampleThreshold, RelativeSampleThreshold, AbsoluteSampleThreshold
BAD_SAMPLE_THRESHOLD_TYPE=NoSampleThreshold
ANTI-TRIGGERING_ON_RAW_SIGNAL (y/n)=y
USED_RAW_COMPONENTS=y, y, y
RAW_STA (s)=1
RAW_LTA (s)=30
RAW_MIN_SLTA=0.2
RAW_MAX_SLTA=2
ANTI-TRIGGERING_ON_FILTERED_SIGNAL (y/n)=n
# Start a time window for each seismic event available inside the time range.
SEISMIC_EVENT_TRIGGER (y/n)=n
SEISMIC_EVENT_DELAY (s)=-0.1
WINDOW_TYPE=Cosine
WINDOW_REVERSED=n
SMOOTHING_METHOD=Function
SMOOTHING_WIDTH_TYPE=Proportional
SMOOTHING_WIDTH=0.9
# Describes the way values are summed: on a linear, log or inverse scale
SMOOTHING_SCALE_TYPE=Linear
SMOOTHING_WINDOW_TYPE=Cosine
SMOOTHING_WINDOW_REVERSED=n
MINIMUM_FREQUENCY=0.1
MAXIMUM_FREQUENCY=20
# Either 'Linear', 'Log' or 'Inverse'
SCALE_TYPE_FREQUENCY=Log
# Number of samples is either set to a fixed value ('Count') or through a step between samples ('Step')'
STEP_TYPE_FREQUENCY=Step
SAMPLES_NUMBER_FREQUENCY=215
# STEP=difference between two successive samples for 'linear' scales
# STEP=ratio between two successive samples for 'log' scales
# STEP=difference between two successive inverse samples for 'inverse' scales
STEP_FREQUENCY=1.025
# Required when using short time windows when the number of frequency samples
# is higher than the number of points in the spectra.
OVER_SAMPLING_FACTOR=1
HIGH_PASS_FREQUENCY=0
# Possible values for HORIZONTAL_COMPONENTS: Squared, Energy, Azimuth, Geometric
HORIZONTAL_COMPONENTS=Squared
# HORIZONTAL_AZIMUTH is used only when HORIZONTAL_COMPONENTS==Azimuth
HORIZONTAL_AZIMUTH=0
# Used only for rotated output
ROTATION_STEP=10
# Frequency domain window rejection (Cox et al. (2020, GJI)
FREQUENCY_WINDOW_REJECTION_MINIMUM_FREQUENCY=0.1
FREQUENCY_WINDOW_REJECTION_MAXIMUM_FREQUENCY=50
FREQUENCY_WINDOW_REJECTION_STDDEV_FACTOR=2
FREQUENCY_WINDOW_REJECTION_MAXIMUM_ITERATIONS=50
#
# END PARAMETERS
#
#
# BEGIN WINDOWING LOG
#
Automatic windowing
#
# END WINDOWING LOG
#
#
# BEGIN WINDOW LIST
#
# Number= 636
# Start time 	 End Time 	 Window length
20250415135722.631500	20250415135732.631500	10
20250415135736.407500	20250415135746.407500	10
20250415135746.408000	20250415135756.408000	10
20250415135756.408500	20250415135806.408500	10
20250415135812.027000	20250415135822.027000	10
20250415135834.188500	20250415135844.188500	10
20250415135844.189000	20250415135854.189000	10
20250415135854.189500	20250415135904.189500	10
20250415135904.190000	20250415135914.190000	10
20250415135914.190500	20250415135924.190500	10
20250415135924.191000	20250415135934.191000	10
20250415135934.191500	20250415135944.191500	10
20250415135944.192000	20250415135954.192000	10
20250415135954.192500	20250415140004.192500	10
20250415140004.193000	20250415140014.193000	10
20250415140014.193500	20250415140024.193500	10
20250415140024.194000	20250415140034.194000	10
20250415140034.194500	20250415140044.194500	10
20250415140044.195000	20250415140054.195000	10
20250415140054.195500	20250415140104.195500	10
20250415140104.196000	20250415140114.196000	10
20250415140114.196500	20250415140124.196500	10
20250415140141.255000	20250415140151.255000	10
20250415140151.255500	20250415140201.255500	10
20250415140201.256000	20250415140211.256000	10
20250415140211.256500	20250415140221.256500	10
20250415140226.520000	20250415140236.520000	10
20250415140339.374000	20250415140349.374000	10
20250415140349.374500	20250415140359.374500	10
20250415140359.375000	20250415140409.375000	10
20250415140409.375500	20250415140419.375500	10
20250415140419.376000	20250415140429.376000	10
20250415140429.376500	20250415140439.376500	10
20250415140439.377000	20250415140449.377000	10
20250415140457.741500	20250415140507.741500	10
20250415140507.742000	20250415140517.742000	10
20250415140517.742500	20250415140527.742500	10
20250415140527.743000	20250415140537.743000	10
20250415140537.743500	20250415140547.743500	10
20250415140547.744000	20250415140557.744000	10
20250415140557.744500	20250415140607.744500	10
20250415140607.745000	20250415140617.745000	10
20250415140617.745500	20250415140627.745500	10
20250415140627.746000	20250415140637.746000	10
20250415140637.746500	20250415140647.746500	10
20250415140647.747000	20250415140657.747000	10
20250415140657.747500	20250415140707.747500	10
20250415140707.748000	20250415140717.748000	10
20250415140725.708000	20250415140735.708000	10
20250415140735.708500	20250415140745.708500	10
20250415140745.709000	20250415140755.709000	10
20250415140801.121500	20250415140811.121500	10
20250415140811.122000	20250415140821.122000	10
20250415140821.122500	20250415140831.122500	10
20250415140831.123000	20250415140841.123000	10
20250415140841.123500	20250415140851.123500	10
20250415140851.124000	20250415140901.124000	10
20250415140901.124500	20250415140911.124500	10
20250415140911.125000	20250415140921.125000	10
20250415140921.125500	20250415140931.125500	10
20250415140938.257000	20250415140948.257000	10
20250415140948.257500	20250415140958.257500	10
20250415140958.258000	20250415141008.258000	10
20250415141008.258500	20250415141018.258500	10
20250415141018.259000	20250415141028.259000	10
20250415141028.259500	20250415141038.259500	10
20250415141038.260000	20250415141048.260000	10
20250415141048.260500	20250415141058.260500	10
20250415141058.261000	20250415141108.261000	10
20250415141108.261500	20250415141118.261500	10
20250415141118.262000	20250415141128.262000	10
20250415141128.262500	20250415141138.262500	10
20250415141138.263000	20250415141148.263000	10
20250415141148.263500	20250415141158.263500	10
20250415141202.615000	20250415141212.615000	10
20250415141213.078500	20250415141223.078500	10
20250415141223.079000	20250415141233.079000	10
20250415141233.079500	20250415141243.079500	10
20250415141243.080000	20250415141253.080000	10
20250415141253.080500	20250415141303.080500	10
20250415141303.081000	20250415141313.081000	10
20250415141314.920000	20250415141324.920000	10
20250415141324.920500	20250415141334.920500	10
20250415141334.921000	20250415141344.921000	10
20250415141346.163500	20250415141356.163500	10
20250415141356.164000	20250415141406.164000	10
20250415141406.164500	20250415141416.164500	10
20250415141416.165000	20250415141426.165000	10
20250415141442.890500	20250415141452.890500	10
20250415141506.467000	20250415141516.467000	10
20250415141516.467500	20250415141526.467500	10
20250415141526.468000	20250415141536.468000	10
20250415141536.468500	20250415141546.468500	10
20250415141546.469000	20250415141556.469000	10
20250415141604.614500	20250415141614.614500	10
20250415141614.615000	20250415141624.615000	10
20250415141624.615500	20250415141634.615500	10
20250415141635.693000	20250415141645.693000	10
20250415141651.994500	20250415141701.994500	10
20250415141701.995000	20250415141711.995000	10
20250415141711.995500	20250415141721.995500	10
20250415141738.837000	20250415141748.837000	10
20250415141748.837500	20250415141758.837500	10
20250415141758.838000	20250415141808.838000	10
20250415141808.838500	20250415141818.838500	10
20250415141908.552000	20250415141918.552000	10
20250415141928.271500	20250415141938.271500	10
20250415141938.272000	20250415141948.272000	10
20250415141948.272500	20250415141958.272500	10
20250415141958.273000	20250415142008.273000	10
20250415142008.273500	20250415142018.273500	10
20250415142024.197000	20250415142034.197000	10
20250415142034.197500	20250415142044.197500	10
20250415142044.198000	20250415142054.198000	10
20250415142054.198500	20250415142104.198500	10
20250415142104.199000	20250415142114.199000	10
20250415142114.199500	20250415142124.199500	10
20250415142124.200000	20250415142134.200000	10
20250415142134.200500	20250415142144.200500	10
20250415142144.201000	20250415142154.201000	10
20250415142154.201500	20250415142204.201500	10
20250415142210.465500	20250415142220.465500	10
20250415142220.466000	20250415142230.466000	10
20250415142230.466500	20250415142240.466500	10
20250415142240.467000	20250415142250.467000	10
20250415142250.467500	20250415142300.467500	10
20250415142300.468000	20250415142310.468000	10
20250415142310.468500	20250415142320.468500	10
20250415142320.469000	20250415142330.469000	10
20250415142330.469500	20250415142340.469500	10
20250415142340.470000	20250415142350.470000	10
20250415142350.470500	20250415142400.470500	10
20250415142400.471000	20250415142410.471000	10
20250415142410.471500	20250415142420.471500	10
20250415142420.472000	20250415142430.472000	10
20250415142430.472500	20250415142440.472500	10
20250415142440.473000	20250415142450.473000	10
20250415142450.473500	20250415142500.473500	10
20250415142500.474000	20250415142510.474000	10
20250415142510.474500	20250415142520.474500	10
20250415142520.475000	20250415142530.475000	10
20250415142530.475500	20250415142540.475500	10
20250415142540.476000	20250415142550.476000	10
20250415142550.476500	20250415142600.476500	10
20250415142600.477000	20250415142610.477000	10
20250415142610.477500	20250415142620.477500	10
20250415142620.478000	20250415142630.478000	10
20250415142630.478500	20250415142640.478500	10
20250415142640.479000	20250415142650.479000	10
20250415142651.813000	20250415142701.813000	10
20250415142701.813500	20250415142711.813500	10
20250415142711.814000	20250415142721.814000	10
20250415142721.814500	20250415142731.814500	10
20250415142731.815000	20250415142741.815000	10
20250415142741.815500	20250415142751.815500	10
20250415142751.816000	20250415142801.816000	10
20250415142801.816500	20250415142811.816500	10
20250415142811.817000	20250415142821.817000	10
20250415142821.817500	20250415142831.817500	10
20250415142831.818000	20250415142841.818000	10
20250415142841.818500	20250415142851.818500	10
20250415142851.819000	20250415142901.819000	10
20250415142901.819500	20250415142911.819500	10
20250415142911.820000	20250415142921.820000	10
20250415142921.820500	20250415142931.820500	10
20250415142931.821000	20250415142941.821000	10
20250415142941.821500	20250415142951.821500	10
20250415142951.822000	20250415143001.822000	10
20250415143009.926000	20250415143019.926000	10
20250415143020.489000	20250415143030.489000	10
20250415143030.489500	20250415143040.489500	10
20250415143040.490000	20250415143050.490000	10
20250415143050.490500	20250415143100.490500	10
20250415143100.491000	20250415143110.491000	10
20250415143110.491500	20250415143120.491500	10
20250415143120.492000	20250415143130.492000	10
20250415143137.601000	20250415143147.601000	10
20250415143147.601500	20250415143157.601500	10
20250415143157.602000	20250415143207.602000	10
20250415143207.602500	20250415143217.602500	10
20250415143217.603000	20250415143227.603000	10
20250415143233.812500	20250415143243.812500	10
20250415143243.813000	20250415143253.813000	10
20250415143302.623500	20250415143312.623500	10
20250415143312.624000	20250415143322.624000	10
20250415143322.624500	20250415143332.624500	10
20250415143332.625000	20250415143342.625000	10
20250415143342.625500	20250415143352.625500	10
20250415143352.626000	20250415143402.626000	10
20250415143402.626500	20250415143412.626500	10
20250415143412.627000	20250415143422.627000	10
20250415143422.627500	20250415143432.627500	10
20250415143432.628000	20250415143442.628000	10
20250415143442.628500	20250415143452.628500	10
20250415143452.629000	20250415143502.629000	10
20250415143502.629500	20250415143512.629500	10
20250415143512.630000	20250415143522.630000	10
20250415143522.630500	20250415143532.630500	10
20250415143532.631000	20250415143542.631000	10
20250415143542.631500	20250415143552.631500	10
20250415143552.632000	20250415143602.632000	10
20250415143602.632500	20250415143612.632500	10
20250415143612.633000	20250415143622.633000	10
20250415143622.633500	20250415143632.633500	10
20250415143632.634000	20250415143642.634000	10
20250415143642.634500	20250415143652.634500	10
20250415143652.635000	20250415143702.635000	10
20250415143702.635500	20250415143712.635500	10
20250415143712.636000	20250415143722.636000	10
20250415143722.636500	20250415143732.636500	10
20250415143732.637000	20250415143742.637000	10
20250415143742.637500	20250415143752.637500	10
20250415143755.242000	20250415143805.242000	10
20250415143805.242500	20250415143815.242500	10
20250415143815.243000	20250415143825.243000	10
20250415143825.243500	20250415143835.243500	10
20250415143835.244000	20250415143845.244000	10
20250415143845.244500	20250415143855.244500	10
20250415143855.245000	20250415143905.245000	10
20250415143911.420500	20250415143921.420500	10
20250415143921.421000	20250415143931.421000	10
20250415143931.421500	20250415143941.421500	10
20250415143949.298500	20250415143959.298500	10
20250415143959.299000	20250415144009.299000	10
20250415144009.299500	20250415144019.299500	10
20250415144019.300000	20250415144029.300000	10
20250415144029.300500	20250415144039.300500	10
20250415144039.301000	20250415144049.301000	10
20250415144049.301500	20250415144059.301500	10
20250415144059.302000	20250415144109.302000	10
20250415144109.302500	20250415144119.302500	10
20250415144119.303000	20250415144129.303000	10
20250415144131.105000	20250415144141.105000	10
20250415144152.253000	20250415144202.253000	10
20250415144202.253500	20250415144212.253500	10
20250415144212.254000	20250415144222.254000	10
20250415144223.015000	20250415144233.015000	10
20250415144251.338000	20250415144301.338000	10
20250415144301.338500	20250415144311.338500	10
20250415144311.339000	20250415144321.339000	10
20250415144321.339500	20250415144331.339500	10
20250415144331.340000	20250415144341.340000	10
20250415144341.340500	20250415144351.340500	10
20250415144351.341000	20250415144401.341000	10
20250415144401.341500	20250415144411.341500	10
20250415144417.458500	20250415144427.458500	10
20250415144427.459000	20250415144437.459000	10
20250415144437.459500	20250415144447.459500	10
20250415144447.460000	20250415144457.460000	10
20250415144457.460500	20250415144507.460500	10
20250415144507.461000	20250415144517.461000	10
20250415144517.461500	20250415144527.461500	10
20250415144527.462000	20250415144537.462000	10
20250415144537.462500	20250415144547.462500	10
20250415144547.463000	20250415144557.463000	10
20250415144602.767000	20250415144612.767000	10
20250415144612.767500	20250415144622.767500	10
20250415144622.768000	20250415144632.768000	10
20250415144632.768500	20250415144642.768500	10
20250415144642.769000	20250415144652.769000	10
20250415144652.769500	20250415144702.769500	10
20250415144702.770000	20250415144712.770000	10
20250415144712.770500	20250415144722.770500	10
20250415144722.771000	20250415144732.771000	10
20250415144732.771500	20250415144742.771500	10
20250415144742.772000	20250415144752.772000	10
20250415144800.846500	20250415144810.846500	10
20250415144810.847000	20250415144820.847000	10
20250415144820.847500	20250415144830.847500	10
20250415144838.732000	20250415144848.732000	10
20250415144848.732500	20250415144858.732500	10
20250415144858.733000	20250415144908.733000	10
20250415144908.733500	20250415144918.733500	10
20250415144918.734000	20250415144928.734000	10
20250415144928.734500	20250415144938.734500	10
20250415144938.735000	20250415144948.735000	10
20250415144948.735500	20250415144958.735500	10
20250415145013.925000	20250415145023.925000	10
20250415145023.925500	20250415145033.925500	10
20250415145033.926000	20250415145043.926000	10
20250415145043.926500	20250415145053.926500	10
20250415145053.927000	20250415145103.927000	10
20250415145103.927500	20250415145113.927500	10
20250415145113.928000	20250415145123.928000	10
20250415145130.837500	20250415145140.837500	10
20250415145140.838000	20250415145150.838000	10
20250415145150.838500	20250415145200.838500	10
20250415145200.839000	20250415145210.839000	10
20250415145210.839500	20250415145220.839500	10
20250415145229.382500	20250415145239.382500	10
20250415145239.383000	20250415145249.383000	10
20250415145249.383500	20250415145259.383500	10
20250415145259.384000	20250415145309.384000	10
20250415145309.384500	20250415145319.384500	10
20250415145319.385000	20250415145329.385000	10
20250415145329.385500	20250415145339.385500	10
20250415145339.386000	20250415145349.386000	10
20250415145349.386500	20250415145359.386500	10
20250415145359.387000	20250415145409.387000	10
20250415145409.387500	20250415145419.387500	10
20250415145419.388000	20250415145429.388000	10
20250415145429.388500	20250415145439.388500	10
20250415145439.389000	20250415145449.389000	10
20250415145449.389500	20250415145459.389500	10
20250415145459.390000	20250415145509.390000	10
20250415145517.735500	20250415145527.735500	10
20250415145527.736000	20250415145537.736000	10
20250415145537.736500	20250415145547.736500	10
20250415145547.737000	20250415145557.737000	10
20250415145557.737500	20250415145607.737500	10
20250415145607.738000	20250415145617.738000	10
20250415145617.738500	20250415145627.738500	10
20250415145627.739000	20250415145637.739000	10
20250415145637.739500	20250415145647.739500	10
20250415145647.740000	20250415145657.740000	10
20250415145657.740500	20250415145707.740500	10
20250415145707.741000	20250415145717.741000	10
20250415145717.741500	20250415145727.741500	10
20250415145727.742000	20250415145737.742000	10
20250415145737.742500	20250415145747.742500	10
20250415145751.084500	20250415145801.084500	10
20250415145801.085000	20250415145811.085000	10
20250415145811.085500	20250415145821.085500	10
20250415145821.086000	20250415145831.086000	10
20250415145831.086500	20250415145841.086500	10
20250415145841.087000	20250415145851.087000	10
20250415145851.087500	20250415145901.087500	10
20250415145901.088000	20250415145911.088000	10
20250415145911.088500	20250415145921.088500	10
20250415145921.089000	20250415145931.089000	10
20250415145931.089500	20250415145941.089500	10
20250415145941.090000	20250415145951.090000	10
20250415145951.090500	20250415150001.090500	10
20250415150009.798500	20250415150019.798500	10
20250415150019.799000	20250415150029.799000	10
20250415150112.392500	20250415150122.392500	10
20250415150124.489000	20250415150134.489000	10
20250415150134.489500	20250415150144.489500	10
20250415150144.490000	20250415150154.490000	10
20250415150154.490500	20250415150204.490500	10
20250415150204.491000	20250415150214.491000	10
20250415150214.491500	20250415150224.491500	10
20250415150224.492000	20250415150234.492000	10
20250415150234.492500	20250415150244.492500	10
20250415150244.493000	20250415150254.493000	10
20250415150254.493500	20250415150304.493500	10
20250415150304.494000	20250415150314.494000	10
20250415150314.494500	20250415150324.494500	10
20250415150324.495000	20250415150334.495000	10
20250415150334.495500	20250415150344.495500	10
20250415150351.404500	20250415150401.404500	10
20250415150412.097500	20250415150422.097500	10
20250415150422.098000	20250415150432.098000	10
20250415150432.098500	20250415150442.098500	10
20250415150442.099000	20250415150452.099000	10
20250415150452.099500	20250415150502.099500	10
20250415150502.100000	20250415150512.100000	10
20250415150514.621500	20250415150524.621500	10
20250415150524.622000	20250415150534.622000	10
20250415150534.622500	20250415150544.622500	10
20250415150544.623000	20250415150554.623000	10
20250415150554.623500	20250415150604.623500	10
20250415150610.891000	20250415150620.891000	10
20250415150620.891500	20250415150630.891500	10
20250415150630.892000	20250415150640.892000	10
20250415150640.892500	20250415150650.892500	10
20250415150650.893000	20250415150700.893000	10
20250415150700.893500	20250415150710.893500	10
20250415150713.374500	20250415150723.374500	10
20250415150723.375000	20250415150733.375000	10
20250415150733.375500	20250415150743.375500	10
20250415150743.376000	20250415150753.376000	10
20250415150753.376500	20250415150803.376500	10
20250415150803.377000	20250415150813.377000	10
20250415150813.377500	20250415150823.377500	10
20250415150823.378000	20250415150833.378000	10
20250415150833.378500	20250415150843.378500	10
20250415150843.379000	20250415150853.379000	10
20250415150853.379500	20250415150903.379500	10
20250415150903.380000	20250415150913.380000	10
20250415150913.380500	20250415150923.380500	10
20250415150923.381000	20250415150933.381000	10
20250415150936.928500	20250415150946.928500	10
20250415150946.929000	20250415150956.929000	10
20250415150956.929500	20250415151006.929500	10
20250415151006.930000	20250415151016.930000	10
20250415151020.477000	20250415151030.477000	10
20250415151030.477500	20250415151040.477500	10
20250415151050.850000	20250415151100.850000	10
20250415151100.850500	20250415151110.850500	10
20250415151110.851000	20250415151120.851000	10
20250415151120.851500	20250415151130.851500	10
20250415151130.852000	20250415151140.852000	10
20250415151140.852500	20250415151150.852500	10
20250415151154.723500	20250415151204.723500	10
20250415151204.724000	20250415151214.724000	10
20250415151214.724500	20250415151224.724500	10
20250415151227.112500	20250415151237.112500	10
20250415151237.113000	20250415151247.113000	10
20250415151249.235500	20250415151259.235500	10
20250415151259.236000	20250415151309.236000	10
20250415151309.236500	20250415151319.236500	10
20250415151319.237000	20250415151329.237000	10
20250415151329.237500	20250415151339.237500	10
20250415151339.238000	20250415151349.238000	10
20250415151349.238500	20250415151359.238500	10
20250415151359.239000	20250415151409.239000	10
20250415151414.039500	20250415151424.039500	10
20250415151424.040000	20250415151434.040000	10
20250415151434.040500	20250415151444.040500	10
20250415151444.041000	20250415151454.041000	10
20250415151503.482000	20250415151513.482000	10
20250415151518.307000	20250415151528.307000	10
20250415151528.307500	20250415151538.307500	10
20250415151538.308000	20250415151548.308000	10
20250415151548.308500	20250415151558.308500	10
20250415151558.309000	20250415151608.309000	10
20250415151608.309500	20250415151618.309500	10
20250415151618.310000	20250415151628.310000	10
20250415151637.540500	20250415151647.540500	10
20250415151647.541000	20250415151657.541000	10
20250415151657.541500	20250415151707.541500	10
20250415151707.542000	20250415151717.542000	10
20250415151728.859000	20250415151738.859000	10
20250415151738.859500	20250415151748.859500	10
20250415151753.484500	20250415151803.484500	10
20250415151803.485000	20250415151813.485000	10
20250415151813.485500	20250415151823.485500	10
20250415151823.486000	20250415151833.486000	10
20250415151834.125000	20250415151844.125000	10
20250415151844.125500	20250415151854.125500	10
20250415151901.256500	20250415151911.256500	10
20250415151911.257000	20250415151921.257000	10
20250415151921.257500	20250415151931.257500	10
20250415151931.258000	20250415151941.258000	10
20250415151941.258500	20250415151951.258500	10
20250415151958.690000	20250415152008.690000	10
20250415152008.690500	20250415152018.690500	10
20250415152018.691000	20250415152028.691000	10
20250415152042.359000	20250415152052.359000	10
20250415152052.359500	20250415152102.359500	10
20250415152105.867500	20250415152115.867500	10
20250415152115.868000	20250415152125.868000	10
20250415152125.868500	20250415152135.868500	10
20250415152142.054500	20250415152152.054500	10
20250415152155.861000	20250415152205.861000	10
20250415152228.775500	20250415152238.775500	10
20250415152242.978500	20250415152252.978500	10
20250415152252.979000	20250415152302.979000	10
20250415152302.979500	20250415152312.979500	10
20250415152320.747000	20250415152330.747000	10
20250415152338.539500	20250415152348.539500	10
20250415152352.995500	20250415152402.995500	10
20250415152412.902500	20250415152422.902500	10
20250415152428.078500	20250415152438.078500	10
20250415152445.882500	20250415152455.882500	10
20250415152513.646500	20250415152523.646500	10
20250415152542.326000	20250415152552.326000	10
20250415152605.209000	20250415152615.209000	10
20250415152616.945500	20250415152626.945500	10
20250415152650.789500	20250415152700.789500	10
20250415152703.040500	20250415152713.040500	10
20250415152719.816000	20250415152729.816000	10
20250415152733.142500	20250415152743.142500	10
20250415152743.143000	20250415152753.143000	10
20250415152753.143500	20250415152803.143500	10
20250415152803.144000	20250415152813.144000	10
20250415152813.144500	20250415152823.144500	10
20250415152823.145000	20250415152833.145000	10
20250415152840.016000	20250415152850.016000	10
20250415152850.016500	20250415152900.016500	10
20250415152900.017000	20250415152910.017000	10
20250415152910.017500	20250415152920.017500	10
20250415152920.018000	20250415152930.018000	10
20250415152930.018500	20250415152940.018500	10
20250415152940.019000	20250415152950.019000	10
20250415152950.019500	20250415153000.019500	10
20250415153000.020000	20250415153010.020000	10
20250415153010.020500	20250415153020.020500	10
20250415153020.021000	20250415153030.021000	10
20250415153030.947000	20250415153040.947000	10
20250415153040.947500	20250415153050.947500	10
20250415153050.948000	20250415153100.948000	10
20250415153100.948500	20250415153110.948500	10
20250415153110.949000	20250415153120.949000	10
20250415153120.949500	20250415153130.949500	10
20250415153130.950000	20250415153140.950000	10
20250415153140.950500	20250415153150.950500	10
20250415153150.951000	20250415153200.951000	10
20250415153200.951500	20250415153210.951500	10
20250415153210.952000	20250415153220.952000	10
20250415153226.230500	20250415153236.230500	10
20250415153243.339000	20250415153253.339000	10
20250415153253.339500	20250415153303.339500	10
20250415153303.340000	20250415153313.340000	10
20250415153313.340500	20250415153323.340500	10
20250415153323.341000	20250415153333.341000	10
20250415153333.341500	20250415153343.341500	10
20250415153345.228000	20250415153355.228000	10
20250415153355.228500	20250415153405.228500	10
20250415153405.229000	20250415153415.229000	10
20250415153415.229500	20250415153425.229500	10
20250415153425.230000	20250415153435.230000	10
20250415153450.940500	20250415153500.940500	10
20250415153500.941000	20250415153510.941000	10
20250415153510.941500	20250415153520.941500	10
20250415153520.942000	20250415153530.942000	10
20250415153530.942500	20250415153540.942500	10
20250415153540.943000	20250415153550.943000	10
20250415153550.943500	20250415153600.943500	10
20250415153615.268000	20250415153625.268000	10
20250415153628.145000	20250415153638.145000	10
20250415153644.935000	20250415153654.935000	10
20250415153654.935500	20250415153704.935500	10
20250415153704.936000	20250415153714.936000	10
20250415153714.936500	20250415153724.936500	10
20250415153734.231500	20250415153744.231500	10
20250415153751.380000	20250415153801.380000	10
20250415153801.380500	20250415153811.380500	10
20250415153811.381000	20250415153821.381000	10
20250415153821.381500	20250415153831.381500	10
20250415153832.931000	20250415153842.931000	10
20250415153842.931500	20250415153852.931500	10
20250415153852.932000	20250415153902.932000	10
20250415153902.932500	20250415153912.932500	10
20250415153912.933000	20250415153922.933000	10
20250415153922.933500	20250415153932.933500	10
20250415153932.934000	20250415153942.934000	10
20250415153942.934500	20250415153952.934500	10
20250415153952.935000	20250415154002.935000	10
20250415154002.935500	20250415154012.935500	10
20250415154012.936000	20250415154022.936000	10
20250415154022.936500	20250415154032.936500	10
20250415154032.937000	20250415154042.937000	10
20250415154042.937500	20250415154052.937500	10
20250415154052.938000	20250415154102.938000	10
20250415154102.938500	20250415154112.938500	10
20250415154132.482500	20250415154142.482500	10
20250415154142.483000	20250415154152.483000	10
20250415154152.483500	20250415154202.483500	10
20250415154226.657500	20250415154236.657500	10
20250415154236.658000	20250415154246.658000	10
20250415154246.658500	20250415154256.658500	10
20250415154256.659000	20250415154306.659000	10
20250415154306.659500	20250415154316.659500	10
20250415154332.571500	20250415154342.571500	10
20250415154342.572000	20250415154352.572000	10
20250415154352.572500	20250415154402.572500	10
20250415154402.573000	20250415154412.573000	10
20250415154412.573500	20250415154422.573500	10
20250415154422.574000	20250415154432.574000	10
20250415154443.193000	20250415154453.193000	10
20250415154453.193500	20250415154503.193500	10
20250415154503.194000	20250415154513.194000	10
20250415154513.194500	20250415154523.194500	10
20250415154523.195000	20250415154533.195000	10
20250415154533.195500	20250415154543.195500	10
20250415154543.196000	20250415154553.196000	10
20250415154553.196500	20250415154603.196500	10
20250415154603.197000	20250415154613.197000	10
20250415154613.197500	20250415154623.197500	10
20250415154623.198000	20250415154633.198000	10
20250415154633.198500	20250415154643.198500	10
20250415154643.199000	20250415154653.199000	10
20250415154653.199500	20250415154703.199500	10
20250415154703.200000	20250415154713.200000	10
20250415154713.200500	20250415154723.200500	10
20250415154730.557500	20250415154740.557500	10
20250415154740.558000	20250415154750.558000	10
20250415154750.558500	20250415154800.558500	10
20250415154800.559000	20250415154810.559000	10
20250415154810.559500	20250415154820.559500	10
20250415154820.560000	20250415154830.560000	10
20250415154830.560500	20250415154840.560500	10
20250415154840.561000	20250415154850.561000	10
20250415154850.561500	20250415154900.561500	10
20250415154900.562000	20250415154910.562000	10
20250415154910.562500	20250415154920.562500	10
20250415154920.563000	20250415154930.563000	10
20250415154930.563500	20250415154940.563500	10
20250415154940.564000	20250415154950.564000	10
20250415154952.841500	20250415155002.841500	10
20250415155002.842000	20250415155012.842000	10
20250415155012.842500	20250415155022.842500	10
20250415155026.154500	20250415155036.154500	10
20250415155038.594000	20250415155048.594000	10
20250415155048.594500	20250415155058.594500	10
20250415155059.947500	20250415155109.947500	10
20250415155109.948000	20250415155119.948000	10
20250415155119.948500	20250415155129.948500	10
20250415155129.949000	20250415155139.949000	10
20250415155139.949500	20250415155149.949500	10
20250415155149.950000	20250415155159.950000	10
20250415155159.950500	20250415155209.950500	10
20250415155209.951000	20250415155219.951000	10
20250415155219.951500	20250415155229.951500	10
20250415155229.952000	20250415155239.952000	10
20250415155239.952500	20250415155249.952500	10
20250415155249.953000	20250415155259.953000	10
20250415155259.953500	20250415155309.953500	10
20250415155309.954000	20250415155319.954000	10
20250415155319.954500	20250415155329.954500	10
20250415155329.955000	20250415155339.955000	10
20250415155339.955500	20250415155349.955500	10
20250415155349.956000	20250415155359.956000	10
20250415155359.956500	20250415155409.956500	10
20250415155409.957000	20250415155419.957000	10
20250415155419.957500	20250415155429.957500	10
20250415155441.536000	20250415155451.536000	10
20250415155451.536500	20250415155501.536500	10
20250415155501.537000	20250415155511.537000	10
20250415155511.537500	20250415155521.537500	10
20250415155521.538000	20250415155531.538000	10
20250415155531.538500	20250415155541.538500	10
20250415155541.539000	20250415155551.539000	10
20250415155551.539500	20250415155601.539500	10
20250415155601.540000	20250415155611.540000	10
20250415155617.202000	20250415155627.202000	10
20250415155627.202500	20250415155637.202500	10
20250415155637.203000	20250415155647.203000	10
20250415155647.203500	20250415155657.203500	10
20250415155657.204000	20250415155707.204000	10
20250415155707.204500	20250415155717.204500	10
20250415155717.205000	20250415155727.205000	10
20250415155727.205500	20250415155737.205500	10
20250415155737.206000	20250415155747.206000	10
20250415155747.206500	20250415155757.206500	10
20250415155757.207000	20250415155807.207000	10
20250415155807.207500	20250415155817.207500	10
20250415155817.208000	20250415155827.208000	10
20250415155835.485500	20250415155845.485500	10
20250415155848.162000	20250415155858.162000	10
20250415155858.162500	20250415155908.162500	10
20250415155908.163000	20250415155918.163000	10
20250415155918.163500	20250415155928.163500	10
20250415155928.164000	20250415155938.164000	10
#
# END WINDOW LIST
#
