# HV LOG FORMAT RELEASE 1.0
#
# BEGIN COMMAND LINE ARGUMENTS
#
D:/Cloud/OneDrive - UNIVERSITAS INDONESIA/[DANU]/MyFiles/[SOFTWARE]/geopsypack-win64-3.5.2/geopsypack-win64-3.5.2/bin/geopsy.exe  $*
exit $?
#
# END COMMAND LINE ARGUMENTS
#
#
# BEGIN SOFTWARE VERSION
#
  Qt                  6.5.2
  QGpCoreTools        2.5.0 from 3.5.2
      (commit 8e7f9523665497a6e0787d4f623634cee8957aff)
  QGpCoreMath         1.5.2 from 3.5.2
      (commit 45a832cd27865662e9e0c63081f3a1d32999f668)
  GeopsyCore          4.5.1 from 3.5.2
      (commit e32288e5b456ea5f2c7ed80d7f3238414692b3e4)
  QGpGuiTools         2.5.0 from 3.5.2
      (commit dd46b2456fe37b3e090e1ab3cec07542a51228a5)
  SciFigs             3.4.1 from 3.5.2
      (commit d9059f148fd7373f6e5e08322d3d212c98efa1d7)
  QGpGuiMath          1.4.0 from 3.5.2
      (commit 01d498dc90602f5e30e43ed6a16a660c70a0d2aa)
  GeopsyGui           3.5.0 from 3.5.2
      (commit c81d772d484fd4bc83908f5c25c8681405d99aac)
  GeopsySLink         2.1.0 from 3.5.2
      (commit 25c6c74090bb522f466c221ae5436774b79e06fb)
  GeopsySLinkGui      2.0.3 from 3.5.2
      (commit a41e443c12241597cebcf02d3646eb1409d7df80)
  geopsy              3.4.0 from 3.5.2
      (commit 4653563244c5f99ae287e46a6f755687b1a08a49)
  geopsyfigs          1.0.2 from 3.5.2
      (commit c634e2e145800675c35f99c9f2016dad12dde7a9)
  campbelltob3        1.0.2 from 3.5.2
      (commit 305fa22c3976f73387543b8e4880152ff57d33fb)
  DinverCore          1.4.0 from 3.5.2
      (commit 2c5867d8a3d3afc8b55dab6683c45e857f3f1206)
  QGpCoreWave         2.3.0 from 3.5.2
      (commit 5f8fb775da4b2ffe1d609b5d5eea1540b835f8af)
  QGpCompatibility    1.2.0 from 3.5.2
      (commit a43f1ead0e7e26355ad8661e59feda87db583379)
  DinverDCCore        2.3.0 from 3.5.2
      (commit dd36cd8af8c63c8dba6be1f3ab842ea7535433f4)
  QGpCoreStat         1.3.0 from 3.5.2
      (commit e9187dc7eb30087d0c28114d969e7cc341f348c4)
  ArrayCore           4.2.1 from 3.5.2
      (commit bced9454c16a9fc3eb0bc5b744a49991f6dca7a2)
  QGpGuiWave          1.3.0 from 3.5.2
      (commit 22916617b90f55989ffb59cd21312bc7ba38bcd3)
  ArrayGui            1.4.0 from 3.5.2
      (commit c735d1d26af99196b6becdadd34801e81bc42409)
  geopsyarray         3.3.1 from 3.5.2
      (commit a38e660189576dccf9cd1154f04faf3bdcfa55d5)
  geopsydamping       2.1.4 from 3.5.2
      (commit 78e000f8ef6e721e79a5375710ae8982828e16c8)
  HVCore              1.2.0 from 3.5.2
      (commit 4ca5ee46175a87a9a7fa60bd11d602b9920c875e)
  HVGui               1.2.0 from 3.5.2
      (commit b4d37a83716e9c7b740abc0c6a7d1561074ce986)
  geopsyhv            4.0.4 from 3.5.2
      (commit ec71ec24ab953dfd059e1b5c68d114259a208c4a)
  geopsynr            1.1.2 from 3.5.2
      (commit 2aa2630f17e95f770bd7dc9968b6b885e8aa2d41)
  geopsyptmotion      2.0.4 from 3.5.2
      (commit f9889e458845b182f26c61b6a256e8a1478de26b)
  geopsyrefra         2.0.3 from 3.5.2
      (commit 5a89d12d1a08b0efa50415814c3b456903b542e4)
  geopsytfa           2.1.2 from 3.5.2
      (commit 1ba23d15f70cd66f3fe1851cc1a992e9d542ab3c)
  hvtfa               2.1.4 from 3.5.2
      (commit ca8f1b1cc8da451d92a4c95eb80e75162b6b1d1c)
  matfiles            1.0.4 from 3.5.2
      (commit 53d1ee979a42e4409603f4f4c1a4a42cc1a9e162)
  phaseit             1.0.3 from 3.5.2
      (commit 79a2e81ead59b0de0d7a659fdabfb9541dda77a2)
#
# END SOFTWARE VERSION
#
#
# BEGIN SIGNAL LIST
#
[COMP 0]
 [SIG 0] D:/Kulon Progo 2025/Seismik Pasif/processing/1_merge mseed/Merged data/E3B_merge3comps.mseed at index 2
[COMP 1]
 [SIG 0] D:/Kulon Progo 2025/Seismik Pasif/processing/1_merge mseed/Merged data/E3B_merge3comps.mseed at index 1
[COMP 2]
 [SIG 0] D:/Kulon Progo 2025/Seismik Pasif/processing/1_merge mseed/Merged data/E3B_merge3comps.mseed at index 0
#
# END SIGNAL LIST
#
#
# BEGIN PARAMETERS
#
# Version 0: all files generated with releases before 20170901 (default for input)
PARAMETERS_VERSION=1
# TYPEs:
#   - Signal: from the start or to the end of signal (TEXT are useless)
#   - Delta: a fixed duration counted from the start or the end (e.g. TEXT=1h).
#   - Pick: from or to a time pick (TEXT=time pick name).
#   - Absolute: from or to a fixed time (e.g. TEXT=20170314115338.00)
FROM_TIME_TYPE=Signal
FROM_TIME_TEXT=0s
# TYPEs: Signal, Delta, Absolute
TO_TIME_TYPE=Signal
TO_TIME_TEXT=0s
REFERENCE=
COMMON_TIME_WINDOWS=false
# TYPEs: Exactly, AtLeast, FrequencyDependent
WINDOW_LENGTH_TYPE=Exactly
WINDOW_MIN_LENGTH(s)=10
WINDOW_MAX_LENGTH(s)=10
WINDOW_MAX_COUNT=0
# Length of time windows are adjusted to avoid a prime number of samples which
# slows down the FFT computation. Usually a maximum prime of 11 in the prime factorization
# of the number of samples is a good compromise between the speed and the lenght inaccuracy
# Leave as zero to allow any prime number factorization.
WINDOW_MAXIMUM_PRIME_FACTOR=11
BAD_SAMPLE_TOLERANCE (s)=0
BAD_SAMPLE_GAP (s)=0
WINDOW_OVERLAP (%)=0
# TYPEs: NoSampleThreshold, RelativeSampleThreshold, AbsoluteSampleThreshold
BAD_SAMPLE_THRESHOLD_TYPE=NoSampleThreshold
ANTI-TRIGGERING_ON_RAW_SIGNAL (y/n)=y
USED_RAW_COMPONENTS=y, y, y
RAW_STA (s)=1
RAW_LTA (s)=30
RAW_MIN_SLTA=0.2
RAW_MAX_SLTA=2
ANTI-TRIGGERING_ON_FILTERED_SIGNAL (y/n)=n
# Start a time window for each seismic event available inside the time range.
SEISMIC_EVENT_TRIGGER (y/n)=n
SEISMIC_EVENT_DELAY (s)=-0.1
WINDOW_TYPE=Cosine
WINDOW_REVERSED=n
SMOOTHING_METHOD=Function
SMOOTHING_WIDTH_TYPE=Proportional
SMOOTHING_WIDTH=0.9
# Describes the way values are summed: on a linear, log or inverse scale
SMOOTHING_SCALE_TYPE=Linear
SMOOTHING_WINDOW_TYPE=Cosine
SMOOTHING_WINDOW_REVERSED=n
MINIMUM_FREQUENCY=0.1
MAXIMUM_FREQUENCY=20
# Either 'Linear', 'Log' or 'Inverse'
SCALE_TYPE_FREQUENCY=Log
# Number of samples is either set to a fixed value ('Count') or through a step between samples ('Step')'
STEP_TYPE_FREQUENCY=Step
SAMPLES_NUMBER_FREQUENCY=215
# STEP=difference between two successive samples for 'linear' scales
# STEP=ratio between two successive samples for 'log' scales
# STEP=difference between two successive inverse samples for 'inverse' scales
STEP_FREQUENCY=1.025
# Required when using short time windows when the number of frequency samples
# is higher than the number of points in the spectra.
OVER_SAMPLING_FACTOR=1
HIGH_PASS_FREQUENCY=0
# Possible values for HORIZONTAL_COMPONENTS: Squared, Energy, Azimuth, Geometric
HORIZONTAL_COMPONENTS=Squared
# HORIZONTAL_AZIMUTH is used only when HORIZONTAL_COMPONENTS==Azimuth
HORIZONTAL_AZIMUTH=0
# Used only for rotated output
ROTATION_STEP=10
# Frequency domain window rejection (Cox et al. (2020, GJI)
FREQUENCY_WINDOW_REJECTION_MINIMUM_FREQUENCY=0.1
FREQUENCY_WINDOW_REJECTION_MAXIMUM_FREQUENCY=50
FREQUENCY_WINDOW_REJECTION_STDDEV_FACTOR=2
FREQUENCY_WINDOW_REJECTION_MAXIMUM_ITERATIONS=50
#
# END PARAMETERS
#
#
# BEGIN WINDOWING LOG
#
Automatic windowing
#
# END WINDOWING LOG
#
#
# BEGIN WINDOW LIST
#
# Number= 300
# Start time 	 End Time 	 Window length
20250415112447.845000	20250415112457.845000	10
20250415112554.731500	20250415112604.731500	10
20250415112625.946500	20250415112635.946500	10
20250415112644.658000	20250415112654.658000	10
20250415112654.658500	20250415112704.658500	10
20250415112727.947500	20250415112737.947500	10
20250415112822.285500	20250415112832.285500	10
20250415112843.348500	20250415112853.348500	10
20250415112933.974000	20250415112943.974000	10
20250415112943.974500	20250415112953.974500	10
20250415113155.773000	20250415113205.773000	10
20250415113239.892000	20250415113249.892000	10
20250415113249.892500	20250415113259.892500	10
20250415113303.304000	20250415113313.304000	10
20250415113453.038500	20250415113503.038500	10
20250415113515.881000	20250415113525.881000	10
20250415113541.960500	20250415113551.960500	10
20250415113632.939500	20250415113642.939500	10
20250415113823.558500	20250415113833.558500	10
20250415113844.165500	20250415113854.165500	10
20250415113854.166000	20250415113904.166000	10
20250415113904.166500	20250415113914.166500	10
20250415113921.478000	20250415113931.478000	10
20250415113931.478500	20250415113941.478500	10
20250415113941.479000	20250415113951.479000	10
20250415113954.093500	20250415114004.093500	10
20250415114017.109500	20250415114027.109500	10
20250415114059.798000	20250415114109.798000	10
20250415114109.798500	20250415114119.798500	10
20250415114119.799000	20250415114129.799000	10
20250415114138.980000	20250415114148.980000	10
20250415114148.980500	20250415114158.980500	10
20250415114158.981000	20250415114208.981000	10
20250415114208.981500	20250415114218.981500	10
20250415114218.982000	20250415114228.982000	10
20250415114232.459000	20250415114242.459000	10
20250415114303.134000	20250415114313.134000	10
20250415114322.739000	20250415114332.739000	10
20250415114332.739500	20250415114342.739500	10
20250415114349.017500	20250415114359.017500	10
20250415114359.018000	20250415114409.018000	10
20250415114409.018500	20250415114419.018500	10
20250415114419.019000	20250415114429.019000	10
20250415114441.381000	20250415114451.381000	10
20250415114451.381500	20250415114501.381500	10
20250415114501.382000	20250415114511.382000	10
20250415114511.382500	20250415114521.382500	10
20250415114521.383000	20250415114531.383000	10
20250415114531.383500	20250415114541.383500	10
20250415114606.964500	20250415114616.964500	10
20250415114621.258000	20250415114631.258000	10
20250415114648.047000	20250415114658.047000	10
20250415114734.031500	20250415114744.031500	10
20250415114758.993500	20250415114808.993500	10
20250415114824.078500	20250415114834.078500	10
20250415114834.079000	20250415114844.079000	10
20250415114844.079500	20250415114854.079500	10
20250415114854.080000	20250415114904.080000	10
20250415114904.080500	20250415114914.080500	10
20250415114932.510000	20250415114942.510000	10
20250415114942.510500	20250415114952.510500	10
20250415114952.511000	20250415115002.511000	10
20250415115012.638500	20250415115022.638500	10
20250415115032.120000	20250415115042.120000	10
20250415115042.120500	20250415115052.120500	10
20250415115113.383000	20250415115123.383000	10
20250415115123.383500	20250415115133.383500	10
20250415115151.130000	20250415115201.130000	10
20250415115201.130500	20250415115211.130500	10
20250415115211.131000	20250415115221.131000	10
20250415115221.131500	20250415115231.131500	10
20250415115246.615500	20250415115256.615500	10
20250415115313.635500	20250415115323.635500	10
20250415115326.616000	20250415115336.616000	10
20250415115336.616500	20250415115346.616500	10
20250415115421.605500	20250415115431.605500	10
20250415115431.606000	20250415115441.606000	10
20250415115441.606500	20250415115451.606500	10
20250415115504.554500	20250415115514.554500	10
20250415115531.989500	20250415115541.989500	10
20250415115541.990000	20250415115551.990000	10
20250415115639.001000	20250415115649.001000	10
20250415115649.001500	20250415115659.001500	10
20250415115722.479500	20250415115732.479500	10
20250415115806.936000	20250415115816.936000	10
20250415115818.409000	20250415115828.409000	10
20250415115926.085500	20250415115936.085500	10
20250415115936.776500	20250415115946.776500	10
20250415115946.777000	20250415115956.777000	10
20250415115956.777500	20250415120006.777500	10
20250415120010.088500	20250415120020.088500	10
20250415120020.089000	20250415120030.089000	10
20250415120035.942000	20250415120045.942000	10
20250415120252.122000	20250415120302.122000	10
20250415120329.944500	20250415120339.944500	10
20250415120442.468500	20250415120452.468500	10
20250415120503.508000	20250415120513.508000	10
20250415120513.508500	20250415120523.508500	10
20250415120523.509000	20250415120533.509000	10
20250415120549.436500	20250415120559.436500	10
20250415120623.288500	20250415120633.288500	10
20250415120633.289000	20250415120643.289000	10
20250415120643.289500	20250415120653.289500	10
20250415120718.315500	20250415120728.315500	10
20250415120729.708000	20250415120739.708000	10
20250415120827.390500	20250415120837.390500	10
20250415120837.391000	20250415120847.391000	10
20250415120857.007500	20250415120907.007500	10
20250415120907.008000	20250415120917.008000	10
20250415120917.008500	20250415120927.008500	10
20250415120940.433500	20250415120950.433500	10
20250415120950.434000	20250415121000.434000	10
20250415121013.467000	20250415121023.467000	10
20250415121043.280500	20250415121053.280500	10
20250415121114.158000	20250415121124.158000	10
20250415121124.158500	20250415121134.158500	10
20250415121141.222000	20250415121151.222000	10
20250415121151.222500	20250415121201.222500	10
20250415121213.847500	20250415121223.847500	10
20250415121229.181500	20250415121239.181500	10
20250415121246.812500	20250415121256.812500	10
20250415121319.596000	20250415121329.596000	10
20250415121329.596500	20250415121339.596500	10
20250415121357.345000	20250415121407.345000	10
20250415121407.345500	20250415121417.345500	10
20250415121422.497000	20250415121432.497000	10
20250415121440.075500	20250415121450.075500	10
20250415121545.976000	20250415121555.976000	10
20250415121640.305000	20250415121650.305000	10
20250415121651.209000	20250415121701.209000	10
20250415121712.074000	20250415121722.074000	10
20250415121801.724000	20250415121811.724000	10
20250415121823.785500	20250415121833.785500	10
20250415121833.786000	20250415121843.786000	10
20250415121853.377000	20250415121903.377000	10
20250415121912.869000	20250415121922.869000	10
20250415121932.162500	20250415121942.162500	10
20250415121958.094000	20250415122008.094000	10
20250415122013.357500	20250415122023.357500	10
20250415122023.358000	20250415122033.358000	10
20250415122033.358500	20250415122043.358500	10
20250415122056.385000	20250415122106.385000	10
20250415122106.385500	20250415122116.385500	10
20250415122148.719500	20250415122158.719500	10
20250415122210.681500	20250415122220.681500	10
20250415122236.034000	20250415122246.034000	10
20250415122346.148000	20250415122356.148000	10
20250415122417.291500	20250415122427.291500	10
20250415122448.874500	20250415122458.874500	10
20250415122458.875000	20250415122508.875000	10
20250415122508.875500	20250415122518.875500	10
20250415122518.876000	20250415122528.876000	10
20250415122535.213000	20250415122545.213000	10
20250415122545.213500	20250415122555.213500	10
20250415122602.340000	20250415122612.340000	10
20250415122627.420000	20250415122637.420000	10
20250415122650.735000	20250415122700.735000	10
20250415122700.735500	20250415122710.735500	10
20250415122719.094000	20250415122729.094000	10
20250415122729.094500	20250415122739.094500	10
20250415122739.095000	20250415122749.095000	10
20250415122753.845000	20250415122803.845000	10
20250415122810.983000	20250415122820.983000	10
20250415122826.536500	20250415122836.536500	10
20250415122842.262000	20250415122852.262000	10
20250415122902.227000	20250415122912.227000	10
20250415122912.227500	20250415122922.227500	10
20250415122922.228000	20250415122932.228000	10
20250415122935.547000	20250415122945.547000	10
20250415122945.547500	20250415122955.547500	10
20250415123023.791500	20250415123033.791500	10
20250415123038.819000	20250415123048.819000	10
20250415123048.819500	20250415123058.819500	10
20250415123058.820000	20250415123108.820000	10
20250415123120.490500	20250415123130.490500	10
20250415123143.311500	20250415123153.311500	10
20250415123153.312000	20250415123203.312000	10
20250415123203.312500	20250415123213.312500	10
20250415123235.700000	20250415123245.700000	10
20250415123245.700500	20250415123255.700500	10
20250415123310.010500	20250415123320.010500	10
20250415123320.011000	20250415123330.011000	10
20250415123331.592000	20250415123341.592000	10
20250415123401.105500	20250415123411.105500	10
20250415123411.106000	20250415123421.106000	10
20250415123428.054500	20250415123438.054500	10
20250415123438.055000	20250415123448.055000	10
20250415123448.055500	20250415123458.055500	10
20250415123512.312000	20250415123522.312000	10
20250415123522.312500	20250415123532.312500	10
20250415123542.430000	20250415123552.430000	10
20250415123555.787000	20250415123605.787000	10
20250415123605.787500	20250415123615.787500	10
20250415123615.788000	20250415123625.788000	10
20250415123625.788500	20250415123635.788500	10
20250415123635.789000	20250415123645.789000	10
20250415123653.795500	20250415123703.795500	10
20250415123703.796000	20250415123713.796000	10
20250415123724.088500	20250415123734.088500	10
20250415123734.089000	20250415123744.089000	10
20250415123744.089500	20250415123754.089500	10
20250415123755.189000	20250415123805.189000	10
20250415123808.601500	20250415123818.601500	10
20250415123818.602000	20250415123828.602000	10
20250415123828.602500	20250415123838.602500	10
20250415123846.980000	20250415123856.980000	10
20250415123856.980500	20250415123906.980500	10
20250415123906.981000	20250415123916.981000	10
20250415123931.808500	20250415123941.808500	10
20250415123941.809000	20250415123951.809000	10
20250415123951.809500	20250415124001.809500	10
20250415124001.810000	20250415124011.810000	10
20250415124011.810500	20250415124021.810500	10
20250415124024.969000	20250415124034.969000	10
20250415124034.969500	20250415124044.969500	10
20250415124046.023000	20250415124056.023000	10
20250415124056.023500	20250415124106.023500	10
20250415124115.081000	20250415124125.081000	10
20250415124135.262500	20250415124145.262500	10
20250415124145.263000	20250415124155.263000	10
20250415124206.000500	20250415124216.000500	10
20250415124216.001000	20250415124226.001000	10
20250415124226.001500	20250415124236.001500	10
20250415124241.051500	20250415124251.051500	10
20250415124251.052000	20250415124301.052000	10
20250415124301.052500	20250415124311.052500	10
20250415124321.588500	20250415124331.588500	10
20250415124352.033000	20250415124402.033000	10
20250415124402.033500	20250415124412.033500	10
20250415124419.807000	20250415124429.807000	10
20250415124429.807500	20250415124439.807500	10
20250415124443.010500	20250415124453.010500	10
20250415124453.011000	20250415124503.011000	10
20250415124503.011500	20250415124513.011500	10
20250415124513.012000	20250415124523.012000	10
20250415124523.012500	20250415124533.012500	10
20250415124533.013000	20250415124543.013000	10
20250415124543.862500	20250415124553.862500	10
20250415124553.863000	20250415124603.863000	10
20250415124616.952500	20250415124626.952500	10
20250415124632.812500	20250415124642.812500	10
20250415124652.865500	20250415124702.865500	10
20250415124702.866000	20250415124712.866000	10
20250415124712.866500	20250415124722.866500	10
20250415124722.867000	20250415124732.867000	10
20250415124742.494500	20250415124752.494500	10
20250415124752.495000	20250415124802.495000	10
20250415124823.878000	20250415124833.878000	10
20250415124833.878500	20250415124843.878500	10
20250415124843.879000	20250415124853.879000	10
20250415124853.879500	20250415124903.879500	10
20250415124903.880000	20250415124913.880000	10
20250415124913.880500	20250415124923.880500	10
20250415124923.881000	20250415124933.881000	10
20250415124933.881500	20250415124943.881500	10
20250415124943.882000	20250415124953.882000	10
20250415124956.190500	20250415125006.190500	10
20250415125029.434000	20250415125039.434000	10
20250415125045.382000	20250415125055.382000	10
20250415125055.382500	20250415125105.382500	10
20250415125114.264500	20250415125124.264500	10
20250415125124.265000	20250415125134.265000	10
20250415125134.265500	20250415125144.265500	10
20250415125144.266000	20250415125154.266000	10
20250415125154.266500	20250415125204.266500	10
20250415125204.267000	20250415125214.267000	10
20250415125214.267500	20250415125224.267500	10
20250415125224.268000	20250415125234.268000	10
20250415125322.900500	20250415125332.900500	10
20250415125332.901000	20250415125342.901000	10
20250415125354.426500	20250415125404.426500	10
20250415125404.427000	20250415125414.427000	10
20250415125414.427500	20250415125424.427500	10
20250415125424.428000	20250415125434.428000	10
20250415125434.428500	20250415125444.428500	10
20250415125444.429000	20250415125454.429000	10
20250415125526.944500	20250415125536.944500	10
20250415125536.945000	20250415125546.945000	10
20250415125604.152500	20250415125614.152500	10
20250415125614.153000	20250415125624.153000	10
20250415125624.153500	20250415125634.153500	10
20250415125634.154000	20250415125644.154000	10
20250415125646.052000	20250415125656.052000	10
20250415125706.100000	20250415125716.100000	10
20250415125716.100500	20250415125726.100500	10
20250415125734.692000	20250415125744.692000	10
20250415125744.692500	20250415125754.692500	10
20250415125754.693000	20250415125804.693000	10
20250415125804.693500	20250415125814.693500	10
20250415125814.694000	20250415125824.694000	10
20250415125824.694500	20250415125834.694500	10
20250415125840.171000	20250415125850.171000	10
20250415125850.171500	20250415125900.171500	10
20250415125902.443000	20250415125912.443000	10
20250415125912.443500	20250415125922.443500	10
20250415125922.444000	20250415125932.444000	10
20250415125937.719000	20250415125947.719000	10
20250415125947.719500	20250415125957.719500	10
20250415125957.720000	20250415130007.720000	10
20250415130007.720500	20250415130017.720500	10
#
# END WINDOW LIST
#
