# HV LOG FORMAT RELEASE 1.0
#
# BEGIN COMMAND LINE ARGUMENTS
#
D:/Cloud/OneDrive - UNIVERSITAS INDONESIA/[DANU]/MyFiles/[SOFTWARE]/geopsypack-win64-3.5.2/geopsypack-win64-3.5.2/bin/geopsy.exe  $*
exit $?
#
# END COMMAND LINE ARGUMENTS
#
#
# BEGIN SOFTWARE VERSION
#
  Qt                  6.5.2
  QGpCoreTools        2.5.0 from 3.5.2
      (commit 8e7f9523665497a6e0787d4f623634cee8957aff)
  QGpCoreMath         1.5.2 from 3.5.2
      (commit 45a832cd27865662e9e0c63081f3a1d32999f668)
  GeopsyCore          4.5.1 from 3.5.2
      (commit e32288e5b456ea5f2c7ed80d7f3238414692b3e4)
  QGpGuiTools         2.5.0 from 3.5.2
      (commit dd46b2456fe37b3e090e1ab3cec07542a51228a5)
  SciFigs             3.4.1 from 3.5.2
      (commit d9059f148fd7373f6e5e08322d3d212c98efa1d7)
  QGpGuiMath          1.4.0 from 3.5.2
      (commit 01d498dc90602f5e30e43ed6a16a660c70a0d2aa)
  GeopsyGui           3.5.0 from 3.5.2
      (commit c81d772d484fd4bc83908f5c25c8681405d99aac)
  GeopsySLink         2.1.0 from 3.5.2
      (commit 25c6c74090bb522f466c221ae5436774b79e06fb)
  GeopsySLinkGui      2.0.3 from 3.5.2
      (commit a41e443c12241597cebcf02d3646eb1409d7df80)
  geopsy              3.4.0 from 3.5.2
      (commit 4653563244c5f99ae287e46a6f755687b1a08a49)
  geopsyfigs          1.0.2 from 3.5.2
      (commit c634e2e145800675c35f99c9f2016dad12dde7a9)
  campbelltob3        1.0.2 from 3.5.2
      (commit 305fa22c3976f73387543b8e4880152ff57d33fb)
  DinverCore          1.4.0 from 3.5.2
      (commit 2c5867d8a3d3afc8b55dab6683c45e857f3f1206)
  QGpCoreWave         2.3.0 from 3.5.2
      (commit 5f8fb775da4b2ffe1d609b5d5eea1540b835f8af)
  QGpCompatibility    1.2.0 from 3.5.2
      (commit a43f1ead0e7e26355ad8661e59feda87db583379)
  DinverDCCore        2.3.0 from 3.5.2
      (commit dd36cd8af8c63c8dba6be1f3ab842ea7535433f4)
  QGpCoreStat         1.3.0 from 3.5.2
      (commit e9187dc7eb30087d0c28114d969e7cc341f348c4)
  ArrayCore           4.2.1 from 3.5.2
      (commit bced9454c16a9fc3eb0bc5b744a49991f6dca7a2)
  QGpGuiWave          1.3.0 from 3.5.2
      (commit 22916617b90f55989ffb59cd21312bc7ba38bcd3)
  ArrayGui            1.4.0 from 3.5.2
      (commit c735d1d26af99196b6becdadd34801e81bc42409)
  geopsyarray         3.3.1 from 3.5.2
      (commit a38e660189576dccf9cd1154f04faf3bdcfa55d5)
  geopsydamping       2.1.4 from 3.5.2
      (commit 78e000f8ef6e721e79a5375710ae8982828e16c8)
  HVCore              1.2.0 from 3.5.2
      (commit 4ca5ee46175a87a9a7fa60bd11d602b9920c875e)
  HVGui               1.2.0 from 3.5.2
      (commit b4d37a83716e9c7b740abc0c6a7d1561074ce986)
  geopsyhv            4.0.4 from 3.5.2
      (commit ec71ec24ab953dfd059e1b5c68d114259a208c4a)
  geopsynr            1.1.2 from 3.5.2
      (commit 2aa2630f17e95f770bd7dc9968b6b885e8aa2d41)
  geopsyptmotion      2.0.4 from 3.5.2
      (commit f9889e458845b182f26c61b6a256e8a1478de26b)
  geopsyrefra         2.0.3 from 3.5.2
      (commit 5a89d12d1a08b0efa50415814c3b456903b542e4)
  geopsytfa           2.1.2 from 3.5.2
      (commit 1ba23d15f70cd66f3fe1851cc1a992e9d542ab3c)
  hvtfa               2.1.4 from 3.5.2
      (commit ca8f1b1cc8da451d92a4c95eb80e75162b6b1d1c)
  matfiles            1.0.4 from 3.5.2
      (commit 53d1ee979a42e4409603f4f4c1a4a42cc1a9e162)
  phaseit             1.0.3 from 3.5.2
      (commit 79a2e81ead59b0de0d7a659fdabfb9541dda77a2)
#
# END SOFTWARE VERSION
#
#
# BEGIN SIGNAL LIST
#
[COMP 0]
 [SIG 0] D:/Kulon Progo 2025/Seismik Pasif/processing/1_merge mseed/Merged data/F1_merge3comps.mseed at index 2
[COMP 1]
 [SIG 0] D:/Kulon Progo 2025/Seismik Pasif/processing/1_merge mseed/Merged data/F1_merge3comps.mseed at index 1
[COMP 2]
 [SIG 0] D:/Kulon Progo 2025/Seismik Pasif/processing/1_merge mseed/Merged data/F1_merge3comps.mseed at index 0
#
# END SIGNAL LIST
#
#
# BEGIN PARAMETERS
#
# Version 0: all files generated with releases before 20170901 (default for input)
PARAMETERS_VERSION=1
# TYPEs:
#   - Signal: from the start or to the end of signal (TEXT are useless)
#   - Delta: a fixed duration counted from the start or the end (e.g. TEXT=1h).
#   - Pick: from or to a time pick (TEXT=time pick name).
#   - Absolute: from or to a fixed time (e.g. TEXT=20170314115338.00)
FROM_TIME_TYPE=Signal
FROM_TIME_TEXT=0s
# TYPEs: Signal, Delta, Absolute
TO_TIME_TYPE=Signal
TO_TIME_TEXT=0s
REFERENCE=
COMMON_TIME_WINDOWS=false
# TYPEs: Exactly, AtLeast, FrequencyDependent
WINDOW_LENGTH_TYPE=Exactly
WINDOW_MIN_LENGTH(s)=10
WINDOW_MAX_LENGTH(s)=10
WINDOW_MAX_COUNT=0
# Length of time windows are adjusted to avoid a prime number of samples which
# slows down the FFT computation. Usually a maximum prime of 11 in the prime factorization
# of the number of samples is a good compromise between the speed and the lenght inaccuracy
# Leave as zero to allow any prime number factorization.
WINDOW_MAXIMUM_PRIME_FACTOR=11
BAD_SAMPLE_TOLERANCE (s)=0
BAD_SAMPLE_GAP (s)=0
WINDOW_OVERLAP (%)=0
# TYPEs: NoSampleThreshold, RelativeSampleThreshold, AbsoluteSampleThreshold
BAD_SAMPLE_THRESHOLD_TYPE=NoSampleThreshold
ANTI-TRIGGERING_ON_RAW_SIGNAL (y/n)=y
USED_RAW_COMPONENTS=y, y, y
RAW_STA (s)=1
RAW_LTA (s)=30
RAW_MIN_SLTA=0.2
RAW_MAX_SLTA=2
ANTI-TRIGGERING_ON_FILTERED_SIGNAL (y/n)=n
# Start a time window for each seismic event available inside the time range.
SEISMIC_EVENT_TRIGGER (y/n)=n
SEISMIC_EVENT_DELAY (s)=-0.1
WINDOW_TYPE=Cosine
WINDOW_REVERSED=n
SMOOTHING_METHOD=Function
SMOOTHING_WIDTH_TYPE=Proportional
SMOOTHING_WIDTH=0.9
# Describes the way values are summed: on a linear, log or inverse scale
SMOOTHING_SCALE_TYPE=Linear
SMOOTHING_WINDOW_TYPE=Cosine
SMOOTHING_WINDOW_REVERSED=n
MINIMUM_FREQUENCY=0.1
MAXIMUM_FREQUENCY=20
# Either 'Linear', 'Log' or 'Inverse'
SCALE_TYPE_FREQUENCY=Log
# Number of samples is either set to a fixed value ('Count') or through a step between samples ('Step')'
STEP_TYPE_FREQUENCY=Step
SAMPLES_NUMBER_FREQUENCY=215
# STEP=difference between two successive samples for 'linear' scales
# STEP=ratio between two successive samples for 'log' scales
# STEP=difference between two successive inverse samples for 'inverse' scales
STEP_FREQUENCY=1.025
# Required when using short time windows when the number of frequency samples
# is higher than the number of points in the spectra.
OVER_SAMPLING_FACTOR=1
HIGH_PASS_FREQUENCY=0
# Possible values for HORIZONTAL_COMPONENTS: Squared, Energy, Azimuth, Geometric
HORIZONTAL_COMPONENTS=Squared
# HORIZONTAL_AZIMUTH is used only when HORIZONTAL_COMPONENTS==Azimuth
HORIZONTAL_AZIMUTH=0
# Used only for rotated output
ROTATION_STEP=10
# Frequency domain window rejection (Cox et al. (2020, GJI)
FREQUENCY_WINDOW_REJECTION_MINIMUM_FREQUENCY=0.1
FREQUENCY_WINDOW_REJECTION_MAXIMUM_FREQUENCY=50
FREQUENCY_WINDOW_REJECTION_STDDEV_FACTOR=2
FREQUENCY_WINDOW_REJECTION_MAXIMUM_ITERATIONS=50
#
# END PARAMETERS
#
#
# BEGIN WINDOWING LOG
#
Automatic windowing
#
# END WINDOWING LOG
#
#
# BEGIN WINDOW LIST
#
# Number= 644
# Start time 	 End Time 	 Window length
20250415081221.227500	20250415081231.227500	10
20250415081231.228000	20250415081241.228000	10
20250415081241.228500	20250415081251.228500	10
20250415081319.463500	20250415081329.463500	10
20250415081341.129000	20250415081351.129000	10
20250415081351.129500	20250415081401.129500	10
20250415081424.959000	20250415081434.959000	10
20250415081434.959500	20250415081444.959500	10
20250415081446.032500	20250415081456.032500	10
20250415081456.033000	20250415081506.033000	10
20250415081518.661000	20250415081528.661000	10
20250415081532.282500	20250415081542.282500	10
20250415081542.283000	20250415081552.283000	10
20250415081552.283500	20250415081602.283500	10
20250415081602.284000	20250415081612.284000	10
20250415081612.284500	20250415081622.284500	10
20250415081622.285000	20250415081632.285000	10
20250415081632.285500	20250415081642.285500	10
20250415081642.286000	20250415081652.286000	10
20250415081652.286500	20250415081702.286500	10
20250415081702.692000	20250415081712.692000	10
20250415081712.692500	20250415081722.692500	10
20250415081722.693000	20250415081732.693000	10
20250415081732.693500	20250415081742.693500	10
20250415081742.694000	20250415081752.694000	10
20250415081755.867000	20250415081805.867000	10
20250415081814.179000	20250415081824.179000	10
20250415081824.179500	20250415081834.179500	10
20250415081834.180000	20250415081844.180000	10
20250415081844.180500	20250415081854.180500	10
20250415081854.181000	20250415081904.181000	10
20250415081911.219500	20250415081921.219500	10
20250415081921.220000	20250415081931.220000	10
20250415081931.220500	20250415081941.220500	10
20250415081941.221000	20250415081951.221000	10
20250415081951.221500	20250415082001.221500	10
20250415082012.432500	20250415082022.432500	10
20250415082022.433000	20250415082032.433000	10
20250415082032.433500	20250415082042.433500	10
20250415082042.434000	20250415082052.434000	10
20250415082057.086500	20250415082107.086500	10
20250415082107.087000	20250415082117.087000	10
20250415082117.087500	20250415082127.087500	10
20250415082127.088000	20250415082137.088000	10
20250415082150.061500	20250415082200.061500	10
20250415082209.992000	20250415082219.992000	10
20250415082219.992500	20250415082229.992500	10
20250415082229.993000	20250415082239.993000	10
20250415082239.993500	20250415082249.993500	10
20250415082249.994000	20250415082259.994000	10
20250415082259.994500	20250415082309.994500	10
20250415082309.995000	20250415082319.995000	10
20250415082319.995500	20250415082329.995500	10
20250415082329.996000	20250415082339.996000	10
20250415082339.996500	20250415082349.996500	10
20250415082349.997000	20250415082359.997000	10
20250415082359.997500	20250415082409.997500	10
20250415082409.998000	20250415082419.998000	10
20250415082419.998500	20250415082429.998500	10
20250415082436.392500	20250415082446.392500	10
20250415082446.393000	20250415082456.393000	10
20250415082456.393500	20250415082506.393500	10
20250415082506.394000	20250415082516.394000	10
20250415082516.394500	20250415082526.394500	10
20250415082526.395000	20250415082536.395000	10
20250415082536.395500	20250415082546.395500	10
20250415082546.396000	20250415082556.396000	10
20250415082556.396500	20250415082606.396500	10
20250415082618.923000	20250415082628.923000	10
20250415082628.923500	20250415082638.923500	10
20250415082638.924000	20250415082648.924000	10
20250415082656.916000	20250415082706.916000	10
20250415082706.916500	20250415082716.916500	10
20250415082716.917000	20250415082726.917000	10
20250415082726.917500	20250415082736.917500	10
20250415082736.918000	20250415082746.918000	10
20250415082746.918500	20250415082756.918500	10
20250415082756.919000	20250415082806.919000	10
20250415082806.919500	20250415082816.919500	10
20250415082816.920000	20250415082826.920000	10
20250415082826.920500	20250415082836.920500	10
20250415082836.921000	20250415082846.921000	10
20250415082846.921500	20250415082856.921500	10
20250415082858.724000	20250415082908.724000	10
20250415082913.153500	20250415082923.153500	10
20250415082931.484000	20250415082941.484000	10
20250415082947.688000	20250415082957.688000	10
20250415082957.688500	20250415083007.688500	10
20250415083007.689000	20250415083017.689000	10
20250415083017.689500	20250415083027.689500	10
20250415083027.690000	20250415083037.690000	10
20250415083039.680000	20250415083049.680000	10
20250415083049.680500	20250415083059.680500	10
20250415083059.681000	20250415083109.681000	10
20250415083109.681500	20250415083119.681500	10
20250415083119.682000	20250415083129.682000	10
20250415083134.564000	20250415083144.564000	10
20250415083144.564500	20250415083154.564500	10
20250415083154.565000	20250415083204.565000	10
20250415083204.565500	20250415083214.565500	10
20250415083214.566000	20250415083224.566000	10
20250415083224.965000	20250415083234.965000	10
20250415083234.965500	20250415083244.965500	10
20250415083244.966000	20250415083254.966000	10
20250415083254.966500	20250415083304.966500	10
20250415083304.967000	20250415083314.967000	10
20250415083314.967500	20250415083324.967500	10
20250415083324.968000	20250415083334.968000	10
20250415083334.968500	20250415083344.968500	10
20250415083344.969000	20250415083354.969000	10
20250415083354.969500	20250415083404.969500	10
20250415083404.970000	20250415083414.970000	10
20250415083422.181000	20250415083432.181000	10
20250415083438.123500	20250415083448.123500	10
20250415083448.124000	20250415083458.124000	10
20250415083458.124500	20250415083508.124500	10
20250415083508.125000	20250415083518.125000	10
20250415083518.125500	20250415083528.125500	10
20250415083528.126000	20250415083538.126000	10
20250415083538.126500	20250415083548.126500	10
20250415083548.127000	20250415083558.127000	10
20250415083558.127500	20250415083608.127500	10
20250415083615.117000	20250415083625.117000	10
20250415083625.117500	20250415083635.117500	10
20250415083635.118000	20250415083645.118000	10
20250415083645.118500	20250415083655.118500	10
20250415083655.119000	20250415083705.119000	10
20250415083705.119500	20250415083715.119500	10
20250415083715.120000	20250415083725.120000	10
20250415083731.546000	20250415083741.546000	10
20250415083749.445500	20250415083759.445500	10
20250415083759.446000	20250415083809.446000	10
20250415083809.446500	20250415083819.446500	10
20250415083819.447000	20250415083829.447000	10
20250415083833.651500	20250415083843.651500	10
20250415083843.652000	20250415083853.652000	10
20250415083853.652500	20250415083903.652500	10
20250415083903.653000	20250415083913.653000	10
20250415083913.653500	20250415083923.653500	10
20250415083930.514500	20250415083940.514500	10
20250415083940.515000	20250415083950.515000	10
20250415083950.515500	20250415084000.515500	10
20250415084000.516000	20250415084010.516000	10
20250415084010.516500	20250415084020.516500	10
20250415084020.517000	20250415084030.517000	10
20250415084030.517500	20250415084040.517500	10
20250415084048.590000	20250415084058.590000	10
20250415084058.590500	20250415084108.590500	10
20250415084108.591000	20250415084118.591000	10
20250415084118.591500	20250415084128.591500	10
20250415084128.592000	20250415084138.592000	10
20250415084138.592500	20250415084148.592500	10
20250415084148.593000	20250415084158.593000	10
20250415084158.593500	20250415084208.593500	10
20250415084208.594000	20250415084218.594000	10
20250415084218.594500	20250415084228.594500	10
20250415084228.595000	20250415084238.595000	10
20250415084238.595500	20250415084248.595500	10
20250415084248.596000	20250415084258.596000	10
20250415084258.596500	20250415084308.596500	10
20250415084316.521500	20250415084326.521500	10
20250415084326.522000	20250415084336.522000	10
20250415084336.522500	20250415084346.522500	10
20250415084346.523000	20250415084356.523000	10
20250415084356.523500	20250415084406.523500	10
20250415084406.524000	20250415084416.524000	10
20250415084416.524500	20250415084426.524500	10
20250415084426.525000	20250415084436.525000	10
20250415084446.601000	20250415084456.601000	10
20250415084456.601500	20250415084506.601500	10
20250415084506.602000	20250415084516.602000	10
20250415084516.602500	20250415084526.602500	10
20250415084526.603000	20250415084536.603000	10
20250415084536.603500	20250415084546.603500	10
20250415084546.604000	20250415084556.604000	10
20250415084556.604500	20250415084606.604500	10
20250415084606.605000	20250415084616.605000	10
20250415084616.605500	20250415084626.605500	10
20250415084626.606000	20250415084636.606000	10
20250415084636.606500	20250415084646.606500	10
20250415084700.361500	20250415084710.361500	10
20250415084710.362000	20250415084720.362000	10
20250415084720.362500	20250415084730.362500	10
20250415084730.363000	20250415084740.363000	10
20250415084740.363500	20250415084750.363500	10
20250415084800.686000	20250415084810.686000	10
20250415084810.686500	20250415084820.686500	10
20250415084820.687000	20250415084830.687000	10
20250415084830.687500	20250415084840.687500	10
20250415084840.688000	20250415084850.688000	10
20250415084858.324000	20250415084908.324000	10
20250415084908.324500	20250415084918.324500	10
20250415084918.325000	20250415084928.325000	10
20250415084928.325500	20250415084938.325500	10
20250415084938.326000	20250415084948.326000	10
20250415084948.326500	20250415084958.326500	10
20250415084958.327000	20250415085008.327000	10
20250415085008.327500	20250415085018.327500	10
20250415085018.328000	20250415085028.328000	10
20250415085036.403500	20250415085046.403500	10
20250415085046.404000	20250415085056.404000	10
20250415085056.404500	20250415085106.404500	10
20250415085106.405000	20250415085116.405000	10
20250415085116.405500	20250415085126.405500	10
20250415085126.406000	20250415085136.406000	10
20250415085136.406500	20250415085146.406500	10
20250415085146.407000	20250415085156.407000	10
20250415085156.407500	20250415085206.407500	10
20250415085206.408000	20250415085216.408000	10
20250415085216.408500	20250415085226.408500	10
20250415085226.409000	20250415085236.409000	10
20250415085236.409500	20250415085246.409500	10
20250415085246.410000	20250415085256.410000	10
20250415085256.410500	20250415085306.410500	10
20250415085306.411000	20250415085316.411000	10
20250415085316.411500	20250415085326.411500	10
20250415085326.412000	20250415085336.412000	10
20250415085336.412500	20250415085346.412500	10
20250415085350.710500	20250415085400.710500	10
20250415085403.950500	20250415085413.950500	10
20250415085413.951000	20250415085423.951000	10
20250415085426.639000	20250415085436.639000	10
20250415085436.639500	20250415085446.639500	10
20250415085446.640000	20250415085456.640000	10
20250415085456.640500	20250415085506.640500	10
20250415085506.641000	20250415085516.641000	10
20250415085516.641500	20250415085526.641500	10
20250415085526.642000	20250415085536.642000	10
20250415085536.642500	20250415085546.642500	10
20250415085546.643000	20250415085556.643000	10
20250415085556.643500	20250415085606.643500	10
20250415085606.644000	20250415085616.644000	10
20250415085616.644500	20250415085626.644500	10
20250415085626.645000	20250415085636.645000	10
20250415085636.645500	20250415085646.645500	10
20250415085646.646000	20250415085656.646000	10
20250415085656.646500	20250415085706.646500	10
20250415085706.647000	20250415085716.647000	10
20250415085716.647500	20250415085726.647500	10
20250415085726.648000	20250415085736.648000	10
20250415085738.939000	20250415085748.939000	10
20250415085748.939500	20250415085758.939500	10
20250415085758.940000	20250415085808.940000	10
20250415085808.940500	20250415085818.940500	10
20250415085818.941000	20250415085828.941000	10
20250415085828.941500	20250415085838.941500	10
20250415085838.942000	20250415085848.942000	10
20250415085850.260500	20250415085900.260500	10
20250415085904.682500	20250415085914.682500	10
20250415085914.683000	20250415085924.683000	10
20250415085924.683500	20250415085934.683500	10
20250415085934.684000	20250415085944.684000	10
20250415085944.684500	20250415085954.684500	10
20250415085954.685000	20250415090004.685000	10
20250415090004.685500	20250415090014.685500	10
20250415090014.686000	20250415090024.686000	10
20250415090024.686500	20250415090034.686500	10
20250415090034.687000	20250415090044.687000	10
20250415090049.774500	20250415090059.774500	10
20250415090059.775000	20250415090109.775000	10
20250415090109.775500	20250415090119.775500	10
20250415090119.776000	20250415090129.776000	10
20250415090129.776500	20250415090139.776500	10
20250415090139.777000	20250415090149.777000	10
20250415090149.777500	20250415090159.777500	10
20250415090159.778000	20250415090209.778000	10
20250415090209.778500	20250415090219.778500	10
20250415090219.779000	20250415090229.779000	10
20250415090235.164000	20250415090245.164000	10
20250415090245.164500	20250415090255.164500	10
20250415090255.165000	20250415090305.165000	10
20250415090305.165500	20250415090315.165500	10
20250415090315.166000	20250415090325.166000	10
20250415090325.166500	20250415090335.166500	10
20250415090338.863500	20250415090348.863500	10
20250415090354.976000	20250415090404.976000	10
20250415090404.976500	20250415090414.976500	10
20250415090414.977000	20250415090424.977000	10
20250415090424.977500	20250415090434.977500	10
20250415090434.978000	20250415090444.978000	10
20250415090446.425500	20250415090456.425500	10
20250415090456.426000	20250415090506.426000	10
20250415090506.426500	20250415090516.426500	10
20250415090520.226500	20250415090530.226500	10
20250415090530.227000	20250415090540.227000	10
20250415090540.227500	20250415090550.227500	10
20250415090550.228000	20250415090600.228000	10
20250415090600.228500	20250415090610.228500	10
20250415090610.229000	20250415090620.229000	10
20250415090620.229500	20250415090630.229500	10
20250415090630.230000	20250415090640.230000	10
20250415090640.230500	20250415090650.230500	10
20250415090650.231000	20250415090700.231000	10
20250415090704.698500	20250415090714.698500	10
20250415090714.699000	20250415090724.699000	10
20250415090724.699500	20250415090734.699500	10
20250415090734.700000	20250415090744.700000	10
20250415090744.700500	20250415090754.700500	10
20250415090814.411500	20250415090824.411500	10
20250415090824.412000	20250415090834.412000	10
20250415090834.412500	20250415090844.412500	10
20250415090844.413000	20250415090854.413000	10
20250415090903.885000	20250415090913.885000	10
20250415090913.885500	20250415090923.885500	10
20250415090923.886000	20250415090933.886000	10
20250415090933.886500	20250415090943.886500	10
20250415090943.887000	20250415090953.887000	10
20250415090953.887500	20250415091003.887500	10
20250415091003.888000	20250415091013.888000	10
20250415091013.888500	20250415091023.888500	10
20250415091023.889000	20250415091033.889000	10
20250415091039.141000	20250415091049.141000	10
20250415091049.141500	20250415091059.141500	10
20250415091059.142000	20250415091109.142000	10
20250415091109.142500	20250415091119.142500	10
20250415091119.143000	20250415091129.143000	10
20250415091129.143500	20250415091139.143500	10
20250415091145.984000	20250415091155.984000	10
20250415091155.984500	20250415091205.984500	10
20250415091214.837000	20250415091224.837000	10
20250415091235.494000	20250415091245.494000	10
20250415091245.494500	20250415091255.494500	10
20250415091255.495000	20250415091305.495000	10
20250415091305.495500	20250415091315.495500	10
20250415091315.496000	20250415091325.496000	10
20250415091325.496500	20250415091335.496500	10
20250415091335.497000	20250415091345.497000	10
20250415091345.497500	20250415091355.497500	10
20250415091355.498000	20250415091405.498000	10
20250415091405.498500	20250415091415.498500	10
20250415091420.757000	20250415091430.757000	10
20250415091430.757500	20250415091440.757500	10
20250415091440.758000	20250415091450.758000	10
20250415091450.758500	20250415091500.758500	10
20250415091500.759000	20250415091510.759000	10
20250415091510.759500	20250415091520.759500	10
20250415091520.760000	20250415091530.760000	10
20250415091530.760500	20250415091540.760500	10
20250415091543.944500	20250415091553.944500	10
20250415091553.945000	20250415091603.945000	10
20250415091609.925000	20250415091619.925000	10
20250415091619.925500	20250415091629.925500	10
20250415091629.926000	20250415091639.926000	10
20250415091639.926500	20250415091649.926500	10
20250415091649.927000	20250415091659.927000	10
20250415091659.927500	20250415091709.927500	10
20250415091709.928000	20250415091719.928000	10
20250415091719.928500	20250415091729.928500	10
20250415091729.929000	20250415091739.929000	10
20250415091739.929500	20250415091749.929500	10
20250415091755.752000	20250415091805.752000	10
20250415091805.752500	20250415091815.752500	10
20250415091815.753000	20250415091825.753000	10
20250415091835.656500	20250415091845.656500	10
20250415091845.657000	20250415091855.657000	10
20250415091855.657500	20250415091905.657500	10
20250415091905.658000	20250415091915.658000	10
20250415091923.522000	20250415091933.522000	10
20250415091933.522500	20250415091943.522500	10
20250415091943.523000	20250415091953.523000	10
20250415091953.523500	20250415092003.523500	10
20250415092012.084500	20250415092022.084500	10
20250415092022.085000	20250415092032.085000	10
20250415092032.085500	20250415092042.085500	10
20250415092042.086000	20250415092052.086000	10
20250415092052.086500	20250415092102.086500	10
20250415092102.087000	20250415092112.087000	10
20250415092112.087500	20250415092122.087500	10
20250415092122.088000	20250415092132.088000	10
20250415092149.472000	20250415092159.472000	10
20250415092159.472500	20250415092209.472500	10
20250415092232.405000	20250415092242.405000	10
20250415092242.405500	20250415092252.405500	10
20250415092252.406000	20250415092302.406000	10
20250415092302.406500	20250415092312.406500	10
20250415092317.965000	20250415092327.965000	10
20250415092327.965500	20250415092337.965500	10
20250415092337.966000	20250415092347.966000	10
20250415092347.966500	20250415092357.966500	10
20250415092357.967000	20250415092407.967000	10
20250415092407.967500	20250415092417.967500	10
20250415092417.968000	20250415092427.968000	10
20250415092427.968500	20250415092437.968500	10
20250415092437.969000	20250415092447.969000	10
20250415092447.969500	20250415092457.969500	10
20250415092457.970000	20250415092507.970000	10
20250415092507.970500	20250415092517.970500	10
20250415092517.971000	20250415092527.971000	10
20250415092527.971500	20250415092537.971500	10
20250415092546.984500	20250415092556.984500	10
20250415092556.985000	20250415092606.985000	10
20250415092606.985500	20250415092616.985500	10
20250415092616.986000	20250415092626.986000	10
20250415092626.986500	20250415092636.986500	10
20250415092636.987000	20250415092646.987000	10
20250415092646.987500	20250415092656.987500	10
20250415092707.808000	20250415092717.808000	10
20250415092717.808500	20250415092727.808500	10
20250415092736.977500	20250415092746.977500	10
20250415092754.654500	20250415092804.654500	10
20250415092804.655000	20250415092814.655000	10
20250415092814.655500	20250415092824.655500	10
20250415092824.656000	20250415092834.656000	10
20250415092834.656500	20250415092844.656500	10
20250415092844.657000	20250415092854.657000	10
20250415092854.657500	20250415092904.657500	10
20250415092904.658000	20250415092914.658000	10
20250415092914.658500	20250415092924.658500	10
20250415092924.659000	20250415092934.659000	10
20250415092934.659500	20250415092944.659500	10
20250415092944.660000	20250415092954.660000	10
20250415092954.660500	20250415093004.660500	10
20250415093004.661000	20250415093014.661000	10
20250415093014.661500	20250415093024.661500	10
20250415093024.662000	20250415093034.662000	10
20250415093034.662500	20250415093044.662500	10
20250415093044.663000	20250415093054.663000	10
20250415093054.663500	20250415093104.663500	10
20250415093104.664000	20250415093114.664000	10
20250415093114.664500	20250415093124.664500	10
20250415093136.949500	20250415093146.949500	10
20250415093146.950000	20250415093156.950000	10
20250415093156.950500	20250415093206.950500	10
20250415093215.874500	20250415093225.874500	10
20250415093225.875000	20250415093235.875000	10
20250415093235.875500	20250415093245.875500	10
20250415093245.876000	20250415093255.876000	10
20250415093255.876500	20250415093305.876500	10
20250415093305.877000	20250415093315.877000	10
20250415093323.217500	20250415093333.217500	10
20250415093348.222000	20250415093358.222000	10
20250415093358.222500	20250415093408.222500	10
20250415093415.109000	20250415093425.109000	10
20250415093425.109500	20250415093435.109500	10
20250415093435.110000	20250415093445.110000	10
20250415093445.110500	20250415093455.110500	10
20250415093455.111000	20250415093505.111000	10
20250415093505.111500	20250415093515.111500	10
20250415093515.112000	20250415093525.112000	10
20250415093525.112500	20250415093535.112500	10
20250415093535.113000	20250415093545.113000	10
20250415093545.113500	20250415093555.113500	10
20250415093555.114000	20250415093605.114000	10
20250415093616.095000	20250415093626.095000	10
20250415093626.095500	20250415093636.095500	10
20250415093636.096000	20250415093646.096000	10
20250415093646.096500	20250415093656.096500	10
20250415093656.097000	20250415093706.097000	10
20250415093712.485000	20250415093722.485000	10
20250415093722.485500	20250415093732.485500	10
20250415093732.486000	20250415093742.486000	10
20250415093742.486500	20250415093752.486500	10
20250415093752.487000	20250415093802.487000	10
20250415093802.487500	20250415093812.487500	10
20250415093812.488000	20250415093822.488000	10
20250415093830.790000	20250415093840.790000	10
20250415093840.790500	20250415093850.790500	10
20250415093850.791000	20250415093900.791000	10
20250415093900.791500	20250415093910.791500	10
20250415093917.848000	20250415093927.848000	10
20250415093927.848500	20250415093937.848500	10
20250415093937.849000	20250415093947.849000	10
20250415093947.849500	20250415093957.849500	10
20250415093957.850000	20250415094007.850000	10
20250415094016.016000	20250415094026.016000	10
20250415094026.016500	20250415094036.016500	10
20250415094036.017000	20250415094046.017000	10
20250415094046.017500	20250415094056.017500	10
20250415094056.018000	20250415094106.018000	10
20250415094106.018500	20250415094116.018500	10
20250415094116.019000	20250415094126.019000	10
20250415094126.019500	20250415094136.019500	10
20250415094136.020000	20250415094146.020000	10
20250415094152.608000	20250415094202.608000	10
20250415094202.608500	20250415094212.608500	10
20250415094212.609000	20250415094222.609000	10
20250415094222.609500	20250415094232.609500	10
20250415094232.610000	20250415094242.610000	10
20250415094242.610500	20250415094252.610500	10
20250415094252.611000	20250415094302.611000	10
20250415094302.611500	20250415094312.611500	10
20250415094326.410000	20250415094336.410000	10
20250415094336.410500	20250415094346.410500	10
20250415094346.411000	20250415094356.411000	10
20250415094356.411500	20250415094406.411500	10
20250415094406.412000	20250415094416.412000	10
20250415094416.412500	20250415094426.412500	10
20250415094426.413000	20250415094436.413000	10
20250415094446.343000	20250415094456.343000	10
20250415094456.343500	20250415094506.343500	10
20250415094506.344000	20250415094516.344000	10
20250415094525.319500	20250415094535.319500	10
20250415094535.320000	20250415094545.320000	10
20250415094554.167500	20250415094604.167500	10
20250415094604.168000	20250415094614.168000	10
20250415094614.168500	20250415094624.168500	10
20250415094624.169000	20250415094634.169000	10
20250415094635.903500	20250415094645.903500	10
20250415094645.904000	20250415094655.904000	10
20250415094655.904500	20250415094705.904500	10
20250415094705.905000	20250415094715.905000	10
20250415094724.087000	20250415094734.087000	10
20250415094757.071000	20250415094807.071000	10
20250415094807.071500	20250415094817.071500	10
20250415094817.072000	20250415094827.072000	10
20250415094827.072500	20250415094837.072500	10
20250415094837.073000	20250415094847.073000	10
20250415094847.073500	20250415094857.073500	10
20250415094901.774500	20250415094911.774500	10
20250415094911.775000	20250415094921.775000	10
20250415094921.775500	20250415094931.775500	10
20250415094939.560500	20250415094949.560500	10
20250415094949.561000	20250415094959.561000	10
20250415094959.561500	20250415095009.561500	10
20250415095009.562000	20250415095019.562000	10
20250415095019.562500	20250415095029.562500	10
20250415095037.976500	20250415095047.976500	10
20250415095047.977000	20250415095057.977000	10
20250415095057.977500	20250415095107.977500	10
20250415095111.373000	20250415095121.373000	10
20250415095121.373500	20250415095131.373500	10
20250415095131.374000	20250415095141.374000	10
20250415095141.374500	20250415095151.374500	10
20250415095151.375000	20250415095201.375000	10
20250415095201.375500	20250415095211.375500	10
20250415095214.038500	20250415095224.038500	10
20250415095230.275500	20250415095240.275500	10
20250415095240.276000	20250415095250.276000	10
20250415095254.257000	20250415095304.257000	10
20250415095306.419000	20250415095316.419000	10
20250415095316.419500	20250415095326.419500	10
20250415095333.570500	20250415095343.570500	10
20250415095343.571000	20250415095353.571000	10
20250415095359.391000	20250415095409.391000	10
20250415095409.391500	20250415095419.391500	10
20250415095419.392000	20250415095429.392000	10
20250415095448.769000	20250415095458.769000	10
20250415095458.769500	20250415095508.769500	10
20250415095508.770000	20250415095518.770000	10
20250415095518.770500	20250415095528.770500	10
20250415095528.771000	20250415095538.771000	10
20250415095538.771500	20250415095548.771500	10
20250415095548.772000	20250415095558.772000	10
20250415095558.772500	20250415095608.772500	10
20250415095608.773000	20250415095618.773000	10
20250415095629.611000	20250415095639.611000	10
20250415095639.611500	20250415095649.611500	10
20250415095654.730500	20250415095704.730500	10
20250415095704.731000	20250415095714.731000	10
20250415095714.731500	20250415095724.731500	10
20250415095731.519500	20250415095741.519500	10
20250415095741.520000	20250415095751.520000	10
20250415095751.520500	20250415095801.520500	10
20250415095801.521000	20250415095811.521000	10
20250415095812.753500	20250415095822.753500	10
20250415095841.819500	20250415095851.819500	10
20250415095854.472500	20250415095904.472500	10
20250415095904.473000	20250415095914.473000	10
20250415095914.473500	20250415095924.473500	10
20250415095924.474000	20250415095934.474000	10
20250415095934.474500	20250415095944.474500	10
20250415095944.475000	20250415095954.475000	10
20250415095954.475500	20250415100004.475500	10
20250415100004.508500	20250415100014.508500	10
20250415100014.509000	20250415100024.509000	10
20250415100024.509500	20250415100034.509500	10
20250415100034.510000	20250415100044.510000	10
20250415100044.510500	20250415100054.510500	10
20250415100113.851500	20250415100123.851500	10
20250415100123.852000	20250415100133.852000	10
20250415100142.224000	20250415100152.224000	10
20250415100152.224500	20250415100202.224500	10
20250415100202.225000	20250415100212.225000	10
20250415100212.225500	20250415100222.225500	10
20250415100239.464500	20250415100249.464500	10
20250415100250.998000	20250415100300.998000	10
20250415100300.998500	20250415100310.998500	10
20250415100310.999000	20250415100320.999000	10
20250415100320.999500	20250415100330.999500	10
20250415100331.000000	20250415100341.000000	10
20250415100342.739000	20250415100352.739000	10
20250415100411.148000	20250415100421.148000	10
20250415100421.148500	20250415100431.148500	10
20250415100431.149000	20250415100441.149000	10
20250415100441.149500	20250415100451.149500	10
20250415100451.150000	20250415100501.150000	10
20250415100501.150500	20250415100511.150500	10
20250415100511.151000	20250415100521.151000	10
20250415100521.151500	20250415100531.151500	10
20250415100531.152000	20250415100541.152000	10
20250415100541.152500	20250415100551.152500	10
20250415100551.153000	20250415100601.153000	10
20250415100601.153500	20250415100611.153500	10
20250415100611.154000	20250415100621.154000	10
20250415100621.154500	20250415100631.154500	10
20250415100631.155000	20250415100641.155000	10
20250415100641.155500	20250415100651.155500	10
20250415100651.156000	20250415100701.156000	10
20250415100701.156500	20250415100711.156500	10
20250415100711.157000	20250415100721.157000	10
20250415100721.157500	20250415100731.157500	10
20250415100731.158000	20250415100741.158000	10
20250415100741.158500	20250415100751.158500	10
20250415100751.159000	20250415100801.159000	10
20250415100801.159500	20250415100811.159500	10
20250415100811.160000	20250415100821.160000	10
20250415100821.160500	20250415100831.160500	10
20250415100831.161000	20250415100841.161000	10
20250415100851.657500	20250415100901.657500	10
20250415100901.658000	20250415100911.658000	10
20250415100911.658500	20250415100921.658500	10
20250415100921.659000	20250415100931.659000	10
20250415100931.659500	20250415100941.659500	10
20250415100941.660000	20250415100951.660000	10
20250415100951.660500	20250415101001.660500	10
20250415101001.661000	20250415101011.661000	10
20250415101011.661500	20250415101021.661500	10
20250415101021.662000	20250415101031.662000	10
20250415101031.662500	20250415101041.662500	10
20250415101041.663000	20250415101051.663000	10
20250415101051.663500	20250415101101.663500	10
20250415101101.664000	20250415101111.664000	10
20250415101111.664500	20250415101121.664500	10
20250415101121.665000	20250415101131.665000	10
20250415101131.665500	20250415101141.665500	10
20250415101141.666000	20250415101151.666000	10
20250415101151.666500	20250415101201.666500	10
20250415101201.667000	20250415101211.667000	10
20250415101211.667500	20250415101221.667500	10
20250415101221.668000	20250415101231.668000	10
20250415101231.668500	20250415101241.668500	10
20250415101241.669000	20250415101251.669000	10
20250415101251.669500	20250415101301.669500	10
20250415101301.670000	20250415101311.670000	10
20250415101311.670500	20250415101321.670500	10
20250415101321.671000	20250415101331.671000	10
20250415101331.671500	20250415101341.671500	10
20250415101341.672000	20250415101351.672000	10
20250415101400.553500	20250415101410.553500	10
20250415101410.554000	20250415101420.554000	10
20250415101420.554500	20250415101430.554500	10
20250415101430.555000	20250415101440.555000	10
20250415101440.555500	20250415101450.555500	10
20250415101450.556000	20250415101500.556000	10
#
# END WINDOW LIST
#
